sept. 19 16:28:52 seshat kernel: Linux version 6.8.0-45-generic (buildd@lcy02-amd64-115) (x86_64-linux-gnu-gcc-13 (Ubuntu 13.2.0-23ubuntu4) 13.2.0, GNU ld (GNU Binutils for Ubuntu) 2.42) #45-Ubuntu SMP PREEMPT_DYNAMIC Fri Aug 30 12:02:04 UTC 2024 (Ubuntu 6.8.0-45.45-generic 6.8.12)
sept. 19 16:28:52 seshat kernel: Command line: BOOT_IMAGE=/vmlinuz-6.8.0-45-generic root=/dev/mapper/seshat--vg-root ro rootdelay=90
sept. 19 16:28:52 seshat kernel: KERNEL supported cpus:
sept. 19 16:28:52 seshat kernel:   Intel GenuineIntel
sept. 19 16:28:52 seshat kernel:   AMD AuthenticAMD
sept. 19 16:28:52 seshat kernel:   Hygon HygonGenuine
sept. 19 16:28:52 seshat kernel:   Centaur CentaurHauls
sept. 19 16:28:52 seshat kernel:   zhaoxin   Shanghai  
sept. 19 16:28:52 seshat kernel: BIOS-provided physical RAM map:
sept. 19 16:28:52 seshat kernel: BIOS-e820: [mem 0x0000000000000000-0x000000000009ffff] usable
sept. 19 16:28:52 seshat kernel: BIOS-e820: [mem 0x0000000000100000-0x000000007ed29fff] usable
sept. 19 16:28:52 seshat kernel: BIOS-e820: [mem 0x000000007ed2a000-0x000000007edeafff] reserved
sept. 19 16:28:52 seshat kernel: BIOS-e820: [mem 0x000000007edeb000-0x000000007f8eefff] usable
sept. 19 16:28:52 seshat kernel: BIOS-e820: [mem 0x000000007f8ef000-0x000000007fb6efff] reserved
sept. 19 16:28:52 seshat kernel: BIOS-e820: [mem 0x000000007fb6f000-0x000000007fb7efff] ACPI data
sept. 19 16:28:52 seshat kernel: BIOS-e820: [mem 0x000000007fb7f000-0x000000007fbfefff] ACPI NVS
sept. 19 16:28:52 seshat kernel: BIOS-e820: [mem 0x000000007fbff000-0x000000007ffdffff] usable
sept. 19 16:28:52 seshat kernel: BIOS-e820: [mem 0x000000007ffe0000-0x000000007fffffff] reserved
sept. 19 16:28:52 seshat kernel: BIOS-e820: [mem 0x00000000b0000000-0x00000000bfffffff] reserved
sept. 19 16:28:52 seshat kernel: BIOS-e820: [mem 0x00000000ffe00000-0x00000000ffffffff] reserved
sept. 19 16:28:52 seshat kernel: BIOS-e820: [mem 0x0000000100000000-0x000000013fffffff] usable
sept. 19 16:28:52 seshat kernel: NX (Execute Disable) protection: active
sept. 19 16:28:52 seshat kernel: APIC: Static calls initialized
sept. 19 16:28:52 seshat kernel: e820: update [mem 0x7e138018-0x7e141657] usable ==> usable
sept. 19 16:28:52 seshat kernel: e820: update [mem 0x7e138018-0x7e141657] usable ==> usable
sept. 19 16:28:52 seshat kernel: e820: update [mem 0x7e0fb018-0x7e137457] usable ==> usable
sept. 19 16:28:52 seshat kernel: e820: update [mem 0x7e0fb018-0x7e137457] usable ==> usable
sept. 19 16:28:52 seshat kernel: extended physical RAM map:
sept. 19 16:28:52 seshat kernel: reserve setup_data: [mem 0x0000000000000000-0x000000000009ffff] usable
sept. 19 16:28:52 seshat kernel: reserve setup_data: [mem 0x0000000000100000-0x000000007e0fb017] usable
sept. 19 16:28:52 seshat kernel: reserve setup_data: [mem 0x000000007e0fb018-0x000000007e137457] usable
sept. 19 16:28:52 seshat kernel: reserve setup_data: [mem 0x000000007e137458-0x000000007e138017] usable
sept. 19 16:28:52 seshat kernel: reserve setup_data: [mem 0x000000007e138018-0x000000007e141657] usable
sept. 19 16:28:52 seshat kernel: reserve setup_data: [mem 0x000000007e141658-0x000000007ed29fff] usable
sept. 19 16:28:52 seshat kernel: reserve setup_data: [mem 0x000000007ed2a000-0x000000007edeafff] reserved
sept. 19 16:28:52 seshat kernel: reserve setup_data: [mem 0x000000007edeb000-0x000000007f8eefff] usable
sept. 19 16:28:52 seshat kernel: reserve setup_data: [mem 0x000000007f8ef000-0x000000007fb6efff] reserved
sept. 19 16:28:52 seshat kernel: reserve setup_data: [mem 0x000000007fb6f000-0x000000007fb7efff] ACPI data
sept. 19 16:28:52 seshat kernel: reserve setup_data: [mem 0x000000007fb7f000-0x000000007fbfefff] ACPI NVS
sept. 19 16:28:52 seshat kernel: reserve setup_data: [mem 0x000000007fbff000-0x000000007ffdffff] usable
sept. 19 16:28:52 seshat kernel: reserve setup_data: [mem 0x000000007ffe0000-0x000000007fffffff] reserved
sept. 19 16:28:52 seshat kernel: reserve setup_data: [mem 0x00000000b0000000-0x00000000bfffffff] reserved
sept. 19 16:28:52 seshat kernel: reserve setup_data: [mem 0x00000000ffe00000-0x00000000ffffffff] reserved
sept. 19 16:28:52 seshat kernel: reserve setup_data: [mem 0x0000000100000000-0x000000013fffffff] usable
sept. 19 16:28:52 seshat kernel: efi: EFI v2.7 by EDK II
sept. 19 16:28:52 seshat kernel: efi: SMBIOS=0x7f91a000 ACPI=0x7fb7e000 ACPI 2.0=0x7fb7e014 MEMATTR=0x7e9e0198 MOKvar=0x7f918000 INITRD=0x7e9df718 
sept. 19 16:28:52 seshat kernel: efi: Remove mem145: MMIO range=[0xffe00000-0xffffffff] (2MB) from e820 map
sept. 19 16:28:52 seshat kernel: e820: remove [mem 0xffe00000-0xffffffff] reserved
sept. 19 16:28:52 seshat kernel: secureboot: Secure boot disabled
sept. 19 16:28:52 seshat kernel: SMBIOS 2.8 present.
sept. 19 16:28:52 seshat kernel: DMI: QEMU Standard PC (Q35 + ICH9, 2009), BIOS 0.0.0 02/06/2015
sept. 19 16:28:52 seshat kernel: Hypervisor detected: KVM
sept. 19 16:28:52 seshat kernel: kvm-clock: Using msrs 4b564d01 and 4b564d00
sept. 19 16:28:52 seshat kernel: kvm-clock: using sched offset of 10475071023 cycles
sept. 19 16:28:52 seshat kernel: clocksource: kvm-clock: mask: 0xffffffffffffffff max_cycles: 0x1cd42e4dffb, max_idle_ns: 881590591483 ns
sept. 19 16:28:52 seshat kernel: tsc: Detected 2194.848 MHz processor
sept. 19 16:28:52 seshat kernel: e820: update [mem 0x00000000-0x00000fff] usable ==> reserved
sept. 19 16:28:52 seshat kernel: e820: remove [mem 0x000a0000-0x000fffff] usable
sept. 19 16:28:52 seshat kernel: last_pfn = 0x140000 max_arch_pfn = 0x400000000
sept. 19 16:28:52 seshat kernel: MTRR map: 4 entries (2 fixed + 2 variable; max 18), built from 8 variable MTRRs
sept. 19 16:28:52 seshat kernel: x86/PAT: Configuration [0-7]: WB  WC  UC- UC  WB  WP  UC- WT  
sept. 19 16:28:52 seshat kernel: last_pfn = 0x7ffe0 max_arch_pfn = 0x400000000
sept. 19 16:28:52 seshat kernel: Using GB pages for direct mapping
sept. 19 16:28:52 seshat kernel: secureboot: Secure boot disabled
sept. 19 16:28:52 seshat kernel: RAMDISK: [mem 0x74aff000-0x79116fff]
sept. 19 16:28:52 seshat kernel: ACPI: Early table checksum verification disabled
sept. 19 16:28:52 seshat kernel: ACPI: RSDP 0x000000007FB7E014 000024 (v02 BOCHS )
sept. 19 16:28:52 seshat kernel: ACPI: XSDT 0x000000007FB7D0E8 00004C (v01 BOCHS  BXPCFACP 00000001      01000013)
sept. 19 16:28:52 seshat kernel: ACPI: FACP 0x000000007FB7A000 0000F4 (v03 BOCHS  BXPCFACP 00000001 BXPC 00000001)
sept. 19 16:28:52 seshat kernel: ACPI: DSDT 0x000000007FB7B000 001F7C (v01 BOCHS  BXPCDSDT 00000001 BXPC 00000001)
sept. 19 16:28:52 seshat kernel: ACPI: FACS 0x000000007FBDD000 000040
sept. 19 16:28:52 seshat kernel: ACPI: APIC 0x000000007FB79000 000090 (v01 BOCHS  BXPCAPIC 00000001 BXPC 00000001)
sept. 19 16:28:52 seshat kernel: ACPI: HPET 0x000000007FB78000 000038 (v01 BOCHS  BXPCHPET 00000001 BXPC 00000001)
sept. 19 16:28:52 seshat kernel: ACPI: MCFG 0x000000007FB77000 00003C (v01 BOCHS  BXPCMCFG 00000001 BXPC 00000001)
sept. 19 16:28:52 seshat kernel: ACPI: BGRT 0x000000007FB76000 000038 (v01 INTEL  EDK2     00000002      01000013)
sept. 19 16:28:52 seshat kernel: ACPI: Reserving FACP table memory at [mem 0x7fb7a000-0x7fb7a0f3]
sept. 19 16:28:52 seshat kernel: ACPI: Reserving DSDT table memory at [mem 0x7fb7b000-0x7fb7cf7b]
sept. 19 16:28:52 seshat kernel: ACPI: Reserving FACS table memory at [mem 0x7fbdd000-0x7fbdd03f]
sept. 19 16:28:52 seshat kernel: ACPI: Reserving APIC table memory at [mem 0x7fb79000-0x7fb7908f]
sept. 19 16:28:52 seshat kernel: ACPI: Reserving HPET table memory at [mem 0x7fb78000-0x7fb78037]
sept. 19 16:28:52 seshat kernel: ACPI: Reserving MCFG table memory at [mem 0x7fb77000-0x7fb7703b]
sept. 19 16:28:52 seshat kernel: ACPI: Reserving BGRT table memory at [mem 0x7fb76000-0x7fb76037]
sept. 19 16:28:52 seshat kernel: No NUMA configuration found
sept. 19 16:28:52 seshat kernel: Faking a node at [mem 0x0000000000000000-0x000000013fffffff]
sept. 19 16:28:52 seshat kernel: NODE_DATA(0) allocated [mem 0x13ffd3000-0x13fffdfff]
sept. 19 16:28:52 seshat kernel: Zone ranges:
sept. 19 16:28:52 seshat kernel:   DMA      [mem 0x0000000000001000-0x0000000000ffffff]
sept. 19 16:28:52 seshat kernel:   DMA32    [mem 0x0000000001000000-0x00000000ffffffff]
sept. 19 16:28:52 seshat kernel:   Normal   [mem 0x0000000100000000-0x000000013fffffff]
sept. 19 16:28:52 seshat kernel:   Device   empty
sept. 19 16:28:52 seshat kernel: Movable zone start for each node
sept. 19 16:28:52 seshat kernel: Early memory node ranges
sept. 19 16:28:52 seshat kernel:   node   0: [mem 0x0000000000001000-0x000000000009ffff]
sept. 19 16:28:52 seshat kernel:   node   0: [mem 0x0000000000100000-0x000000007ed29fff]
sept. 19 16:28:52 seshat kernel:   node   0: [mem 0x000000007edeb000-0x000000007f8eefff]
sept. 19 16:28:52 seshat kernel:   node   0: [mem 0x000000007fbff000-0x000000007ffdffff]
sept. 19 16:28:52 seshat kernel:   node   0: [mem 0x0000000100000000-0x000000013fffffff]
sept. 19 16:28:52 seshat kernel: Initmem setup node 0 [mem 0x0000000000001000-0x000000013fffffff]
sept. 19 16:28:52 seshat kernel: On node 0, zone DMA: 1 pages in unavailable ranges
sept. 19 16:28:52 seshat kernel: On node 0, zone DMA: 96 pages in unavailable ranges
sept. 19 16:28:52 seshat kernel: On node 0, zone DMA32: 193 pages in unavailable ranges
sept. 19 16:28:52 seshat kernel: On node 0, zone DMA32: 784 pages in unavailable ranges
sept. 19 16:28:52 seshat kernel: On node 0, zone Normal: 32 pages in unavailable ranges
sept. 19 16:28:52 seshat kernel: ACPI: PM-Timer IO Port: 0x608
sept. 19 16:28:52 seshat kernel: ACPI: LAPIC_NMI (acpi_id[0xff] dfl dfl lint[0x1])
sept. 19 16:28:52 seshat kernel: IOAPIC[0]: apic_id 0, version 17, address 0xfec00000, GSI 0-23
sept. 19 16:28:52 seshat kernel: ACPI: INT_SRC_OVR (bus 0 bus_irq 0 global_irq 2 dfl dfl)
sept. 19 16:28:52 seshat kernel: ACPI: INT_SRC_OVR (bus 0 bus_irq 5 global_irq 5 high level)
sept. 19 16:28:52 seshat kernel: ACPI: INT_SRC_OVR (bus 0 bus_irq 9 global_irq 9 high level)
sept. 19 16:28:52 seshat kernel: ACPI: INT_SRC_OVR (bus 0 bus_irq 10 global_irq 10 high level)
sept. 19 16:28:52 seshat kernel: ACPI: INT_SRC_OVR (bus 0 bus_irq 11 global_irq 11 high level)
sept. 19 16:28:52 seshat kernel: ACPI: Using ACPI (MADT) for SMP configuration information
sept. 19 16:28:52 seshat kernel: ACPI: HPET id: 0x8086a201 base: 0xfed00000
sept. 19 16:28:52 seshat kernel: e820: update [mem 0x7e142000-0x7e14afff] usable ==> reserved
sept. 19 16:28:52 seshat kernel: TSC deadline timer available
sept. 19 16:28:52 seshat kernel: smpboot: Allowing 4 CPUs, 0 hotplug CPUs
sept. 19 16:28:52 seshat kernel: kvm-guest: APIC: eoi() replaced with kvm_guest_apic_eoi_write()
sept. 19 16:28:52 seshat kernel: kvm-guest: KVM setup pv remote TLB flush
sept. 19 16:28:52 seshat kernel: PM: hibernation: Registered nosave memory: [mem 0x00000000-0x00000fff]
sept. 19 16:28:52 seshat kernel: PM: hibernation: Registered nosave memory: [mem 0x000a0000-0x000fffff]
sept. 19 16:28:52 seshat kernel: PM: hibernation: Registered nosave memory: [mem 0x7e0fb000-0x7e0fbfff]
sept. 19 16:28:52 seshat kernel: PM: hibernation: Registered nosave memory: [mem 0x7e137000-0x7e137fff]
sept. 19 16:28:52 seshat kernel: PM: hibernation: Registered nosave memory: [mem 0x7e138000-0x7e138fff]
sept. 19 16:28:52 seshat kernel: PM: hibernation: Registered nosave memory: [mem 0x7e141000-0x7e141fff]
sept. 19 16:28:52 seshat kernel: PM: hibernation: Registered nosave memory: [mem 0x7e142000-0x7e14afff]
sept. 19 16:28:52 seshat kernel: PM: hibernation: Registered nosave memory: [mem 0x7ed2a000-0x7edeafff]
sept. 19 16:28:52 seshat kernel: PM: hibernation: Registered nosave memory: [mem 0x7f8ef000-0x7fb6efff]
sept. 19 16:28:52 seshat kernel: PM: hibernation: Registered nosave memory: [mem 0x7fb6f000-0x7fb7efff]
sept. 19 16:28:52 seshat kernel: PM: hibernation: Registered nosave memory: [mem 0x7fb7f000-0x7fbfefff]
sept. 19 16:28:52 seshat kernel: PM: hibernation: Registered nosave memory: [mem 0x7ffe0000-0x7fffffff]
sept. 19 16:28:52 seshat kernel: PM: hibernation: Registered nosave memory: [mem 0x80000000-0xafffffff]
sept. 19 16:28:52 seshat kernel: PM: hibernation: Registered nosave memory: [mem 0xb0000000-0xbfffffff]
sept. 19 16:28:52 seshat kernel: PM: hibernation: Registered nosave memory: [mem 0xc0000000-0xffffffff]
sept. 19 16:28:52 seshat kernel: [mem 0xc0000000-0xffffffff] available for PCI devices
sept. 19 16:28:52 seshat kernel: Booting paravirtualized kernel on KVM
sept. 19 16:28:52 seshat kernel: clocksource: refined-jiffies: mask: 0xffffffff max_cycles: 0xffffffff, max_idle_ns: 1910969940391419 ns
sept. 19 16:28:52 seshat kernel: setup_percpu: NR_CPUS:8192 nr_cpumask_bits:4 nr_cpu_ids:4 nr_node_ids:1
sept. 19 16:28:52 seshat kernel: percpu: Embedded 86 pages/cpu s229376 r8192 d114688 u524288
sept. 19 16:28:52 seshat kernel: pcpu-alloc: s229376 r8192 d114688 u524288 alloc=1*2097152
sept. 19 16:28:52 seshat kernel: pcpu-alloc: [0] 0 1 2 3 
sept. 19 16:28:52 seshat kernel: kvm-guest: PV spinlocks enabled
sept. 19 16:28:52 seshat kernel: PV qspinlock hash table entries: 256 (order: 0, 4096 bytes, linear)
sept. 19 16:28:52 seshat kernel: Kernel command line: BOOT_IMAGE=/vmlinuz-6.8.0-45-generic root=/dev/mapper/seshat--vg-root ro rootdelay=90
sept. 19 16:28:52 seshat kernel: Unknown kernel command line parameters "BOOT_IMAGE=/vmlinuz-6.8.0-45-generic", will be passed to user space.
sept. 19 16:28:52 seshat kernel: random: crng init done
sept. 19 16:28:52 seshat kernel: Dentry cache hash table entries: 524288 (order: 10, 4194304 bytes, linear)
sept. 19 16:28:52 seshat kernel: Inode-cache hash table entries: 262144 (order: 9, 2097152 bytes, linear)
sept. 19 16:28:52 seshat kernel: Fallback order for Node 0: 0 
sept. 19 16:28:52 seshat kernel: Built 1 zonelists, mobility grouping on.  Total pages: 770877
sept. 19 16:28:52 seshat kernel: Policy zone: Normal
sept. 19 16:28:52 seshat kernel: mem auto-init: stack:all(zero), heap alloc:on, heap free:off
sept. 19 16:28:52 seshat kernel: software IO TLB: area num 4.
sept. 19 16:28:52 seshat kernel: Memory: 2854948K/3141304K available (22528K kernel code, 4442K rwdata, 14312K rodata, 4976K init, 4732K bss, 286096K reserved, 0K cma-reserved)
sept. 19 16:28:52 seshat kernel: SLUB: HWalign=64, Order=0-3, MinObjects=0, CPUs=4, Nodes=1
sept. 19 16:28:52 seshat kernel: Kernel/User page tables isolation: enabled
sept. 19 16:28:52 seshat kernel: ftrace: allocating 57892 entries in 227 pages
sept. 19 16:28:52 seshat kernel: ftrace: allocated 227 pages with 5 groups
sept. 19 16:28:52 seshat kernel: Dynamic Preempt: voluntary
sept. 19 16:28:52 seshat kernel: rcu: Preemptible hierarchical RCU implementation.
sept. 19 16:28:52 seshat kernel: rcu:         RCU restricting CPUs from NR_CPUS=8192 to nr_cpu_ids=4.
sept. 19 16:28:52 seshat kernel:         Trampoline variant of Tasks RCU enabled.
sept. 19 16:28:52 seshat kernel:         Rude variant of Tasks RCU enabled.
sept. 19 16:28:52 seshat kernel:         Tracing variant of Tasks RCU enabled.
sept. 19 16:28:52 seshat kernel: rcu: RCU calculated value of scheduler-enlistment delay is 100 jiffies.
sept. 19 16:28:52 seshat kernel: rcu: Adjusting geometry for rcu_fanout_leaf=16, nr_cpu_ids=4
sept. 19 16:28:52 seshat kernel: NR_IRQS: 524544, nr_irqs: 456, preallocated irqs: 16
sept. 19 16:28:52 seshat kernel: rcu: srcu_init: Setting srcu_struct sizes based on contention.
sept. 19 16:28:52 seshat kernel: Console: colour dummy device 80x25
sept. 19 16:28:52 seshat kernel: printk: legacy console [tty0] enabled
sept. 19 16:28:52 seshat kernel: ACPI: Core revision 20230628
sept. 19 16:28:52 seshat kernel: clocksource: hpet: mask: 0xffffffff max_cycles: 0xffffffff, max_idle_ns: 19112604467 ns
sept. 19 16:28:52 seshat kernel: APIC: Switch to symmetric I/O mode setup
sept. 19 16:28:52 seshat kernel: x2apic enabled
sept. 19 16:28:52 seshat kernel: APIC: Switched APIC routing to: physical x2apic
sept. 19 16:28:52 seshat kernel: kvm-guest: APIC: send_IPI_mask() replaced with kvm_send_ipi_mask()
sept. 19 16:28:52 seshat kernel: kvm-guest: APIC: send_IPI_mask_allbutself() replaced with kvm_send_ipi_mask_allbutself()
sept. 19 16:28:52 seshat kernel: kvm-guest: setup PV IPIs
sept. 19 16:28:52 seshat kernel: ..TIMER: vector=0x30 apic1=0 pin1=2 apic2=-1 pin2=-1
sept. 19 16:28:52 seshat kernel: clocksource: tsc-early: mask: 0xffffffffffffffff max_cycles: 0x1fa33006d59, max_idle_ns: 440795304862 ns
sept. 19 16:28:52 seshat kernel: Calibrating delay loop (skipped) preset value.. 4389.69 BogoMIPS (lpj=2194848)
sept. 19 16:28:52 seshat kernel: x86/cpu: User Mode Instruction Prevention (UMIP) activated
sept. 19 16:28:52 seshat kernel: Last level iTLB entries: 4KB 0, 2MB 0, 4MB 0
sept. 19 16:28:52 seshat kernel: Last level dTLB entries: 4KB 0, 2MB 0, 4MB 0, 1GB 0
sept. 19 16:28:52 seshat kernel: Spectre V1 : Mitigation: usercopy/swapgs barriers and __user pointer sanitization
sept. 19 16:28:52 seshat kernel: Spectre V2 : Spectre BHI mitigation: SW BHB clearing on vm exit
sept. 19 16:28:52 seshat kernel: Spectre V2 : Spectre BHI mitigation: SW BHB clearing on syscall
sept. 19 16:28:52 seshat kernel: Spectre V2 : Mitigation: IBRS
sept. 19 16:28:52 seshat kernel: Spectre V2 : Spectre v2 / SpectreRSB mitigation: Filling RSB on context switch
sept. 19 16:28:52 seshat kernel: Spectre V2 : Spectre v2 / SpectreRSB : Filling RSB on VMEXIT
sept. 19 16:28:52 seshat kernel: RETBleed: Mitigation: IBRS
sept. 19 16:28:52 seshat kernel: Spectre V2 : mitigation: Enabling conditional Indirect Branch Prediction Barrier
sept. 19 16:28:52 seshat kernel: Speculative Store Bypass: Mitigation: Speculative Store Bypass disabled via prctl
sept. 19 16:28:52 seshat kernel: MDS: Mitigation: Clear CPU buffers
sept. 19 16:28:52 seshat kernel: MMIO Stale Data: Vulnerable: Clear CPU buffers attempted, no microcode
sept. 19 16:28:52 seshat kernel: GDS: Unknown: Dependent on hypervisor status
sept. 19 16:28:52 seshat kernel: x86/fpu: Supporting XSAVE feature 0x001: 'x87 floating point registers'
sept. 19 16:28:52 seshat kernel: x86/fpu: Supporting XSAVE feature 0x002: 'SSE registers'
sept. 19 16:28:52 seshat kernel: x86/fpu: Supporting XSAVE feature 0x004: 'AVX registers'
sept. 19 16:28:52 seshat kernel: x86/fpu: Supporting XSAVE feature 0x008: 'MPX bounds registers'
sept. 19 16:28:52 seshat kernel: x86/fpu: Supporting XSAVE feature 0x010: 'MPX CSR'
sept. 19 16:28:52 seshat kernel: x86/fpu: Supporting XSAVE feature 0x020: 'AVX-512 opmask'
sept. 19 16:28:52 seshat kernel: x86/fpu: Supporting XSAVE feature 0x040: 'AVX-512 Hi256'
sept. 19 16:28:52 seshat kernel: x86/fpu: Supporting XSAVE feature 0x080: 'AVX-512 ZMM_Hi256'
sept. 19 16:28:52 seshat kernel: x86/fpu: Supporting XSAVE feature 0x200: 'Protection Keys User registers'
sept. 19 16:28:52 seshat kernel: x86/fpu: xstate_offset[2]:  576, xstate_sizes[2]:  256
sept. 19 16:28:52 seshat kernel: x86/fpu: xstate_offset[3]:  832, xstate_sizes[3]:   64
sept. 19 16:28:52 seshat kernel: x86/fpu: xstate_offset[4]:  896, xstate_sizes[4]:   64
sept. 19 16:28:52 seshat kernel: x86/fpu: xstate_offset[5]:  960, xstate_sizes[5]:   64
sept. 19 16:28:52 seshat kernel: x86/fpu: xstate_offset[6]: 1024, xstate_sizes[6]:  512
sept. 19 16:28:52 seshat kernel: x86/fpu: xstate_offset[7]: 1536, xstate_sizes[7]: 1024
sept. 19 16:28:52 seshat kernel: x86/fpu: xstate_offset[9]: 2560, xstate_sizes[9]:    8
sept. 19 16:28:52 seshat kernel: x86/fpu: Enabled xstate features 0x2ff, context size is 2568 bytes, using 'compacted' format.
sept. 19 16:28:52 seshat kernel: Freeing SMP alternatives memory: 48K
sept. 19 16:28:52 seshat kernel: pid_max: default: 32768 minimum: 301
sept. 19 16:28:52 seshat kernel: LSM: initializing lsm=lockdown,capability,landlock,yama,apparmor,integrity
sept. 19 16:28:52 seshat kernel: landlock: Up and running.
sept. 19 16:28:52 seshat kernel: Yama: becoming mindful.
sept. 19 16:28:52 seshat kernel: AppArmor: AppArmor initialized
sept. 19 16:28:52 seshat kernel: Mount-cache hash table entries: 8192 (order: 4, 65536 bytes, linear)
sept. 19 16:28:52 seshat kernel: Mountpoint-cache hash table entries: 8192 (order: 4, 65536 bytes, linear)
sept. 19 16:28:52 seshat kernel: smpboot: CPU0: Intel(R) Xeon(R) Gold 5220 CPU @ 2.20GHz (family: 0x6, model: 0x55, stepping: 0x7)
sept. 19 16:28:52 seshat kernel: RCU Tasks: Setting shift to 2 and lim to 1 rcu_task_cb_adjust=1.
sept. 19 16:28:52 seshat kernel: RCU Tasks Rude: Setting shift to 2 and lim to 1 rcu_task_cb_adjust=1.
sept. 19 16:28:52 seshat kernel: RCU Tasks Trace: Setting shift to 2 and lim to 1 rcu_task_cb_adjust=1.
sept. 19 16:28:52 seshat kernel: Performance Events: Skylake events, Intel PMU driver.
sept. 19 16:28:52 seshat kernel: ... version:                2
sept. 19 16:28:52 seshat kernel: ... bit width:              48
sept. 19 16:28:52 seshat kernel: ... generic registers:      4
sept. 19 16:28:52 seshat kernel: ... value mask:             0000ffffffffffff
sept. 19 16:28:52 seshat kernel: ... max period:             000000007fffffff
sept. 19 16:28:52 seshat kernel: ... fixed-purpose events:   3
sept. 19 16:28:52 seshat kernel: ... event mask:             000000070000000f
sept. 19 16:28:52 seshat kernel: signal: max sigframe size: 3632
sept. 19 16:28:52 seshat kernel: rcu: Hierarchical SRCU implementation.
sept. 19 16:28:52 seshat kernel: rcu:         Max phase no-delay instances is 400.
sept. 19 16:28:52 seshat kernel: smp: Bringing up secondary CPUs ...
sept. 19 16:28:52 seshat kernel: smpboot: x86: Booting SMP configuration:
sept. 19 16:28:52 seshat kernel: .... node  #0, CPUs:      #1 #2 #3
sept. 19 16:28:52 seshat kernel: smpboot: CPU 1 Converting physical 0 to logical die 1
sept. 19 16:28:52 seshat kernel: smpboot: CPU 2 Converting physical 0 to logical die 2
sept. 19 16:28:52 seshat kernel: smpboot: CPU 3 Converting physical 0 to logical die 3
sept. 19 16:28:52 seshat kernel: smp: Brought up 1 node, 4 CPUs
sept. 19 16:28:52 seshat kernel: smpboot: Max logical packages: 4
sept. 19 16:28:52 seshat kernel: smpboot: Total of 4 processors activated (17558.78 BogoMIPS)
sept. 19 16:28:52 seshat kernel: devtmpfs: initialized
sept. 19 16:28:52 seshat kernel: x86/mm: Memory block size: 128MB
sept. 19 16:28:52 seshat kernel: ACPI: PM: Registering ACPI NVS region [mem 0x7fb7f000-0x7fbfefff] (524288 bytes)
sept. 19 16:28:52 seshat kernel: clocksource: jiffies: mask: 0xffffffff max_cycles: 0xffffffff, max_idle_ns: 1911260446275000 ns
sept. 19 16:28:52 seshat kernel: futex hash table entries: 1024 (order: 4, 65536 bytes, linear)
sept. 19 16:28:52 seshat kernel: pinctrl core: initialized pinctrl subsystem
sept. 19 16:28:52 seshat kernel: PM: RTC time: 16:28:49, date: 2024-09-19
sept. 19 16:28:52 seshat kernel: NET: Registered PF_NETLINK/PF_ROUTE protocol family
sept. 19 16:28:52 seshat kernel: DMA: preallocated 512 KiB GFP_KERNEL pool for atomic allocations
sept. 19 16:28:52 seshat kernel: DMA: preallocated 512 KiB GFP_KERNEL|GFP_DMA pool for atomic allocations
sept. 19 16:28:52 seshat kernel: DMA: preallocated 512 KiB GFP_KERNEL|GFP_DMA32 pool for atomic allocations
sept. 19 16:28:52 seshat kernel: audit: initializing netlink subsys (disabled)
sept. 19 16:28:52 seshat kernel: audit: type=2000 audit(1726763330.255:1): state=initialized audit_enabled=0 res=1
sept. 19 16:28:52 seshat kernel: thermal_sys: Registered thermal governor 'fair_share'
sept. 19 16:28:52 seshat kernel: thermal_sys: Registered thermal governor 'bang_bang'
sept. 19 16:28:52 seshat kernel: thermal_sys: Registered thermal governor 'step_wise'
sept. 19 16:28:52 seshat kernel: thermal_sys: Registered thermal governor 'user_space'
sept. 19 16:28:52 seshat kernel: thermal_sys: Registered thermal governor 'power_allocator'
sept. 19 16:28:52 seshat kernel: EISA bus registered
sept. 19 16:28:52 seshat kernel: cpuidle: using governor ladder
sept. 19 16:28:52 seshat kernel: cpuidle: using governor menu
sept. 19 16:28:52 seshat kernel: acpiphp: ACPI Hot Plug PCI Controller Driver version: 0.5
sept. 19 16:28:52 seshat kernel: PCI: ECAM [mem 0xb0000000-0xbfffffff] (base 0xb0000000) for domain 0000 [bus 00-ff]
sept. 19 16:28:52 seshat kernel: PCI: ECAM [mem 0xb0000000-0xbfffffff] reserved as E820 entry
sept. 19 16:28:52 seshat kernel: PCI: Using configuration type 1 for base access
sept. 19 16:28:52 seshat kernel: kprobes: kprobe jump-optimization is enabled. All kprobes are optimized if possible.
sept. 19 16:28:52 seshat kernel: HugeTLB: registered 1.00 GiB page size, pre-allocated 0 pages
sept. 19 16:28:52 seshat kernel: HugeTLB: 16380 KiB vmemmap can be freed for a 1.00 GiB page
sept. 19 16:28:52 seshat kernel: HugeTLB: registered 2.00 MiB page size, pre-allocated 0 pages
sept. 19 16:28:52 seshat kernel: HugeTLB: 28 KiB vmemmap can be freed for a 2.00 MiB page
sept. 19 16:28:52 seshat kernel: fbcon: Taking over console
sept. 19 16:28:52 seshat kernel: ACPI: Added _OSI(Module Device)
sept. 19 16:28:52 seshat kernel: ACPI: Added _OSI(Processor Device)
sept. 19 16:28:52 seshat kernel: ACPI: Added _OSI(3.0 _SCP Extensions)
sept. 19 16:28:52 seshat kernel: ACPI: Added _OSI(Processor Aggregator Device)
sept. 19 16:28:52 seshat kernel: ACPI: 1 ACPI AML tables successfully acquired and loaded
sept. 19 16:28:52 seshat kernel: ACPI: _OSC evaluation for CPUs failed, trying _PDC
sept. 19 16:28:52 seshat kernel: ACPI: Interpreter enabled
sept. 19 16:28:52 seshat kernel: ACPI: PM: (supports S0 S5)
sept. 19 16:28:52 seshat kernel: ACPI: Using IOAPIC for interrupt routing
sept. 19 16:28:52 seshat kernel: PCI: Using host bridge windows from ACPI; if necessary, use "pci=nocrs" and report a bug
sept. 19 16:28:52 seshat kernel: PCI: Using E820 reservations for host bridge windows
sept. 19 16:28:52 seshat kernel: ACPI: Enabled 1 GPEs in block 00 to 3F
sept. 19 16:28:52 seshat kernel: ACPI: PCI Root Bridge [PCI0] (domain 0000 [bus 00-ff])
sept. 19 16:28:52 seshat kernel: acpi PNP0A08:00: _OSC: OS supports [ExtendedConfig ASPM ClockPM Segments MSI EDR HPX-Type3]
sept. 19 16:28:52 seshat kernel: acpi PNP0A08:00: _OSC: platform does not support [LTR DPC]
sept. 19 16:28:52 seshat kernel: acpi PNP0A08:00: _OSC: OS now controls [PCIeHotplug SHPCHotplug PME AER PCIeCapability]
sept. 19 16:28:52 seshat kernel: PCI host bridge to bus 0000:00
sept. 19 16:28:52 seshat kernel: pci_bus 0000:00: root bus resource [io  0x0000-0x0cf7 window]
sept. 19 16:28:52 seshat kernel: pci_bus 0000:00: root bus resource [io  0x0d00-0xffff window]
sept. 19 16:28:52 seshat kernel: pci_bus 0000:00: root bus resource [mem 0x000a0000-0x000bffff window]
sept. 19 16:28:52 seshat kernel: pci_bus 0000:00: root bus resource [mem 0xc0000000-0xfebfffff window]
sept. 19 16:28:52 seshat kernel: pci_bus 0000:00: root bus resource [mem 0x800000000-0xfffffffff window]
sept. 19 16:28:52 seshat kernel: pci_bus 0000:00: root bus resource [bus 00-ff]
sept. 19 16:28:52 seshat kernel: pci 0000:00:00.0: [8086:29c0] type 00 class 0x060000 conventional PCI endpoint
sept. 19 16:28:52 seshat kernel: pci 0000:00:01.0: [1234:1111] type 00 class 0x030000 conventional PCI endpoint
sept. 19 16:28:52 seshat kernel: pci 0000:00:01.0: BAR 0 [mem 0xc0000000-0xc0ffffff pref]
sept. 19 16:28:52 seshat kernel: pci 0000:00:01.0: BAR 2 [mem 0xc1e48000-0xc1e48fff]
sept. 19 16:28:52 seshat kernel: pci 0000:00:01.0: ROM [mem 0xffff0000-0xffffffff pref]
sept. 19 16:28:52 seshat kernel: pci 0000:00:01.0: Video device with shadowed ROM at [mem 0x000c0000-0x000dffff]
sept. 19 16:28:52 seshat kernel: pci 0000:00:02.0: [1b36:000c] type 01 class 0x060400 PCIe Root Port
sept. 19 16:28:52 seshat kernel: pci 0000:00:02.0: BAR 0 [mem 0xc1e47000-0xc1e47fff]
sept. 19 16:28:52 seshat kernel: pci 0000:00:02.0: PCI bridge to [bus 01]
sept. 19 16:28:52 seshat kernel: pci 0000:00:02.0:   bridge window [io  0xc000-0xcfff]
sept. 19 16:28:52 seshat kernel: pci 0000:00:02.0:   bridge window [mem 0xc1c00000-0xc1dfffff]
sept. 19 16:28:52 seshat kernel: pci 0000:00:02.0:   bridge window [mem 0x800000000-0x8000fffff 64bit pref]
sept. 19 16:28:52 seshat kernel: pci 0000:00:02.1: [1b36:000c] type 01 class 0x060400 PCIe Root Port
sept. 19 16:28:52 seshat kernel: pci 0000:00:02.1: BAR 0 [mem 0xc1e46000-0xc1e46fff]
sept. 19 16:28:52 seshat kernel: pci 0000:00:02.1: PCI bridge to [bus 02]
sept. 19 16:28:52 seshat kernel: pci 0000:00:02.1:   bridge window [io  0xb000-0xbfff]
sept. 19 16:28:52 seshat kernel: pci 0000:00:02.1:   bridge window [mem 0xc1a00000-0xc1bfffff]
sept. 19 16:28:52 seshat kernel: pci 0000:00:02.1:   bridge window [mem 0x800100000-0x8001fffff 64bit pref]
sept. 19 16:28:52 seshat kernel: pci 0000:00:02.2: [1b36:000c] type 01 class 0x060400 PCIe Root Port
sept. 19 16:28:52 seshat kernel: pci 0000:00:02.2: BAR 0 [mem 0xc1e45000-0xc1e45fff]
sept. 19 16:28:52 seshat kernel: pci 0000:00:02.2: PCI bridge to [bus 03]
sept. 19 16:28:52 seshat kernel: pci 0000:00:02.2:   bridge window [io  0xa000-0xafff]
sept. 19 16:28:52 seshat kernel: pci 0000:00:02.2:   bridge window [mem 0xc1800000-0xc19fffff]
sept. 19 16:28:52 seshat kernel: pci 0000:00:02.2:   bridge window [mem 0x800200000-0x8002fffff 64bit pref]
sept. 19 16:28:52 seshat kernel: pci 0000:00:02.3: [1b36:000c] type 01 class 0x060400 PCIe Root Port
sept. 19 16:28:52 seshat kernel: pci 0000:00:02.3: BAR 0 [mem 0xc1e44000-0xc1e44fff]
sept. 19 16:28:52 seshat kernel: pci 0000:00:02.3: PCI bridge to [bus 04]
sept. 19 16:28:52 seshat kernel: pci 0000:00:02.3:   bridge window [io  0x9000-0x9fff]
sept. 19 16:28:52 seshat kernel: pci 0000:00:02.3:   bridge window [mem 0xc1600000-0xc17fffff]
sept. 19 16:28:52 seshat kernel: pci 0000:00:02.4: [1b36:000c] type 01 class 0x060400 PCIe Root Port
sept. 19 16:28:52 seshat kernel: pci 0000:00:02.4: BAR 0 [mem 0xc1e43000-0xc1e43fff]
sept. 19 16:28:52 seshat kernel: pci 0000:00:02.4: PCI bridge to [bus 05]
sept. 19 16:28:52 seshat kernel: pci 0000:00:02.4:   bridge window [io  0x8000-0x8fff]
sept. 19 16:28:52 seshat kernel: pci 0000:00:02.4:   bridge window [mem 0xc1400000-0xc15fffff]
sept. 19 16:28:52 seshat kernel: pci 0000:00:02.4:   bridge window [mem 0x800300000-0x8003fffff 64bit pref]
sept. 19 16:28:52 seshat kernel: pci 0000:00:02.5: [1b36:000c] type 01 class 0x060400 PCIe Root Port
sept. 19 16:28:52 seshat kernel: pci 0000:00:02.5: BAR 0 [mem 0xc1e42000-0xc1e42fff]
sept. 19 16:28:52 seshat kernel: pci 0000:00:02.5: PCI bridge to [bus 06]
sept. 19 16:28:52 seshat kernel: pci 0000:00:02.5:   bridge window [io  0x7000-0x7fff]
sept. 19 16:28:52 seshat kernel: pci 0000:00:02.5:   bridge window [mem 0xc1200000-0xc13fffff]
sept. 19 16:28:52 seshat kernel: pci 0000:00:02.5:   bridge window [mem 0x800400000-0x8004fffff 64bit pref]
sept. 19 16:28:52 seshat kernel: pci 0000:00:02.6: [1b36:000c] type 01 class 0x060400 PCIe Root Port
sept. 19 16:28:52 seshat kernel: pci 0000:00:02.6: BAR 0 [mem 0xc1e41000-0xc1e41fff]
sept. 19 16:28:52 seshat kernel: pci 0000:00:02.6: PCI bridge to [bus 07]
sept. 19 16:28:52 seshat kernel: pci 0000:00:02.6:   bridge window [io  0x6000-0x6fff]
sept. 19 16:28:52 seshat kernel: pci 0000:00:02.6:   bridge window [mem 0xc1000000-0xc11fffff]
sept. 19 16:28:52 seshat kernel: pci 0000:00:1f.0: [8086:2918] type 00 class 0x060100 conventional PCI endpoint
sept. 19 16:28:52 seshat kernel: pci 0000:00:1f.0: quirk: [io  0x0600-0x067f] claimed by ICH6 ACPI/GPIO/TCO
sept. 19 16:28:52 seshat kernel: pci 0000:00:1f.2: [8086:2922] type 00 class 0x010601 conventional PCI endpoint
sept. 19 16:28:52 seshat kernel: pci 0000:00:1f.2: BAR 4 [io  0xc240-0xc25f]
sept. 19 16:28:52 seshat kernel: pci 0000:00:1f.2: BAR 5 [mem 0xc1e40000-0xc1e40fff]
sept. 19 16:28:52 seshat kernel: pci 0000:00:1f.3: [8086:2930] type 00 class 0x0c0500 conventional PCI endpoint
sept. 19 16:28:52 seshat kernel: pci 0000:00:1f.3: BAR 4 [io  0xc200-0xc23f]
sept. 19 16:28:52 seshat kernel: pci 0000:01:00.0: [1af4:1049] type 00 class 0x000200 PCIe Endpoint
sept. 19 16:28:52 seshat kernel: pci 0000:01:00.0: BAR 1 [mem 0xc1c00000-0xc1c00fff]
sept. 19 16:28:52 seshat kernel: pci 0000:01:00.0: BAR 4 [mem 0x800000000-0x800003fff 64bit pref]
sept. 19 16:28:52 seshat kernel: pci 0000:00:02.0: PCI bridge to [bus 01]
sept. 19 16:28:52 seshat kernel: pci 0000:02:00.0: [1af4:1041] type 00 class 0x020000 PCIe Endpoint
sept. 19 16:28:52 seshat kernel: pci 0000:02:00.0: BAR 1 [mem 0xc1a00000-0xc1a00fff]
sept. 19 16:28:52 seshat kernel: pci 0000:02:00.0: BAR 4 [mem 0x800100000-0x800103fff 64bit pref]
sept. 19 16:28:52 seshat kernel: pci 0000:02:00.0: ROM [mem 0xfffc0000-0xffffffff pref]
sept. 19 16:28:52 seshat kernel: pci 0000:00:02.1: PCI bridge to [bus 02]
sept. 19 16:28:52 seshat kernel: pci 0000:03:00.0: [1af4:1048] type 00 class 0x010000 PCIe Endpoint
sept. 19 16:28:52 seshat kernel: pci 0000:03:00.0: BAR 1 [mem 0xc1800000-0xc1800fff]
sept. 19 16:28:52 seshat kernel: pci 0000:03:00.0: BAR 4 [mem 0x800200000-0x800203fff 64bit pref]
sept. 19 16:28:52 seshat kernel: pci 0000:00:02.2: PCI bridge to [bus 03]
sept. 19 16:28:52 seshat kernel: pci 0000:04:00.0: [1b36:000d] type 00 class 0x0c0330 PCIe Endpoint
sept. 19 16:28:52 seshat kernel: pci 0000:04:00.0: BAR 0 [mem 0xc1600000-0xc1603fff 64bit]
sept. 19 16:28:52 seshat kernel: pci 0000:00:02.3: PCI bridge to [bus 04]
sept. 19 16:28:52 seshat kernel: pci 0000:05:00.0: [1af4:1043] type 00 class 0x078000 PCIe Endpoint
sept. 19 16:28:52 seshat kernel: pci 0000:05:00.0: BAR 1 [mem 0xc1400000-0xc1400fff]
sept. 19 16:28:52 seshat kernel: pci 0000:05:00.0: BAR 4 [mem 0x800300000-0x800303fff 64bit pref]
sept. 19 16:28:52 seshat kernel: pci 0000:00:02.4: PCI bridge to [bus 05]
sept. 19 16:28:52 seshat kernel: pci 0000:06:00.0: [1af4:1045] type 00 class 0x00ff00 PCIe Endpoint
sept. 19 16:28:52 seshat kernel: pci 0000:06:00.0: BAR 4 [mem 0x800400000-0x800403fff 64bit pref]
sept. 19 16:28:52 seshat kernel: pci 0000:00:02.5: PCI bridge to [bus 06]
sept. 19 16:28:52 seshat kernel: pci 0000:00:02.6: PCI bridge to [bus 07]
sept. 19 16:28:52 seshat kernel: ACPI: PCI: Interrupt link LNKA configured for IRQ 10
sept. 19 16:28:52 seshat kernel: ACPI: PCI: Interrupt link LNKB configured for IRQ 10
sept. 19 16:28:52 seshat kernel: ACPI: PCI: Interrupt link LNKC configured for IRQ 11
sept. 19 16:28:52 seshat kernel: ACPI: PCI: Interrupt link LNKD configured for IRQ 11
sept. 19 16:28:52 seshat kernel: ACPI: PCI: Interrupt link LNKE configured for IRQ 10
sept. 19 16:28:52 seshat kernel: ACPI: PCI: Interrupt link LNKF configured for IRQ 10
sept. 19 16:28:52 seshat kernel: ACPI: PCI: Interrupt link LNKG configured for IRQ 11
sept. 19 16:28:52 seshat kernel: ACPI: PCI: Interrupt link LNKH configured for IRQ 11
sept. 19 16:28:52 seshat kernel: ACPI: PCI: Interrupt link GSIA configured for IRQ 16
sept. 19 16:28:52 seshat kernel: ACPI: PCI: Interrupt link GSIB configured for IRQ 17
sept. 19 16:28:52 seshat kernel: ACPI: PCI: Interrupt link GSIC configured for IRQ 18
sept. 19 16:28:52 seshat kernel: ACPI: PCI: Interrupt link GSID configured for IRQ 19
sept. 19 16:28:52 seshat kernel: ACPI: PCI: Interrupt link GSIE configured for IRQ 20
sept. 19 16:28:52 seshat kernel: ACPI: PCI: Interrupt link GSIF configured for IRQ 21
sept. 19 16:28:52 seshat kernel: ACPI: PCI: Interrupt link GSIG configured for IRQ 22
sept. 19 16:28:52 seshat kernel: ACPI: PCI: Interrupt link GSIH configured for IRQ 23
sept. 19 16:28:52 seshat kernel: iommu: Default domain type: Translated
sept. 19 16:28:52 seshat kernel: iommu: DMA domain TLB invalidation policy: lazy mode
sept. 19 16:28:52 seshat kernel: SCSI subsystem initialized
sept. 19 16:28:52 seshat kernel: libata version 3.00 loaded.
sept. 19 16:28:52 seshat kernel: ACPI: bus type USB registered
sept. 19 16:28:52 seshat kernel: usbcore: registered new interface driver usbfs
sept. 19 16:28:52 seshat kernel: usbcore: registered new interface driver hub
sept. 19 16:28:52 seshat kernel: usbcore: registered new device driver usb
sept. 19 16:28:52 seshat kernel: pps_core: LinuxPPS API ver. 1 registered
sept. 19 16:28:52 seshat kernel: pps_core: Software ver. 5.3.6 - Copyright 2005-2007 Rodolfo Giometti <giometti@linux.it>
sept. 19 16:28:52 seshat kernel: PTP clock support registered
sept. 19 16:28:52 seshat kernel: EDAC MC: Ver: 3.0.0
sept. 19 16:28:52 seshat kernel: efivars: Registered efivars operations
sept. 19 16:28:52 seshat kernel: NetLabel: Initializing
sept. 19 16:28:52 seshat kernel: NetLabel:  domain hash size = 128
sept. 19 16:28:52 seshat kernel: NetLabel:  protocols = UNLABELED CIPSOv4 CALIPSO
sept. 19 16:28:52 seshat kernel: NetLabel:  unlabeled traffic allowed by default
sept. 19 16:28:52 seshat kernel: mctp: management component transport protocol core
sept. 19 16:28:52 seshat kernel: NET: Registered PF_MCTP protocol family
sept. 19 16:28:52 seshat kernel: PCI: Using ACPI for IRQ routing
sept. 19 16:28:52 seshat kernel: PCI: pci_cache_line_size set to 64 bytes
sept. 19 16:28:52 seshat kernel: pci 0000:00:1f.2: BAR 4 [io  0xc240-0xc25f]: can't claim; address conflict with PCI Bus 0000:01 [io  0xc000-0xcfff]
sept. 19 16:28:52 seshat kernel: pci 0000:00:1f.3: BAR 4 [io  0xc200-0xc23f]: can't claim; address conflict with PCI Bus 0000:01 [io  0xc000-0xcfff]
sept. 19 16:28:52 seshat kernel: e820: reserve RAM buffer [mem 0x7e0fb018-0x7fffffff]
sept. 19 16:28:52 seshat kernel: e820: reserve RAM buffer [mem 0x7e138018-0x7fffffff]
sept. 19 16:28:52 seshat kernel: e820: reserve RAM buffer [mem 0x7e142000-0x7fffffff]
sept. 19 16:28:52 seshat kernel: e820: reserve RAM buffer [mem 0x7ed2a000-0x7fffffff]
sept. 19 16:28:52 seshat kernel: e820: reserve RAM buffer [mem 0x7f8ef000-0x7fffffff]
sept. 19 16:28:52 seshat kernel: e820: reserve RAM buffer [mem 0x7ffe0000-0x7fffffff]
sept. 19 16:28:52 seshat kernel: pci 0000:00:01.0: vgaarb: setting as boot VGA device
sept. 19 16:28:52 seshat kernel: pci 0000:00:01.0: vgaarb: bridge control possible
sept. 19 16:28:52 seshat kernel: pci 0000:00:01.0: vgaarb: VGA device added: decodes=io+mem,owns=io+mem,locks=none
sept. 19 16:28:52 seshat kernel: vgaarb: loaded
sept. 19 16:28:52 seshat kernel: hpet0: at MMIO 0xfed00000, IRQs 2, 8, 0
sept. 19 16:28:52 seshat kernel: hpet0: 3 comparators, 64-bit 100.000000 MHz counter
sept. 19 16:28:52 seshat kernel: clocksource: Switched to clocksource kvm-clock
sept. 19 16:28:52 seshat kernel: VFS: Disk quotas dquot_6.6.0
sept. 19 16:28:52 seshat kernel: VFS: Dquot-cache hash table entries: 512 (order 0, 4096 bytes)
sept. 19 16:28:52 seshat kernel: AppArmor: AppArmor Filesystem Enabled
sept. 19 16:28:52 seshat kernel: pnp: PnP ACPI init
sept. 19 16:28:52 seshat kernel: pnp: PnP ACPI: found 3 devices
sept. 19 16:28:52 seshat kernel: clocksource: acpi_pm: mask: 0xffffff max_cycles: 0xffffff, max_idle_ns: 2085701024 ns
sept. 19 16:28:52 seshat kernel: NET: Registered PF_INET protocol family
sept. 19 16:28:52 seshat kernel: IP idents hash table entries: 65536 (order: 7, 524288 bytes, linear)
sept. 19 16:28:52 seshat kernel: tcp_listen_portaddr_hash hash table entries: 2048 (order: 3, 32768 bytes, linear)
sept. 19 16:28:52 seshat kernel: Table-perturb hash table entries: 65536 (order: 6, 262144 bytes, linear)
sept. 19 16:28:52 seshat kernel: TCP established hash table entries: 32768 (order: 6, 262144 bytes, linear)
sept. 19 16:28:52 seshat kernel: TCP bind hash table entries: 32768 (order: 8, 1048576 bytes, linear)
sept. 19 16:28:52 seshat kernel: TCP: Hash tables configured (established 32768 bind 32768)
sept. 19 16:28:52 seshat kernel: MPTCP token hash table entries: 4096 (order: 4, 98304 bytes, linear)
sept. 19 16:28:52 seshat kernel: UDP hash table entries: 2048 (order: 4, 65536 bytes, linear)
sept. 19 16:28:52 seshat kernel: UDP-Lite hash table entries: 2048 (order: 4, 65536 bytes, linear)
sept. 19 16:28:52 seshat kernel: NET: Registered PF_UNIX/PF_LOCAL protocol family
sept. 19 16:28:52 seshat kernel: NET: Registered PF_XDP protocol family
sept. 19 16:28:52 seshat kernel: pci 0000:02:00.0: ROM [mem 0xfffc0000-0xffffffff pref]: can't claim; no compatible bridge window
sept. 19 16:28:52 seshat kernel: pci 0000:00:02.3: bridge window [mem 0x00100000-0x000fffff 64bit pref] to [bus 04] add_size 200000 add_align 100000
sept. 19 16:28:52 seshat kernel: pci 0000:00:02.6: bridge window [mem 0x00100000-0x000fffff 64bit pref] to [bus 07] add_size 200000 add_align 100000
sept. 19 16:28:52 seshat kernel: pci 0000:00:02.3: bridge window [mem 0x800500000-0x8006fffff 64bit pref]: assigned
sept. 19 16:28:52 seshat kernel: pci 0000:00:02.6: bridge window [mem 0x800700000-0x8008fffff 64bit pref]: assigned
sept. 19 16:28:52 seshat kernel: pci 0000:00:1f.3: BAR 4 [io  0x1000-0x103f]: assigned
sept. 19 16:28:52 seshat kernel: pci 0000:00:1f.2: BAR 4 [io  0x1040-0x105f]: assigned
sept. 19 16:28:52 seshat kernel: pci 0000:00:02.0: PCI bridge to [bus 01]
sept. 19 16:28:52 seshat kernel: pci 0000:00:02.0:   bridge window [io  0xc000-0xcfff]
sept. 19 16:28:52 seshat kernel: pci 0000:00:02.0:   bridge window [mem 0xc1c00000-0xc1dfffff]
sept. 19 16:28:52 seshat kernel: pci 0000:00:02.0:   bridge window [mem 0x800000000-0x8000fffff 64bit pref]
sept. 19 16:28:52 seshat kernel: pci 0000:02:00.0: ROM [mem 0xc1a40000-0xc1a7ffff pref]: assigned
sept. 19 16:28:52 seshat kernel: pci 0000:00:02.1: PCI bridge to [bus 02]
sept. 19 16:28:52 seshat kernel: pci 0000:00:02.1:   bridge window [io  0xb000-0xbfff]
sept. 19 16:28:52 seshat kernel: pci 0000:00:02.1:   bridge window [mem 0xc1a00000-0xc1bfffff]
sept. 19 16:28:52 seshat kernel: pci 0000:00:02.1:   bridge window [mem 0x800100000-0x8001fffff 64bit pref]
sept. 19 16:28:52 seshat kernel: pci 0000:00:02.2: PCI bridge to [bus 03]
sept. 19 16:28:52 seshat kernel: pci 0000:00:02.2:   bridge window [io  0xa000-0xafff]
sept. 19 16:28:52 seshat kernel: pci 0000:00:02.2:   bridge window [mem 0xc1800000-0xc19fffff]
sept. 19 16:28:52 seshat kernel: pci 0000:00:02.2:   bridge window [mem 0x800200000-0x8002fffff 64bit pref]
sept. 19 16:28:52 seshat kernel: pci 0000:00:02.3: PCI bridge to [bus 04]
sept. 19 16:28:52 seshat kernel: pci 0000:00:02.3:   bridge window [io  0x9000-0x9fff]
sept. 19 16:28:52 seshat kernel: pci 0000:00:02.3:   bridge window [mem 0xc1600000-0xc17fffff]
sept. 19 16:28:52 seshat kernel: pci 0000:00:02.3:   bridge window [mem 0x800500000-0x8006fffff 64bit pref]
sept. 19 16:28:52 seshat kernel: pci 0000:00:02.4: PCI bridge to [bus 05]
sept. 19 16:28:52 seshat kernel: pci 0000:00:02.4:   bridge window [io  0x8000-0x8fff]
sept. 19 16:28:52 seshat kernel: pci 0000:00:02.4:   bridge window [mem 0xc1400000-0xc15fffff]
sept. 19 16:28:52 seshat kernel: pci 0000:00:02.4:   bridge window [mem 0x800300000-0x8003fffff 64bit pref]
sept. 19 16:28:52 seshat kernel: pci 0000:00:02.5: PCI bridge to [bus 06]
sept. 19 16:28:52 seshat kernel: pci 0000:00:02.5:   bridge window [io  0x7000-0x7fff]
sept. 19 16:28:52 seshat kernel: pci 0000:00:02.5:   bridge window [mem 0xc1200000-0xc13fffff]
sept. 19 16:28:52 seshat kernel: pci 0000:00:02.5:   bridge window [mem 0x800400000-0x8004fffff 64bit pref]
sept. 19 16:28:52 seshat kernel: pci 0000:00:02.6: PCI bridge to [bus 07]
sept. 19 16:28:52 seshat kernel: pci 0000:00:02.6:   bridge window [io  0x6000-0x6fff]
sept. 19 16:28:52 seshat kernel: pci 0000:00:02.6:   bridge window [mem 0xc1000000-0xc11fffff]
sept. 19 16:28:52 seshat kernel: pci 0000:00:02.6:   bridge window [mem 0x800700000-0x8008fffff 64bit pref]
sept. 19 16:28:52 seshat kernel: pci_bus 0000:00: resource 4 [io  0x0000-0x0cf7 window]
sept. 19 16:28:52 seshat kernel: pci_bus 0000:00: resource 5 [io  0x0d00-0xffff window]
sept. 19 16:28:52 seshat kernel: pci_bus 0000:00: resource 6 [mem 0x000a0000-0x000bffff window]
sept. 19 16:28:52 seshat kernel: pci_bus 0000:00: resource 7 [mem 0xc0000000-0xfebfffff window]
sept. 19 16:28:52 seshat kernel: pci_bus 0000:00: resource 8 [mem 0x800000000-0xfffffffff window]
sept. 19 16:28:52 seshat kernel: pci_bus 0000:01: resource 0 [io  0xc000-0xcfff]
sept. 19 16:28:52 seshat kernel: pci_bus 0000:01: resource 1 [mem 0xc1c00000-0xc1dfffff]
sept. 19 16:28:52 seshat kernel: pci_bus 0000:01: resource 2 [mem 0x800000000-0x8000fffff 64bit pref]
sept. 19 16:28:52 seshat kernel: pci_bus 0000:02: resource 0 [io  0xb000-0xbfff]
sept. 19 16:28:52 seshat kernel: pci_bus 0000:02: resource 1 [mem 0xc1a00000-0xc1bfffff]
sept. 19 16:28:52 seshat kernel: pci_bus 0000:02: resource 2 [mem 0x800100000-0x8001fffff 64bit pref]
sept. 19 16:28:52 seshat kernel: pci_bus 0000:03: resource 0 [io  0xa000-0xafff]
sept. 19 16:28:52 seshat kernel: pci_bus 0000:03: resource 1 [mem 0xc1800000-0xc19fffff]
sept. 19 16:28:52 seshat kernel: pci_bus 0000:03: resource 2 [mem 0x800200000-0x8002fffff 64bit pref]
sept. 19 16:28:52 seshat kernel: pci_bus 0000:04: resource 0 [io  0x9000-0x9fff]
sept. 19 16:28:52 seshat kernel: pci_bus 0000:04: resource 1 [mem 0xc1600000-0xc17fffff]
sept. 19 16:28:52 seshat kernel: pci_bus 0000:04: resource 2 [mem 0x800500000-0x8006fffff 64bit pref]
sept. 19 16:28:52 seshat kernel: pci_bus 0000:05: resource 0 [io  0x8000-0x8fff]
sept. 19 16:28:52 seshat kernel: pci_bus 0000:05: resource 1 [mem 0xc1400000-0xc15fffff]
sept. 19 16:28:52 seshat kernel: pci_bus 0000:05: resource 2 [mem 0x800300000-0x8003fffff 64bit pref]
sept. 19 16:28:52 seshat kernel: pci_bus 0000:06: resource 0 [io  0x7000-0x7fff]
sept. 19 16:28:52 seshat kernel: pci_bus 0000:06: resource 1 [mem 0xc1200000-0xc13fffff]
sept. 19 16:28:52 seshat kernel: pci_bus 0000:06: resource 2 [mem 0x800400000-0x8004fffff 64bit pref]
sept. 19 16:28:52 seshat kernel: pci_bus 0000:07: resource 0 [io  0x6000-0x6fff]
sept. 19 16:28:52 seshat kernel: pci_bus 0000:07: resource 1 [mem 0xc1000000-0xc11fffff]
sept. 19 16:28:52 seshat kernel: pci_bus 0000:07: resource 2 [mem 0x800700000-0x8008fffff 64bit pref]
sept. 19 16:28:52 seshat kernel: ACPI: \_SB_.GSIG: Enabled at IRQ 22
sept. 19 16:28:52 seshat kernel: PCI: CLS 0 bytes, default 64
sept. 19 16:28:52 seshat kernel: PCI-DMA: Using software bounce buffering for IO (SWIOTLB)
sept. 19 16:28:52 seshat kernel: software IO TLB: mapped [mem 0x0000000070aff000-0x0000000074aff000] (64MB)
sept. 19 16:28:52 seshat kernel: clocksource: tsc: mask: 0xffffffffffffffff max_cycles: 0x1fa33006d59, max_idle_ns: 440795304862 ns
sept. 19 16:28:52 seshat kernel: Trying to unpack rootfs image as initramfs...
sept. 19 16:28:52 seshat kernel: Initialise system trusted keyrings
sept. 19 16:28:52 seshat kernel: Key type blacklist registered
sept. 19 16:28:52 seshat kernel: workingset: timestamp_bits=36 max_order=20 bucket_order=0
sept. 19 16:28:52 seshat kernel: zbud: loaded
sept. 19 16:28:52 seshat kernel: squashfs: version 4.0 (2009/01/31) Phillip Lougher
sept. 19 16:28:52 seshat kernel: fuse: init (API version 7.39)
sept. 19 16:28:52 seshat kernel: integrity: Platform Keyring initialized
sept. 19 16:28:52 seshat kernel: integrity: Machine keyring initialized
sept. 19 16:28:52 seshat kernel: Key type asymmetric registered
sept. 19 16:28:52 seshat kernel: Asymmetric key parser 'x509' registered
sept. 19 16:28:52 seshat kernel: Block layer SCSI generic (bsg) driver version 0.4 loaded (major 243)
sept. 19 16:28:52 seshat kernel: io scheduler mq-deadline registered
sept. 19 16:28:52 seshat kernel: pcieport 0000:00:02.0: PME: Signaling with IRQ 24
sept. 19 16:28:52 seshat kernel: pcieport 0000:00:02.0: AER: enabled with IRQ 24
sept. 19 16:28:52 seshat kernel: pcieport 0000:00:02.0: pciehp: Slot #0 AttnBtn+ PwrCtrl+ MRL- AttnInd+ PwrInd+ HotPlug+ Surprise+ Interlock+ NoCompl- IbPresDis- LLActRep-
sept. 19 16:28:52 seshat kernel: pcieport 0000:00:02.1: PME: Signaling with IRQ 25
sept. 19 16:28:52 seshat kernel: pcieport 0000:00:02.1: AER: enabled with IRQ 25
sept. 19 16:28:52 seshat kernel: pcieport 0000:00:02.1: pciehp: Slot #0 AttnBtn+ PwrCtrl+ MRL- AttnInd+ PwrInd+ HotPlug+ Surprise+ Interlock+ NoCompl- IbPresDis- LLActRep-
sept. 19 16:28:52 seshat kernel: pcieport 0000:00:02.2: PME: Signaling with IRQ 26
sept. 19 16:28:52 seshat kernel: pcieport 0000:00:02.2: AER: enabled with IRQ 26
sept. 19 16:28:52 seshat kernel: pcieport 0000:00:02.2: pciehp: Slot #0 AttnBtn+ PwrCtrl+ MRL- AttnInd+ PwrInd+ HotPlug+ Surprise+ Interlock+ NoCompl- IbPresDis- LLActRep-
sept. 19 16:28:52 seshat kernel: pcieport 0000:00:02.3: PME: Signaling with IRQ 27
sept. 19 16:28:52 seshat kernel: pcieport 0000:00:02.3: AER: enabled with IRQ 27
sept. 19 16:28:52 seshat kernel: pcieport 0000:00:02.3: pciehp: Slot #0 AttnBtn+ PwrCtrl+ MRL- AttnInd+ PwrInd+ HotPlug+ Surprise+ Interlock+ NoCompl- IbPresDis- LLActRep-
sept. 19 16:28:52 seshat kernel: pcieport 0000:00:02.4: PME: Signaling with IRQ 28
sept. 19 16:28:52 seshat kernel: pcieport 0000:00:02.4: AER: enabled with IRQ 28
sept. 19 16:28:52 seshat kernel: pcieport 0000:00:02.4: pciehp: Slot #0 AttnBtn+ PwrCtrl+ MRL- AttnInd+ PwrInd+ HotPlug+ Surprise+ Interlock+ NoCompl- IbPresDis- LLActRep-
sept. 19 16:28:52 seshat kernel: pcieport 0000:00:02.5: PME: Signaling with IRQ 29
sept. 19 16:28:52 seshat kernel: pcieport 0000:00:02.5: AER: enabled with IRQ 29
sept. 19 16:28:52 seshat kernel: pcieport 0000:00:02.5: pciehp: Slot #0 AttnBtn+ PwrCtrl+ MRL- AttnInd+ PwrInd+ HotPlug+ Surprise+ Interlock+ NoCompl- IbPresDis- LLActRep-
sept. 19 16:28:52 seshat kernel: pcieport 0000:00:02.6: PME: Signaling with IRQ 30
sept. 19 16:28:52 seshat kernel: pcieport 0000:00:02.6: AER: enabled with IRQ 30
sept. 19 16:28:52 seshat kernel: pcieport 0000:00:02.6: pciehp: Slot #0 AttnBtn+ PwrCtrl+ MRL- AttnInd+ PwrInd+ HotPlug+ Surprise+ Interlock+ NoCompl- IbPresDis- LLActRep-
sept. 19 16:28:52 seshat kernel: pcieport 0000:00:02.6: pciehp: Slot(0-6): Link Up
sept. 19 16:28:52 seshat kernel: shpchp: Standard Hot Plug PCI Controller Driver version: 0.4
sept. 19 16:28:52 seshat kernel: input: Power Button as /devices/LNXSYSTM:00/LNXPWRBN:00/input/input0
sept. 19 16:28:52 seshat kernel: ACPI: button: Power Button [PWRF]
sept. 19 16:28:52 seshat kernel: Serial: 8250/16550 driver, 32 ports, IRQ sharing enabled
sept. 19 16:28:52 seshat kernel: Linux agpgart interface v0.103
sept. 19 16:28:52 seshat kernel: loop: module loaded
sept. 19 16:28:52 seshat kernel: virtio_scsi virtio2: 4/0/0 default/read/poll queues
sept. 19 16:28:52 seshat kernel: scsi host0: Virtio SCSI HBA
sept. 19 16:28:52 seshat kernel: ACPI: bus type drm_connector registered
sept. 19 16:28:52 seshat kernel: scsi 0:0:0:0: Direct-Access     QEMU     QEMU HARDDISK    2.5+ PQ: 0 ANSI: 5
sept. 19 16:28:52 seshat kernel: tun: Universal TUN/TAP device driver, 1.6
sept. 19 16:28:52 seshat kernel: PPP generic driver version 2.4.2
sept. 19 16:28:52 seshat kernel: i8042: PNP: PS/2 Controller [PNP0303:KBD,PNP0f13:MOU] at 0x60,0x64 irq 1,12
sept. 19 16:28:52 seshat kernel: serio: i8042 KBD port at 0x60,0x64 irq 1
sept. 19 16:28:52 seshat kernel: serio: i8042 AUX port at 0x60,0x64 irq 12
sept. 19 16:28:52 seshat kernel: mousedev: PS/2 mouse device common for all mice
sept. 19 16:28:52 seshat kernel: input: AT Translated Set 2 keyboard as /devices/platform/i8042/serio0/input/input1
sept. 19 16:28:52 seshat kernel: rtc_cmos 00:00: RTC can wake from S4
sept. 19 16:28:52 seshat kernel: rtc_cmos 00:00: registered as rtc0
sept. 19 16:28:52 seshat kernel: rtc_cmos 00:00: setting system clock to 2024-09-19T16:28:50 UTC (1726763330)
sept. 19 16:28:52 seshat kernel: rtc_cmos 00:00: alarms up to one day, y3k, 114 bytes nvram
sept. 19 16:28:52 seshat kernel: i2c_dev: i2c /dev entries driver
sept. 19 16:28:52 seshat kernel: device-mapper: core: CONFIG_IMA_DISABLE_HTABLE is disabled. Duplicate IMA measurements will not be recorded in the IMA log.
sept. 19 16:28:52 seshat kernel: device-mapper: uevent: version 1.0.3
sept. 19 16:28:52 seshat kernel: device-mapper: ioctl: 4.48.0-ioctl (2023-03-01) initialised: dm-devel@redhat.com
sept. 19 16:28:52 seshat kernel: platform eisa.0: Probing EISA bus 0
sept. 19 16:28:52 seshat kernel: platform eisa.0: EISA: Cannot allocate resource for mainboard
sept. 19 16:28:52 seshat kernel: platform eisa.0: Cannot allocate resource for EISA slot 1
sept. 19 16:28:52 seshat kernel: platform eisa.0: Cannot allocate resource for EISA slot 2
sept. 19 16:28:52 seshat kernel: platform eisa.0: Cannot allocate resource for EISA slot 3
sept. 19 16:28:52 seshat kernel: platform eisa.0: Cannot allocate resource for EISA slot 4
sept. 19 16:28:52 seshat kernel: platform eisa.0: Cannot allocate resource for EISA slot 5
sept. 19 16:28:52 seshat kernel: platform eisa.0: Cannot allocate resource for EISA slot 6
sept. 19 16:28:52 seshat kernel: platform eisa.0: Cannot allocate resource for EISA slot 7
sept. 19 16:28:52 seshat kernel: platform eisa.0: Cannot allocate resource for EISA slot 8
sept. 19 16:28:52 seshat kernel: platform eisa.0: EISA: Detected 0 cards
sept. 19 16:28:52 seshat kernel: intel_pstate: CPU model not supported
sept. 19 16:28:52 seshat kernel: ledtrig-cpu: registered to indicate activity on CPUs
sept. 19 16:28:52 seshat kernel: [drm] Initialized simpledrm 1.0.0 20200625 for simple-framebuffer.0 on minor 0
sept. 19 16:28:52 seshat kernel: Console: switching to colour frame buffer device 100x37
sept. 19 16:28:52 seshat kernel: simple-framebuffer simple-framebuffer.0: [drm] fb0: simpledrmdrmfb frame buffer device
sept. 19 16:28:52 seshat kernel: drop_monitor: Initializing network drop monitor service
sept. 19 16:28:52 seshat kernel: NET: Registered PF_INET6 protocol family
sept. 19 16:28:52 seshat kernel: sd 0:0:0:0: Attached scsi generic sg0 type 0
sept. 19 16:28:52 seshat kernel: sd 0:0:0:0: Power-on or device reset occurred
sept. 19 16:28:52 seshat kernel: sd 0:0:0:0: [sda] 104857600 512-byte logical blocks: (53.7 GB/50.0 GiB)
sept. 19 16:28:52 seshat kernel: sd 0:0:0:0: [sda] Write Protect is off
sept. 19 16:28:52 seshat kernel: sd 0:0:0:0: [sda] Mode Sense: 63 00 00 08
sept. 19 16:28:52 seshat kernel: sd 0:0:0:0: [sda] Write cache: enabled, read cache: enabled, doesn't support DPO or FUA
sept. 19 16:28:52 seshat kernel:  sda: sda1 sda2 sda3 sda4
sept. 19 16:28:52 seshat kernel: sd 0:0:0:0: [sda] Attached SCSI disk
sept. 19 16:28:52 seshat kernel: Freeing initrd memory: 71776K
sept. 19 16:28:52 seshat kernel: Segment Routing with IPv6
sept. 19 16:28:52 seshat kernel: In-situ OAM (IOAM) with IPv6
sept. 19 16:28:52 seshat kernel: NET: Registered PF_PACKET protocol family
sept. 19 16:28:52 seshat kernel: Key type dns_resolver registered
sept. 19 16:28:52 seshat kernel: No MBM correction factor available
sept. 19 16:28:52 seshat kernel: IPI shorthand broadcast: enabled
sept. 19 16:28:52 seshat kernel: sched_clock: Marking stable (742004346, 1278851)->(806428494, -63145297)
sept. 19 16:28:52 seshat kernel: registered taskstats version 1
sept. 19 16:28:52 seshat kernel: Loading compiled-in X.509 certificates
sept. 19 16:28:52 seshat kernel: Loaded X.509 cert 'Build time autogenerated kernel key: 7e025e0cbc510606ab90d1bfb5b71bc9263fcc8e'
sept. 19 16:28:52 seshat kernel: Loaded X.509 cert 'Canonical Ltd. Live Patch Signing: 14df34d1a87cf37625abec039ef2bf521249b969'
sept. 19 16:28:52 seshat kernel: Loaded X.509 cert 'Canonical Ltd. Kernel Module Signing: 88f752e560a1e0737e31163a466ad7b70a850c19'
sept. 19 16:28:52 seshat kernel: blacklist: Loading compiled-in revocation X.509 certificates
sept. 19 16:28:52 seshat kernel: Loaded X.509 cert 'Canonical Ltd. Secure Boot Signing: 61482aa2830d0ab2ad5af10b7250da9033ddcef0'
sept. 19 16:28:52 seshat kernel: Loaded X.509 cert 'Canonical Ltd. Secure Boot Signing (2017): 242ade75ac4a15e50d50c84b0d45ff3eae707a03'
sept. 19 16:28:52 seshat kernel: Loaded X.509 cert 'Canonical Ltd. Secure Boot Signing (ESM 2018): 365188c1d374d6b07c3c8f240f8ef722433d6a8b'
sept. 19 16:28:52 seshat kernel: Loaded X.509 cert 'Canonical Ltd. Secure Boot Signing (2019): c0746fd6c5da3ae827864651ad66ae47fe24b3e8'
sept. 19 16:28:52 seshat kernel: Loaded X.509 cert 'Canonical Ltd. Secure Boot Signing (2021 v1): a8d54bbb3825cfb94fa13c9f8a594a195c107b8d'
sept. 19 16:28:52 seshat kernel: Loaded X.509 cert 'Canonical Ltd. Secure Boot Signing (2021 v2): 4cf046892d6fd3c9a5b03f98d845f90851dc6a8c'
sept. 19 16:28:52 seshat kernel: Loaded X.509 cert 'Canonical Ltd. Secure Boot Signing (2021 v3): 100437bb6de6e469b581e61cd66bce3ef4ed53af'
sept. 19 16:28:52 seshat kernel: Loaded X.509 cert 'Canonical Ltd. Secure Boot Signing (Ubuntu Core 2019): c1d57b8f6b743f23ee41f4f7ee292f06eecadfb9'
sept. 19 16:28:52 seshat kernel: Key type .fscrypt registered
sept. 19 16:28:52 seshat kernel: Key type fscrypt-provisioning registered
sept. 19 16:28:52 seshat kernel: cryptd: max_cpu_qlen set to 1000
sept. 19 16:28:52 seshat kernel: AVX2 version of gcm_enc/dec engaged.
sept. 19 16:28:52 seshat kernel: AES CTR mode by8 optimization enabled
sept. 19 16:28:52 seshat kernel: Key type encrypted registered
sept. 19 16:28:52 seshat kernel: AppArmor: AppArmor sha256 policy hashing enabled
sept. 19 16:28:52 seshat kernel: ima: No TPM chip found, activating TPM-bypass!
sept. 19 16:28:52 seshat kernel: Loading compiled-in module X.509 certificates
sept. 19 16:28:52 seshat kernel: Loaded X.509 cert 'Build time autogenerated kernel key: 7e025e0cbc510606ab90d1bfb5b71bc9263fcc8e'
sept. 19 16:28:52 seshat kernel: ima: Allocated hash algorithm: sha256
sept. 19 16:28:52 seshat kernel: ima: No architecture policies found
sept. 19 16:28:52 seshat kernel: evm: Initialising EVM extended attributes:
sept. 19 16:28:52 seshat kernel: evm: security.selinux
sept. 19 16:28:52 seshat kernel: evm: security.SMACK64
sept. 19 16:28:52 seshat kernel: evm: security.SMACK64EXEC
sept. 19 16:28:52 seshat kernel: evm: security.SMACK64TRANSMUTE
sept. 19 16:28:52 seshat kernel: evm: security.SMACK64MMAP
sept. 19 16:28:52 seshat kernel: evm: security.apparmor
sept. 19 16:28:52 seshat kernel: evm: security.ima
sept. 19 16:28:52 seshat kernel: evm: security.capability
sept. 19 16:28:52 seshat kernel: evm: HMAC attrs: 0x1
sept. 19 16:28:52 seshat kernel: PM:   Magic number: 8:71:490
sept. 19 16:28:52 seshat kernel: acpi PNP0F13:00: hash matches
sept. 19 16:28:52 seshat kernel: RAS: Correctable Errors collector initialized.
sept. 19 16:28:52 seshat kernel: clk: Disabling unused clocks
sept. 19 16:28:52 seshat kernel: Freeing unused decrypted memory: 2028K
sept. 19 16:28:52 seshat kernel: Freeing unused kernel image (initmem) memory: 4976K
sept. 19 16:28:52 seshat kernel: Write protecting the kernel read-only data: 36864k
sept. 19 16:28:52 seshat kernel: Freeing unused kernel image (rodata/data gap) memory: 24K
sept. 19 16:28:52 seshat kernel: x86/mm: Checked W+X mappings: passed, no W+X pages found.
sept. 19 16:28:52 seshat kernel: x86/mm: Checking user space page tables
sept. 19 16:28:52 seshat kernel: x86/mm: Checked W+X mappings: passed, no W+X pages found.
sept. 19 16:28:52 seshat kernel: Run /init as init process
sept. 19 16:28:52 seshat kernel:   with arguments:
sept. 19 16:28:52 seshat kernel:     /init
sept. 19 16:28:52 seshat kernel:   with environment:
sept. 19 16:28:52 seshat kernel:     HOME=/
sept. 19 16:28:52 seshat kernel:     TERM=linux
sept. 19 16:28:52 seshat kernel:     BOOT_IMAGE=/vmlinuz-6.8.0-45-generic
sept. 19 16:28:52 seshat kernel: virtio_net virtio1 enp2s0: renamed from eth0
sept. 19 16:28:52 seshat kernel: xhci_hcd 0000:04:00.0: xHCI Host Controller
sept. 19 16:28:52 seshat kernel: xhci_hcd 0000:04:00.0: new USB bus registered, assigned bus number 1
sept. 19 16:28:52 seshat kernel: ahci 0000:00:1f.2: version 3.0
sept. 19 16:28:52 seshat kernel: ACPI: \_SB_.GSIA: Enabled at IRQ 16
sept. 19 16:28:52 seshat kernel: xhci_hcd 0000:04:00.0: hcc params 0x00087001 hci version 0x100 quirks 0x0000000000000010
sept. 19 16:28:52 seshat kernel: ahci 0000:00:1f.2: AHCI 0001.0000 32 slots 6 ports 1.5 Gbps 0x3f impl SATA mode
sept. 19 16:28:52 seshat kernel: ahci 0000:00:1f.2: flags: 64bit ncq only 
sept. 19 16:28:52 seshat kernel: Console: switching to colour dummy device 80x25
sept. 19 16:28:52 seshat kernel: xhci_hcd 0000:04:00.0: xHCI Host Controller
sept. 19 16:28:52 seshat kernel: xhci_hcd 0000:04:00.0: new USB bus registered, assigned bus number 2
sept. 19 16:28:52 seshat kernel: xhci_hcd 0000:04:00.0: Host supports USB 3.0 SuperSpeed
sept. 19 16:28:52 seshat kernel: usb usb1: New USB device found, idVendor=1d6b, idProduct=0002, bcdDevice= 6.08
sept. 19 16:28:52 seshat kernel: usb usb1: New USB device strings: Mfr=3, Product=2, SerialNumber=1
sept. 19 16:28:52 seshat kernel: usb usb1: Product: xHCI Host Controller
sept. 19 16:28:52 seshat kernel: usb usb1: Manufacturer: Linux 6.8.0-45-generic xhci-hcd
sept. 19 16:28:52 seshat kernel: usb usb1: SerialNumber: 0000:04:00.0
sept. 19 16:28:52 seshat kernel: hub 1-0:1.0: USB hub found
sept. 19 16:28:52 seshat kernel: hub 1-0:1.0: 4 ports detected
sept. 19 16:28:52 seshat kernel: input: VirtualPS/2 VMware VMMouse as /devices/platform/i8042/serio1/input/input4
sept. 19 16:28:52 seshat kernel: usb usb2: We don't know the algorithms for LPM for this host, disabling LPM.
sept. 19 16:28:52 seshat kernel: usb usb2: New USB device found, idVendor=1d6b, idProduct=0003, bcdDevice= 6.08
sept. 19 16:28:52 seshat kernel: usb usb2: New USB device strings: Mfr=3, Product=2, SerialNumber=1
sept. 19 16:28:52 seshat kernel: usb usb2: Product: xHCI Host Controller
sept. 19 16:28:52 seshat kernel: usb usb2: Manufacturer: Linux 6.8.0-45-generic xhci-hcd
sept. 19 16:28:52 seshat kernel: usb usb2: SerialNumber: 0000:04:00.0
sept. 19 16:28:52 seshat kernel: input: VirtualPS/2 VMware VMMouse as /devices/platform/i8042/serio1/input/input3
sept. 19 16:28:52 seshat kernel: hub 2-0:1.0: USB hub found
sept. 19 16:28:52 seshat kernel: hub 2-0:1.0: 4 ports detected
sept. 19 16:28:52 seshat kernel: scsi host1: ahci
sept. 19 16:28:52 seshat kernel: scsi host2: ahci
sept. 19 16:28:52 seshat kernel: bochs-drm 0000:00:01.0: vgaarb: deactivate vga console
sept. 19 16:28:52 seshat kernel: [drm] Found bochs VGA, ID 0xb0c5.
sept. 19 16:28:52 seshat kernel: [drm] Framebuffer size 16384 kB @ 0xc0000000, mmio @ 0xc1e48000.
sept. 19 16:28:52 seshat kernel: [drm] Initialized bochs-drm 1.0.0 20130925 for 0000:00:01.0 on minor 0
sept. 19 16:28:52 seshat kernel: scsi host3: ahci
sept. 19 16:28:52 seshat kernel: scsi host4: ahci
sept. 19 16:28:52 seshat kernel: scsi host5: ahci
sept. 19 16:28:52 seshat kernel: fbcon: bochs-drmdrmfb (fb0) is primary device
sept. 19 16:28:52 seshat kernel: scsi host6: ahci
sept. 19 16:28:52 seshat kernel: ata1: SATA max UDMA/133 abar m4096@0xc1e40000 port 0xc1e40100 irq 43 lpm-pol 0
sept. 19 16:28:52 seshat kernel: ata2: SATA max UDMA/133 abar m4096@0xc1e40000 port 0xc1e40180 irq 43 lpm-pol 0
sept. 19 16:28:52 seshat kernel: ata3: SATA max UDMA/133 abar m4096@0xc1e40000 port 0xc1e40200 irq 43 lpm-pol 0
sept. 19 16:28:52 seshat kernel: ata4: SATA max UDMA/133 abar m4096@0xc1e40000 port 0xc1e40280 irq 43 lpm-pol 0
sept. 19 16:28:52 seshat kernel: ata5: SATA max UDMA/133 abar m4096@0xc1e40000 port 0xc1e40300 irq 43 lpm-pol 0
sept. 19 16:28:52 seshat kernel: ata6: SATA max UDMA/133 abar m4096@0xc1e40000 port 0xc1e40380 irq 43 lpm-pol 0
sept. 19 16:28:52 seshat kernel: Console: switching to colour frame buffer device 128x48
sept. 19 16:28:52 seshat kernel: bochs-drm 0000:00:01.0: [drm] fb0: bochs-drmdrmfb frame buffer device
sept. 19 16:28:52 seshat kernel: usb 1-1: new high-speed USB device number 2 using xhci_hcd
sept. 19 16:28:52 seshat kernel: ata3: SATA link down (SStatus 0 SControl 300)
sept. 19 16:28:52 seshat kernel: ata2: SATA link down (SStatus 0 SControl 300)
sept. 19 16:28:52 seshat kernel: ata1: SATA link down (SStatus 0 SControl 300)
sept. 19 16:28:52 seshat kernel: ata4: SATA link down (SStatus 0 SControl 300)
sept. 19 16:28:52 seshat kernel: ata6: SATA link down (SStatus 0 SControl 300)
sept. 19 16:28:52 seshat kernel: ata5: SATA link down (SStatus 0 SControl 300)
sept. 19 16:28:52 seshat kernel: usb 1-1: New USB device found, idVendor=0627, idProduct=0001, bcdDevice= 0.00
sept. 19 16:28:52 seshat kernel: usb 1-1: New USB device strings: Mfr=1, Product=3, SerialNumber=5
sept. 19 16:28:52 seshat kernel: usb 1-1: Product: QEMU USB Tablet
sept. 19 16:28:52 seshat kernel: usb 1-1: Manufacturer: QEMU
sept. 19 16:28:52 seshat kernel: usb 1-1: SerialNumber: 42
sept. 19 16:28:52 seshat kernel: hid: raw HID events driver (C) Jiri Kosina
sept. 19 16:28:52 seshat kernel: usbcore: registered new interface driver usbhid
sept. 19 16:28:52 seshat kernel: usbhid: USB HID core driver
sept. 19 16:28:52 seshat kernel: input: QEMU QEMU USB Tablet as /devices/pci0000:00/0000:00:02.3/0000:04:00.0/usb1/1-1/1-1:1.0/0003:0627:0001.0001/input/input5
sept. 19 16:28:52 seshat kernel: hid-generic 0003:0627:0001.0001: input,hidraw0: USB HID v0.01 Mouse [QEMU QEMU USB Tablet] on usb-0000:04:00.0-1/input0
sept. 19 16:28:52 seshat kernel: raid6: avx512x4 gen() 18771 MB/s
sept. 19 16:28:52 seshat kernel: raid6: avx512x2 gen() 18862 MB/s
sept. 19 16:28:52 seshat kernel: raid6: avx512x1 gen() 18735 MB/s
sept. 19 16:28:52 seshat kernel: raid6: avx2x4   gen() 18588 MB/s
sept. 19 16:28:52 seshat kernel: raid6: avx2x2   gen() 18691 MB/s
sept. 19 16:28:52 seshat kernel: raid6: avx2x1   gen() 14330 MB/s
sept. 19 16:28:52 seshat kernel: raid6: using algorithm avx512x2 gen() 18862 MB/s
sept. 19 16:28:52 seshat kernel: raid6: .... xor() 23421 MB/s, rmw enabled
sept. 19 16:28:52 seshat kernel: raid6: using avx512x2 recovery algorithm
sept. 19 16:28:52 seshat kernel: xor: automatically using best checksumming function   avx       
sept. 19 16:28:52 seshat kernel: async_tx: api initialized (async)
sept. 19 16:28:52 seshat kernel: Btrfs loaded, zoned=yes, fsverity=yes
sept. 19 16:28:52 seshat kernel: EXT4-fs (dm-0): mounted filesystem 4a19176b-9acd-4820-95f0-21d6e8fbcc40 ro with ordered data mode. Quota mode: none.
sept. 19 16:28:52 seshat systemd[1]: Inserted module 'autofs4'
sept. 19 16:28:52 seshat systemd[1]: systemd 255.4-1ubuntu8.4 running in system mode (+PAM +AUDIT +SELINUX +APPARMOR +IMA +SMACK +SECCOMP +GCRYPT -GNUTLS +OPENSSL +ACL +BLKID +CURL +ELFUTILS +FIDO2 +IDN2 -IDN +IPTC +KMOD +LIBCRYPTSETUP +LIBFDISK +PCRE2 -PWQUALITY +P11KIT +QRENCODE +TPM2 +BZIP2 +LZ4 +XZ +ZLIB +ZSTD -BPF_FRAMEWORK -XKBCOMMON +UTMP +SYSVINIT default-hierarchy=unified)
sept. 19 16:28:52 seshat systemd[1]: Detected virtualization kvm.
sept. 19 16:28:52 seshat systemd[1]: Detected architecture x86-64.
sept. 19 16:28:52 seshat systemd[1]: Hostname set to <seshat>.
sept. 19 16:28:52 seshat systemd[1]: Configuration file /run/systemd/system/netplan-ovs-cleanup.service is marked world-inaccessible. This has no effect as configuration data is accessible via APIs without restrictions. Proceeding anyway.
sept. 19 16:28:52 seshat systemd[1]: Queued start job for default target graphical.target.
sept. 19 16:28:52 seshat kernel: pcieport 0000:00:02.6: pciehp: Slot(0-6): No device found
sept. 19 16:28:52 seshat systemd[1]: Created slice system-modprobe.slice - Slice /system/modprobe.
sept. 19 16:28:52 seshat systemd[1]: Created slice system-systemd\x2dfsck.slice - Slice /system/systemd-fsck.
sept. 19 16:28:52 seshat systemd[1]: Created slice user.slice - User and Session Slice.
sept. 19 16:28:52 seshat systemd[1]: Started systemd-ask-password-wall.path - Forward Password Requests to Wall Directory Watch.
sept. 19 16:28:52 seshat systemd[1]: Set up automount proc-sys-fs-binfmt_misc.automount - Arbitrary Executable File Formats File System Automount Point.
sept. 19 16:28:52 seshat systemd[1]: Expecting device dev-disk-by\x2did-dm\x2duuid\x2dLVM\x2dLCMnSReBweQHG0QIs6qK5PtK4cQzHdBDIIJEDN9eisqDtztwcOpAj5u8RPYFqMFJ.device - /dev/disk/by-id/dm-uuid-LVM-LCMnSReBweQHG0QIs6qK5PtK4cQzHdBDIIJEDN9eisqDtztwcOpAj5u8RPYFqMFJ...
sept. 19 16:28:52 seshat systemd[1]: Expecting device dev-disk-by\x2did-dm\x2duuid\x2dLVM\x2dLCMnSReBweQHG0QIs6qK5PtK4cQzHdBDSG8fyQ62n3mpyowdS7XtV1sgdXmL31eF.device - /dev/disk/by-id/dm-uuid-LVM-LCMnSReBweQHG0QIs6qK5PtK4cQzHdBDSG8fyQ62n3mpyowdS7XtV1sgdXmL31eF...
sept. 19 16:28:52 seshat systemd[1]: Expecting device dev-disk-by\x2duuid-6fd6df85\x2d1177\x2d4ed3\x2dace0\x2d76e06e5c25e5.device - /dev/disk/by-uuid/6fd6df85-1177-4ed3-ace0-76e06e5c25e5...
sept. 19 16:28:52 seshat systemd[1]: Expecting device dev-disk-by\x2duuid-EEC2\x2dAB3E.device - /dev/disk/by-uuid/EEC2-AB3E...
sept. 19 16:28:52 seshat systemd[1]: Expecting device dev-disk-by\x2duuid-cdd9a911\x2d5f55\x2d4dd7\x2daed2\x2d1114799a632d.device - /dev/disk/by-uuid/cdd9a911-5f55-4dd7-aed2-1114799a632d...
sept. 19 16:28:52 seshat systemd[1]: Reached target integritysetup.target - Local Integrity Protected Volumes.
sept. 19 16:28:52 seshat systemd[1]: Reached target slices.target - Slice Units.
sept. 19 16:28:52 seshat systemd[1]: Reached target snapd.mounts-pre.target - Mounting snaps.
sept. 19 16:28:52 seshat systemd[1]: Reached target snapd.mounts.target - Mounted snaps.
sept. 19 16:28:52 seshat systemd[1]: Reached target veritysetup.target - Local Verity Protected Volumes.
sept. 19 16:28:52 seshat systemd[1]: Listening on dm-event.socket - Device-mapper event daemon FIFOs.
sept. 19 16:28:52 seshat systemd[1]: Listening on lvm2-lvmpolld.socket - LVM2 poll daemon socket.
sept. 19 16:28:52 seshat systemd[1]: Listening on multipathd.socket - multipathd control socket.
sept. 19 16:28:52 seshat systemd[1]: Listening on syslog.socket - Syslog Socket.
sept. 19 16:28:52 seshat systemd[1]: Listening on systemd-fsckd.socket - fsck to fsckd communication Socket.
sept. 19 16:28:52 seshat systemd[1]: Listening on systemd-initctl.socket - initctl Compatibility Named Pipe.
sept. 19 16:28:52 seshat systemd[1]: Listening on systemd-journald-dev-log.socket - Journal Socket (/dev/log).
sept. 19 16:28:52 seshat systemd[1]: Listening on systemd-journald.socket - Journal Socket.
sept. 19 16:28:52 seshat systemd[1]: Listening on systemd-networkd.socket - Network Service Netlink Socket.
sept. 19 16:28:52 seshat systemd[1]: systemd-pcrextend.socket - TPM2 PCR Extension (Varlink) was skipped because of an unmet condition check (ConditionSecurity=measured-uki).
sept. 19 16:28:52 seshat systemd[1]: Listening on systemd-udevd-control.socket - udev Control Socket.
sept. 19 16:28:52 seshat systemd[1]: Listening on systemd-udevd-kernel.socket - udev Kernel Socket.
sept. 19 16:28:52 seshat systemd[1]: Mounting dev-hugepages.mount - Huge Pages File System...
sept. 19 16:28:52 seshat systemd[1]: Mounting dev-mqueue.mount - POSIX Message Queue File System...
sept. 19 16:28:52 seshat systemd[1]: Mounting sys-kernel-debug.mount - Kernel Debug File System...
sept. 19 16:28:52 seshat systemd[1]: Mounting sys-kernel-tracing.mount - Kernel Trace File System...
sept. 19 16:28:52 seshat systemd[1]: Starting systemd-journald.service - Journal Service...
sept. 19 16:28:52 seshat systemd[1]: Starting keyboard-setup.service - Set the console keyboard layout...
sept. 19 16:28:52 seshat systemd[1]: Starting kmod-static-nodes.service - Create List of Static Device Nodes...
sept. 19 16:28:52 seshat systemd[1]: Starting lvm2-monitor.service - Monitoring of LVM2 mirrors, snapshots etc. using dmeventd or progress polling...
sept. 19 16:28:52 seshat systemd[1]: Starting modprobe@configfs.service - Load Kernel Module configfs...
sept. 19 16:28:52 seshat systemd[1]: Starting modprobe@dm_mod.service - Load Kernel Module dm_mod...
sept. 19 16:28:52 seshat systemd[1]: Starting modprobe@drm.service - Load Kernel Module drm...
sept. 19 16:28:52 seshat systemd[1]: Starting modprobe@efi_pstore.service - Load Kernel Module efi_pstore...
sept. 19 16:28:52 seshat systemd-journald[392]: Collecting audit messages is disabled.
sept. 19 16:28:52 seshat systemd[1]: Starting modprobe@fuse.service - Load Kernel Module fuse...
sept. 19 16:28:52 seshat kernel: pstore: Using crash dump compression: deflate
sept. 19 16:28:52 seshat kernel: pstore: Registered efi_pstore as persistent store backend
sept. 19 16:28:52 seshat systemd[1]: Starting modprobe@loop.service - Load Kernel Module loop...
sept. 19 16:28:52 seshat systemd[1]: netplan-ovs-cleanup.service - OpenVSwitch configuration for cleanup was skipped because of an unmet condition check (ConditionFileIsExecutable=/usr/bin/ovs-vsctl).
sept. 19 16:28:52 seshat systemd[1]: systemd-fsck-root.service - File System Check on Root Device was skipped because of an unmet condition check (ConditionPathExists=!/run/initramfs/fsck-root).
sept. 19 16:28:52 seshat systemd[1]: Starting systemd-modules-load.service - Load Kernel Modules...
sept. 19 16:28:52 seshat systemd[1]: systemd-pcrmachine.service - TPM2 PCR Machine ID Measurement was skipped because of an unmet condition check (ConditionSecurity=measured-uki).
sept. 19 16:28:52 seshat systemd[1]: Starting systemd-remount-fs.service - Remount Root and Kernel File Systems...
sept. 19 16:28:52 seshat systemd[1]: systemd-tpm2-setup-early.service - TPM2 SRK Setup (Early) was skipped because of an unmet condition check (ConditionSecurity=measured-uki).
sept. 19 16:28:52 seshat systemd[1]: Starting systemd-udev-trigger.service - Coldplug All udev Devices...
sept. 19 16:28:52 seshat systemd[1]: Mounted dev-hugepages.mount - Huge Pages File System.
sept. 19 16:28:52 seshat systemd[1]: Mounted dev-mqueue.mount - POSIX Message Queue File System.
sept. 19 16:28:52 seshat systemd[1]: Mounted sys-kernel-debug.mount - Kernel Debug File System.
sept. 19 16:28:52 seshat kernel: EXT4-fs (dm-0): re-mounted 4a19176b-9acd-4820-95f0-21d6e8fbcc40 r/w. Quota mode: none.
sept. 19 16:28:52 seshat systemd-journald[392]: Journal started
sept. 19 16:28:52 seshat systemd-journald[392]: Runtime Journal (/run/log/journal/5d0d25e8725b4ab588c95ec9716c5091) is 3.6M, max 29.0M, 25.4M free.
sept. 19 16:28:52 seshat systemd-modules-load[411]: Inserted module 'msr'
sept. 19 16:28:52 seshat systemd[1]: Started systemd-journald.service - Journal Service.
sept. 19 16:28:52 seshat systemd-modules-load[411]: Inserted module 'dm_multipath'
sept. 19 16:28:52 seshat systemd[1]: Mounted sys-kernel-tracing.mount - Kernel Trace File System.
sept. 19 16:28:52 seshat systemd[1]: Finished kmod-static-nodes.service - Create List of Static Device Nodes.
sept. 19 16:28:52 seshat systemd[1]: modprobe@configfs.service: Deactivated successfully.
sept. 19 16:28:52 seshat systemd[1]: Finished modprobe@configfs.service - Load Kernel Module configfs.
sept. 19 16:28:52 seshat systemd[1]: modprobe@dm_mod.service: Deactivated successfully.
sept. 19 16:28:52 seshat systemd[1]: Finished modprobe@dm_mod.service - Load Kernel Module dm_mod.
sept. 19 16:28:52 seshat systemd[1]: modprobe@drm.service: Deactivated successfully.
sept. 19 16:28:52 seshat systemd[1]: Finished modprobe@drm.service - Load Kernel Module drm.
sept. 19 16:28:52 seshat systemd[1]: modprobe@efi_pstore.service: Deactivated successfully.
sept. 19 16:28:52 seshat systemd[1]: Finished modprobe@efi_pstore.service - Load Kernel Module efi_pstore.
sept. 19 16:28:52 seshat systemd[1]: modprobe@fuse.service: Deactivated successfully.
sept. 19 16:28:52 seshat systemd[1]: Finished modprobe@fuse.service - Load Kernel Module fuse.
sept. 19 16:28:52 seshat systemd[1]: modprobe@loop.service: Deactivated successfully.
sept. 19 16:28:52 seshat systemd[1]: Finished modprobe@loop.service - Load Kernel Module loop.
sept. 19 16:28:52 seshat lvm[395]:   3 logical volume(s) in volume group "seshat-vg" monitored
sept. 19 16:28:52 seshat systemd[1]: Finished systemd-modules-load.service - Load Kernel Modules.
sept. 19 16:28:52 seshat systemd[1]: Finished systemd-remount-fs.service - Remount Root and Kernel File Systems.
sept. 19 16:28:52 seshat systemd[1]: Finished lvm2-monitor.service - Monitoring of LVM2 mirrors, snapshots etc. using dmeventd or progress polling.
sept. 19 16:28:52 seshat systemd[1]: Finished keyboard-setup.service - Set the console keyboard layout.
sept. 19 16:28:52 seshat systemd[1]: Mounting sys-fs-fuse-connections.mount - FUSE Control File System...
sept. 19 16:28:52 seshat systemd[1]: Mounting sys-kernel-config.mount - Kernel Configuration File System...
sept. 19 16:28:52 seshat systemd[1]: Starting multipathd.service - Device-Mapper Multipath Device Controller...
sept. 19 16:28:52 seshat systemd[1]: systemd-hwdb-update.service - Rebuild Hardware Database was skipped because no trigger condition checks were met.
sept. 19 16:28:52 seshat systemd[1]: systemd-repart.service - Repartition Root Disk was skipped because no trigger condition checks were met.
sept. 19 16:28:52 seshat systemd[1]: Starting systemd-sysctl.service - Apply Kernel Variables...
sept. 19 16:28:52 seshat systemd[1]: Starting systemd-tmpfiles-setup-dev-early.service - Create Static Device Nodes in /dev gracefully...
sept. 19 16:28:52 seshat systemd[1]: Mounted sys-fs-fuse-connections.mount - FUSE Control File System.
sept. 19 16:28:52 seshat systemd[1]: Mounted sys-kernel-config.mount - Kernel Configuration File System.
sept. 19 16:28:52 seshat systemd[1]: Finished systemd-sysctl.service - Apply Kernel Variables.
sept. 19 16:28:52 seshat systemd[1]: Finished systemd-tmpfiles-setup-dev-early.service - Create Static Device Nodes in /dev gracefully.
sept. 19 16:28:52 seshat systemd[1]: Starting systemd-sysusers.service - Create System Users...
sept. 19 16:28:53 seshat multipathd[442]: multipathd v0.9.4: start up
sept. 19 16:28:53 seshat systemd[1]: Finished systemd-udev-trigger.service - Coldplug All udev Devices.
sept. 19 16:28:53 seshat multipathd[442]: reconfigure: setting up paths and maps
sept. 19 16:28:53 seshat systemd[1]: Starting ifupdown-pre.service - Helper to synchronize boot up for ifupdown...
sept. 19 16:28:53 seshat systemd[1]: Finished systemd-sysusers.service - Create System Users.
sept. 19 16:28:53 seshat systemd[1]: Starting systemd-tmpfiles-setup-dev.service - Create Static Device Nodes in /dev...
sept. 19 16:28:53 seshat systemd[1]: Started multipathd.service - Device-Mapper Multipath Device Controller.
sept. 19 16:28:53 seshat systemd[1]: Finished ifupdown-pre.service - Helper to synchronize boot up for ifupdown.
sept. 19 16:28:53 seshat systemd[1]: Finished systemd-tmpfiles-setup-dev.service - Create Static Device Nodes in /dev.
sept. 19 16:28:53 seshat systemd[1]: Reached target local-fs-pre.target - Preparation for Local File Systems.
sept. 19 16:28:53 seshat systemd[1]: Starting systemd-udevd.service - Rule-based Manager for Device Events and Files...
sept. 19 16:28:53 seshat systemd-udevd[469]: Using default interface naming scheme 'v255'.
sept. 19 16:28:53 seshat systemd[1]: Started systemd-udevd.service - Rule-based Manager for Device Events and Files.
sept. 19 16:28:53 seshat systemd[1]: plymouth-start.service - Show Plymouth Boot Screen was skipped because of an unmet condition check (ConditionKernelCommandLine=splash).
sept. 19 16:28:53 seshat systemd[1]: Started systemd-ask-password-console.path - Dispatch Password Requests to Console Directory Watch.
sept. 19 16:28:53 seshat systemd[1]: systemd-ask-password-plymouth.path - Forward Password Requests to Plymouth Directory Watch was skipped because of an unmet condition check (ConditionPathExists=/run/plymouth/pid).
sept. 19 16:28:53 seshat systemd[1]: Reached target cryptsetup.target - Local Encrypted Volumes.
sept. 19 16:28:53 seshat (udev-worker)[488]: dm-0: Process '/usr/bin/unshare -m /usr/bin/snap auto-import --mount=/dev/dm-0' failed with exit code 1.
sept. 19 16:28:53 seshat (udev-worker)[492]: dm-1: Process '/usr/bin/unshare -m /usr/bin/snap auto-import --mount=/dev/dm-1' failed with exit code 1.
sept. 19 16:28:53 seshat systemd[1]: Found device dev-disk-by\x2did-dm\x2duuid\x2dLVM\x2dLCMnSReBweQHG0QIs6qK5PtK4cQzHdBDIIJEDN9eisqDtztwcOpAj5u8RPYFqMFJ.device - /dev/disk/by-id/dm-uuid-LVM-LCMnSReBweQHG0QIs6qK5PtK4cQzHdBDIIJEDN9eisqDtztwcOpAj5u8RPYFqMFJ.
sept. 19 16:28:53 seshat (udev-worker)[485]: dm-2: Process '/usr/bin/unshare -m /usr/bin/snap auto-import --mount=/dev/dm-2' failed with exit code 1.
sept. 19 16:28:53 seshat systemd[1]: Found device dev-disk-by\x2did-dm\x2duuid\x2dLVM\x2dLCMnSReBweQHG0QIs6qK5PtK4cQzHdBDSG8fyQ62n3mpyowdS7XtV1sgdXmL31eF.device - /dev/disk/by-id/dm-uuid-LVM-LCMnSReBweQHG0QIs6qK5PtK4cQzHdBDSG8fyQ62n3mpyowdS7XtV1sgdXmL31eF.
sept. 19 16:28:53 seshat systemd[1]: Starting systemd-fsck@dev-disk-by\x2did-dm\x2duuid\x2dLVM\x2dLCMnSReBweQHG0QIs6qK5PtK4cQzHdBDIIJEDN9eisqDtztwcOpAj5u8RPYFqMFJ.service - File System Check on /dev/disk/by-id/dm-uuid-LVM-LCMnSReBweQHG0QIs6qK5PtK4cQzHdBDIIJEDN9eisqDtztwcOpAj5u8RPYFqMFJ...
sept. 19 16:28:53 seshat systemd[1]: Starting systemd-fsck@dev-disk-by\x2did-dm\x2duuid\x2dLVM\x2dLCMnSReBweQHG0QIs6qK5PtK4cQzHdBDSG8fyQ62n3mpyowdS7XtV1sgdXmL31eF.service - File System Check on /dev/disk/by-id/dm-uuid-LVM-LCMnSReBweQHG0QIs6qK5PtK4cQzHdBDSG8fyQ62n3mpyowdS7XtV1sgdXmL31eF...
sept. 19 16:28:53 seshat systemd[1]: Started systemd-fsckd.service - File System Check Daemon to report status.
sept. 19 16:28:53 seshat systemd-fsck[558]: /var: clean, 8332/262144 files, 298858/1048576 blocks
sept. 19 16:28:53 seshat systemd-fsck[563]: /home: clean, 16/131072 files, 26161/524288 blocks
sept. 19 16:28:53 seshat systemd[1]: Finished systemd-fsck@dev-disk-by\x2did-dm\x2duuid\x2dLVM\x2dLCMnSReBweQHG0QIs6qK5PtK4cQzHdBDIIJEDN9eisqDtztwcOpAj5u8RPYFqMFJ.service - File System Check on /dev/disk/by-id/dm-uuid-LVM-LCMnSReBweQHG0QIs6qK5PtK4cQzHdBDIIJEDN9eisqDtztwcOpAj5u8RPYFqMFJ.
sept. 19 16:28:53 seshat systemd[1]: Mounting var.mount - /var...
sept. 19 16:28:53 seshat systemd[1]: Finished systemd-fsck@dev-disk-by\x2did-dm\x2duuid\x2dLVM\x2dLCMnSReBweQHG0QIs6qK5PtK4cQzHdBDSG8fyQ62n3mpyowdS7XtV1sgdXmL31eF.service - File System Check on /dev/disk/by-id/dm-uuid-LVM-LCMnSReBweQHG0QIs6qK5PtK4cQzHdBDSG8fyQ62n3mpyowdS7XtV1sgdXmL31eF.
sept. 19 16:28:53 seshat systemd[1]: Mounting home.mount - /home...
sept. 19 16:28:53 seshat (udev-worker)[471]: sda: Process '/usr/bin/unshare -m /usr/bin/snap auto-import --mount=/dev/sda' failed with exit code 1.
sept. 19 16:28:53 seshat kernel: EXT4-fs (dm-1): mounted filesystem dd2f15ba-e764-457b-8271-ff98f75084bd r/w with ordered data mode. Quota mode: none.
sept. 19 16:28:53 seshat systemd[1]: Mounted var.mount - /var.
sept. 19 16:28:53 seshat kernel: EXT4-fs (dm-2): mounted filesystem e75e5a5a-8d98-430d-adfb-db40e6dfdf9c r/w with ordered data mode. Quota mode: writeback.
sept. 19 16:28:53 seshat systemd[1]: Starting systemd-journal-flush.service - Flush Journal to Persistent Storage...
sept. 19 16:28:53 seshat systemd[1]: systemd-pstore.service - Platform Persistent Storage Archival was skipped because of an unmet condition check (ConditionDirectoryNotEmpty=/sys/fs/pstore).
sept. 19 16:28:53 seshat kernel: lpc_ich 0000:00:1f.0: I/O space for GPIO uninitialized
sept. 19 16:28:53 seshat systemd[1]: Starting systemd-random-seed.service - Load/Save OS Random Seed...
sept. 19 16:28:53 seshat systemd[1]: systemd-tpm2-setup.service - TPM2 SRK Setup was skipped because of an unmet condition check (ConditionSecurity=measured-uki).
sept. 19 16:28:53 seshat systemd[1]: Mounted home.mount - /home.
sept. 19 16:28:53 seshat systemd-journald[392]: Time spent on flushing to /var/log/journal/5d0d25e8725b4ab588c95ec9716c5091 is 10.380ms for 878 entries.
sept. 19 16:28:53 seshat systemd-journald[392]: System Journal (/var/log/journal/5d0d25e8725b4ab588c95ec9716c5091) is 8.0M, max 395.1M, 387.1M free.
sept. 19 16:28:53 seshat systemd-journald[392]: Received client request to flush runtime journal.
sept. 19 16:28:53 seshat kernel: 9pnet: Installing 9P2000 support
sept. 19 16:28:53 seshat kernel: i801_smbus 0000:00:1f.3: Enabling SMBus device
sept. 19 16:28:53 seshat kernel: i801_smbus 0000:00:1f.3: SMBus using PCI interrupt
sept. 19 16:28:53 seshat kernel: i2c i2c-0: 1/1 memory slots populated (from DMI)
sept. 19 16:28:53 seshat kernel: i2c i2c-0: Memory type 0x07 not supported yet, not instantiating SPD
sept. 19 16:28:53 seshat (udev-worker)[481]: sda3: Process '/usr/bin/unshare -m /usr/bin/snap auto-import --mount=/dev/sda3' failed with exit code 1.
sept. 19 16:28:53 seshat lvm[593]: PV /dev/sda4 online, VG seshat-vg is complete.
sept. 19 16:28:53 seshat lvm[593]: VG seshat-vg finished
sept. 19 16:28:53 seshat systemd[1]: Found device dev-disk-by\x2duuid-6fd6df85\x2d1177\x2d4ed3\x2dace0\x2d76e06e5c25e5.device - QEMU_HARDDISK /boot.
sept. 19 16:28:53 seshat systemd[1]: Finished systemd-random-seed.service - Load/Save OS Random Seed.
sept. 19 16:28:53 seshat (udev-worker)[480]: sda2: Process '/usr/bin/unshare -m /usr/bin/snap auto-import --mount=/dev/sda2' failed with exit code 1.
sept. 19 16:28:53 seshat systemd[1]: Starting systemd-fsck@dev-disk-by\x2duuid-6fd6df85\x2d1177\x2d4ed3\x2dace0\x2d76e06e5c25e5.service - File System Check on /dev/disk/by-uuid/6fd6df85-1177-4ed3-ace0-76e06e5c25e5...
sept. 19 16:28:53 seshat systemd[1]: Found device dev-disk-by\x2duuid-cdd9a911\x2d5f55\x2d4dd7\x2daed2\x2d1114799a632d.device - QEMU_HARDDISK 2.
sept. 19 16:28:53 seshat systemd[1]: Finished systemd-journal-flush.service - Flush Journal to Persistent Storage.
sept. 19 16:28:53 seshat (udev-worker)[486]: sda4: Process '/usr/bin/unshare -m /usr/bin/snap auto-import --mount=/dev/sda4' failed with exit code 1.
sept. 19 16:28:53 seshat (udev-worker)[471]: sda1: Process '/usr/bin/unshare -m /usr/bin/snap auto-import --mount=/dev/sda1' failed with exit code 1.
sept. 19 16:28:53 seshat systemd-fsck[606]: /boot: clean, 313/48000 files, 33596/192000 blocks
sept. 19 16:28:53 seshat systemd[1]: Finished systemd-fsck@dev-disk-by\x2duuid-6fd6df85\x2d1177\x2d4ed3\x2dace0\x2d76e06e5c25e5.service - File System Check on /dev/disk/by-uuid/6fd6df85-1177-4ed3-ace0-76e06e5c25e5.
sept. 19 16:28:53 seshat systemd[1]: Found device dev-disk-by\x2duuid-EEC2\x2dAB3E.device - QEMU_HARDDISK ESP.
sept. 19 16:28:53 seshat systemd[1]: Listening on systemd-rfkill.socket - Load/Save RF Kill Switch Status /dev/rfkill Watch.
sept. 19 16:28:53 seshat systemd[1]: Activating swap dev-disk-by\x2duuid-cdd9a911\x2d5f55\x2d4dd7\x2daed2\x2d1114799a632d.swap - /dev/disk/by-uuid/cdd9a911-5f55-4dd7-aed2-1114799a632d...
sept. 19 16:28:53 seshat systemd[1]: Mounting boot.mount - /boot...
sept. 19 16:28:53 seshat systemd[1]: Starting systemd-fsck@dev-disk-by\x2duuid-EEC2\x2dAB3E.service - File System Check on /dev/disk/by-uuid/EEC2-AB3E...
sept. 19 16:28:53 seshat kernel: Adding 2097148k swap on /dev/sda2.  Priority:-2 extents:1 across:2097148k 
sept. 19 16:28:53 seshat systemd[1]: Activated swap dev-disk-by\x2duuid-cdd9a911\x2d5f55\x2d4dd7\x2daed2\x2d1114799a632d.swap - /dev/disk/by-uuid/cdd9a911-5f55-4dd7-aed2-1114799a632d.
sept. 19 16:28:53 seshat kernel: EXT4-fs (sda3): mounted filesystem 6fd6df85-1177-4ed3-ace0-76e06e5c25e5 r/w with ordered data mode. Quota mode: none.
sept. 19 16:28:53 seshat systemd[1]: Mounted boot.mount - /boot.
sept. 19 16:28:53 seshat systemd[1]: Reached target swap.target - Swaps.
sept. 19 16:28:53 seshat systemd-fsck[629]: fsck.fat 4.2 (2021-01-31)
sept. 19 16:28:53 seshat systemd-fsck[629]: /dev/sda1: 12 files, 12491/129022 clusters
sept. 19 16:28:53 seshat systemd[1]: Finished systemd-fsck@dev-disk-by\x2duuid-EEC2\x2dAB3E.service - File System Check on /dev/disk/by-uuid/EEC2-AB3E.
sept. 19 16:28:53 seshat systemd[1]: systemd-quotacheck.service - File System Quota Check was skipped because of an unmet condition check (ConditionPathExists=/usr/sbin/quotacheck).
sept. 19 16:28:53 seshat systemd[1]: quotaon.service - Enable File System Quotas was skipped because of an unmet condition check (ConditionPathExists=/usr/sbin/quotaon).
sept. 19 16:28:53 seshat systemd[1]: Mounting boot-efi.mount - /boot/efi...
sept. 19 16:28:53 seshat systemd[1]: Mounting tmp.mount - /tmp...
sept. 19 16:28:53 seshat systemd[1]: Mounted boot-efi.mount - /boot/efi.
sept. 19 16:28:53 seshat systemd[1]: Mounted tmp.mount - /tmp.
sept. 19 16:28:53 seshat systemd[1]: Reached target local-fs.target - Local File Systems.
sept. 19 16:28:53 seshat systemd[1]: Listening on systemd-sysext.socket - System Extension Image Management (Varlink).
sept. 19 16:28:53 seshat systemd[1]: Starting apparmor.service - Load AppArmor profiles...
sept. 19 16:28:53 seshat systemd[1]: Starting console-setup.service - Set console font and keymap...
sept. 19 16:28:53 seshat systemd[1]: eole-nsswitch.service - Copie libnss sans support de LDAP was skipped because of an unmet condition check (ConditionPathExists=/etc/nsswitch.conf.noldap).
sept. 19 16:28:53 seshat systemd[1]: ferme-firewall.service - Fermeture du firewall was skipped because of an unmet condition check (ConditionPathExists=/usr/lib/eole/forteresse.sh).
sept. 19 16:28:53 seshat systemd[1]: Starting finalrd.service - Create final runtime dir for shutdown pivot root...
sept. 19 16:28:53 seshat systemd[1]: Starting ldconfig.service - Rebuild Dynamic Linker Cache...
sept. 19 16:28:53 seshat systemd[1]: Starting plymouth-read-write.service - Tell Plymouth To Write Out Runtime Data...
sept. 19 16:28:53 seshat apparmor.systemd[671]: Restarting AppArmor
sept. 19 16:28:53 seshat systemd[1]: Starting systemd-binfmt.service - Set Up Additional Binary Formats...
sept. 19 16:28:53 seshat systemd[1]: Starting systemd-tmpfiles-setup.service - Create Volatile Files and Directories...
sept. 19 16:28:53 seshat systemd[1]: Starting ufw.service - Uncomplicated firewall...
sept. 19 16:28:53 seshat apparmor.systemd[671]: Reloading AppArmor profiles
sept. 19 16:28:53 seshat systemd[1]: Finished console-setup.service - Set console font and keymap.
sept. 19 16:28:53 seshat systemd-tmpfiles[684]: /usr/lib/tmpfiles.d/nut-common-tmpfiles.conf:8: Duplicate line for path "/run/nut", ignoring.
sept. 19 16:28:53 seshat systemd[1]: Finished finalrd.service - Create final runtime dir for shutdown pivot root.
sept. 19 16:28:53 seshat systemd[1]: Finished plymouth-read-write.service - Tell Plymouth To Write Out Runtime Data.
sept. 19 16:28:53 seshat systemd[1]: Finished ufw.service - Uncomplicated firewall.
sept. 19 16:28:53 seshat systemd[1]: proc-sys-fs-binfmt_misc.automount: Got automount request for /proc/sys/fs/binfmt_misc, triggered by 680 (systemd-binfmt)
sept. 19 16:28:53 seshat systemd[1]: Mounting proc-sys-fs-binfmt_misc.mount - Arbitrary Executable File Formats File System...
sept. 19 16:28:53 seshat systemd[1]: Mounted proc-sys-fs-binfmt_misc.mount - Arbitrary Executable File Formats File System.
sept. 19 16:28:53 seshat systemd[1]: Finished systemd-binfmt.service - Set Up Additional Binary Formats.
sept. 19 16:28:53 seshat systemd[1]: Finished systemd-tmpfiles-setup.service - Create Volatile Files and Directories.
sept. 19 16:28:53 seshat systemd[1]: systemd-firstboot.service - First Boot Wizard was skipped because of an unmet condition check (ConditionFirstBoot=yes).
sept. 19 16:28:53 seshat systemd[1]: first-boot-complete.target - First Boot Complete was skipped because of an unmet condition check (ConditionFirstBoot=yes).
sept. 19 16:28:53 seshat kernel: audit: type=1400 audit(1726763333.981:2): apparmor="STATUS" operation="profile_load" profile="unconfined" name=4D6F6E676F444220436F6D70617373 pid=699 comm="apparmor_parser"
sept. 19 16:28:53 seshat kernel: audit: type=1400 audit(1726763333.981:3): apparmor="STATUS" operation="profile_load" profile="unconfined" name="Discord" pid=698 comm="apparmor_parser"
sept. 19 16:28:53 seshat kernel: audit: type=1400 audit(1726763333.982:4): apparmor="STATUS" operation="profile_load" profile="unconfined" name="1password" pid=697 comm="apparmor_parser"
sept. 19 16:28:53 seshat kernel: audit: type=1400 audit(1726763333.982:5): apparmor="STATUS" operation="profile_load" profile="unconfined" name="QtWebEngineProcess" pid=700 comm="apparmor_parser"
sept. 19 16:28:53 seshat kernel: audit: type=1400 audit(1726763333.986:6): apparmor="STATUS" operation="profile_load" profile="unconfined" name="busybox" pid=708 comm="apparmor_parser"
sept. 19 16:28:53 seshat kernel: audit: type=1400 audit(1726763333.986:7): apparmor="STATUS" operation="profile_load" profile="unconfined" name="balena-etcher" pid=705 comm="apparmor_parser"
sept. 19 16:28:53 seshat kernel: audit: type=1400 audit(1726763333.986:8): apparmor="STATUS" operation="profile_load" profile="unconfined" name="brave" pid=706 comm="apparmor_parser"
sept. 19 16:28:53 seshat kernel: audit: type=1400 audit(1726763333.988:9): apparmor="STATUS" operation="profile_load" profile="unconfined" name="cam" pid=709 comm="apparmor_parser"
sept. 19 16:28:53 seshat kernel: audit: type=1400 audit(1726763333.988:10): apparmor="STATUS" operation="profile_load" profile="unconfined" name="buildah" pid=707 comm="apparmor_parser"
sept. 19 16:28:53 seshat systemd[1]: Starting systemd-journal-catalog-update.service - Rebuild Journal Catalog...
sept. 19 16:28:53 seshat systemd[1]: systemd-machine-id-commit.service - Commit a transient machine-id on disk was skipped because of an unmet condition check (ConditionPathIsMountPoint=/etc/machine-id).
sept. 19 16:28:53 seshat systemd[1]: Starting systemd-resolved.service - Network Name Resolution...
sept. 19 16:28:54 seshat systemd[1]: Starting systemd-timesyncd.service - Network Time Synchronization...
sept. 19 16:28:54 seshat systemd[1]: Starting systemd-update-utmp.service - Record System Boot/Shutdown in UTMP...
sept. 19 16:28:54 seshat systemd[1]: Finished ldconfig.service - Rebuild Dynamic Linker Cache.
sept. 19 16:28:54 seshat systemd[1]: Finished systemd-update-utmp.service - Record System Boot/Shutdown in UTMP.
sept. 19 16:28:54 seshat systemd[1]: Finished systemd-journal-catalog-update.service - Rebuild Journal Catalog.
sept. 19 16:28:54 seshat systemd[1]: Starting systemd-update-done.service - Update is Completed...
sept. 19 16:28:54 seshat systemd[1]: Finished systemd-update-done.service - Update is Completed.
sept. 19 16:28:54 seshat systemd[1]: Started systemd-timesyncd.service - Network Time Synchronization.
sept. 19 16:28:54 seshat systemd[1]: Reached target time-set.target - System Time Set.
sept. 19 16:28:54 seshat systemd[1]: Reached target time-sync.target - System Time Synchronized.
sept. 19 16:28:54 seshat systemd-resolved[718]: Positive Trust Anchors:
sept. 19 16:28:54 seshat systemd-resolved[718]: . IN DS 20326 8 2 e06d44b80b8f1d39a95c0b0d7c65d08458e880409bbc683457104237c7f8ec8d
sept. 19 16:28:54 seshat systemd-resolved[718]: Negative trust anchors: home.arpa 10.in-addr.arpa 16.172.in-addr.arpa 17.172.in-addr.arpa 18.172.in-addr.arpa 19.172.in-addr.arpa 20.172.in-addr.arpa 21.172.in-addr.arpa 22.172.in-addr.arpa 23.172.in-addr.arpa 24.172.in-addr.arpa 25.172.in-addr.arpa 26.172.in-addr.arpa 27.172.in-addr.arpa 28.172.in-addr.arpa 29.172.in-addr.arpa 30.172.in-addr.arpa 31.172.in-addr.arpa 170.0.0.192.in-addr.arpa 171.0.0.192.in-addr.arpa 168.192.in-addr.arpa d.f.ip6.arpa ipv4only.arpa corp home internal intranet lan local private test
sept. 19 16:28:54 seshat systemd-resolved[718]: Using system hostname 'seshat'.
sept. 19 16:28:54 seshat systemd[1]: Started systemd-resolved.service - Network Name Resolution.
sept. 19 16:28:54 seshat systemd[1]: Reached target nss-lookup.target - Host and Network Name Lookups.
sept. 19 16:28:54 seshat systemd[1]: Finished apparmor.service - Load AppArmor profiles.
sept. 19 16:28:54 seshat systemd[1]: Starting snapd.apparmor.service - Load AppArmor profiles managed internally by snapd...
sept. 19 16:28:54 seshat systemd[1]: vgauth.service - Authentication service for virtual machines hosted on VMware was skipped because of an unmet condition check (ConditionVirtualization=vmware).
sept. 19 16:28:54 seshat systemd[1]: open-vm-tools.service - Service for virtual machines hosted on VMware was skipped because of an unmet condition check (ConditionVirtualization=vmware).
sept. 19 16:28:54 seshat systemd[1]: Starting cloud-init-local.service - Cloud-init: Local Stage (pre-network)...
sept. 19 16:28:54 seshat snapd-apparmor[821]: main.go:121: No profiles to load
sept. 19 16:28:54 seshat systemd[1]: Finished snapd.apparmor.service - Load AppArmor profiles managed internally by snapd.
sept. 19 16:28:55 seshat cloud-init[832]: Cloud-init v. 24.2-0ubuntu1~24.04.2 running 'init-local' at Thu, 19 Sep 2024 16:28:55 +0000. Up 5.33 seconds.
sept. 19 16:28:55 seshat systemd[1]: netplan-ovs-cleanup.service - OpenVSwitch configuration for cleanup was skipped because of an unmet condition check (ConditionFileIsExecutable=/usr/bin/ovs-vsctl).
sept. 19 16:28:55 seshat systemd[1]: netplan-ovs-cleanup.service - OpenVSwitch configuration for cleanup was skipped because of an unmet condition check (ConditionFileIsExecutable=/usr/bin/ovs-vsctl).
sept. 19 16:28:55 seshat systemd[1]: netplan-ovs-cleanup.service - OpenVSwitch configuration for cleanup was skipped because of an unmet condition check (ConditionFileIsExecutable=/usr/bin/ovs-vsctl).
sept. 19 16:28:55 seshat systemd[1]: Reloading requested from client PID 842 ('systemctl') (unit cloud-init-local.service)...
sept. 19 16:28:55 seshat systemd[1]: Reloading...
sept. 19 16:28:55 seshat systemd[1]: Configuration file /run/systemd/system/netplan-ovs-cleanup.service is marked world-inaccessible. This has no effect as configuration data is accessible via APIs without restrictions. Proceeding anyway.
sept. 19 16:28:55 seshat systemd[1]: Configuration file /run/systemd/system/systemd-networkd-wait-online.service.d/10-netplan.conf is marked world-inaccessible. This has no effect as configuration data is accessible via APIs without restrictions. Proceeding anyway.
sept. 19 16:28:55 seshat systemd[1]: Reloading finished in 331 ms.
sept. 19 16:28:56 seshat systemd[1]: Finished cloud-init-local.service - Cloud-init: Local Stage (pre-network).
sept. 19 16:28:56 seshat systemd[1]: Reached target network-pre.target - Preparation for Network.
sept. 19 16:28:56 seshat systemd[1]: Starting networking.service - Raise network interfaces...
sept. 19 16:28:56 seshat systemd[1]: Starting systemd-networkd.service - Network Configuration...
sept. 19 16:28:56 seshat ifup[909]: /etc/network/if-up.d/resolved: line 18: return: can only `return' from a function or sourced script
sept. 19 16:28:56 seshat ifup[903]: run-parts: /etc/network/if-up.d/resolved exited with return code 2
sept. 19 16:28:56 seshat ifup[890]: ifup: failed to bring up lo
sept. 19 16:28:56 seshat systemd[1]: networking.service: Main process exited, code=exited, status=1/FAILURE
sept. 19 16:28:56 seshat kernel: cfg80211: Loading compiled-in X.509 certificates for regulatory database
sept. 19 16:28:56 seshat kernel: Loaded X.509 cert 'sforshee: 00b28ddf47aef9cea7'
sept. 19 16:28:56 seshat kernel: Loaded X.509 cert 'wens: 61c038651aabdcf94bd0ac7ff06c7248db18c600'
sept. 19 16:28:56 seshat systemd-networkd[891]: lo: Link UP
sept. 19 16:28:56 seshat systemd-networkd[891]: lo: Gained carrier
sept. 19 16:28:56 seshat systemd[1]: networking.service: Failed with result 'exit-code'.
sept. 19 16:28:56 seshat systemd[1]: Failed to start networking.service - Raise network interfaces.
sept. 19 16:28:56 seshat systemd-networkd[891]: Enumeration completed
sept. 19 16:28:56 seshat systemd-networkd[891]: enp2s0: Configuring with /run/systemd/network/10-netplan-enp2s0.network.
sept. 19 16:28:56 seshat systemd-networkd[891]: enp2s0: Link UP
sept. 19 16:28:56 seshat systemd-networkd[891]: enp2s0: Gained carrier
sept. 19 16:28:56 seshat systemd[1]: Started systemd-networkd.service - Network Configuration.
sept. 19 16:28:56 seshat systemd[1]: Reached target network.target - Network.
sept. 19 16:28:56 seshat systemd[1]: Starting systemd-networkd-wait-online.service - Wait for Network to be Configured...
sept. 19 16:28:56 seshat systemd-networkd[891]: enp2s0: DHCPv4 address 192.168.230.175/24, gateway 192.168.230.254 acquired from 192.168.232.2
sept. 19 16:28:56 seshat systemd-timesyncd[722]: Network configuration changed, trying to establish connection.
sept. 19 16:28:56 seshat systemd-timesyncd[722]: Network configuration changed, trying to establish connection.
sept. 19 16:28:57 seshat systemd-networkd[891]: enp2s0: Gained IPv6LL
sept. 19 16:28:57 seshat systemd-timesyncd[722]: Network configuration changed, trying to establish connection.
sept. 19 16:28:57 seshat systemd[1]: Finished systemd-networkd-wait-online.service - Wait for Network to be Configured.
sept. 19 16:28:57 seshat systemd[1]: Starting cloud-init.service - Cloud-init: Network Stage...
