déc. 12 17:49:04 seshat dbus-daemon[836]: Unknown group "power" in message bus configuration file
déc. 12 17:49:04 seshat dbus-daemon[836]: [system] Reloaded configuration
déc. 12 17:49:04 seshat dbus-daemon[836]: Unknown group "power" in message bus configuration file
déc. 12 17:49:04 seshat dbus-daemon[836]: [system] Reloaded configuration
déc. 12 17:49:04 seshat dbus-daemon[836]: Unknown group "power" in message bus configuration file
déc. 12 17:49:04 seshat dbus-daemon[836]: [system] Reloaded configuration
déc. 12 17:49:04 seshat dbus-daemon[836]: Unknown group "power" in message bus configuration file
déc. 12 17:49:04 seshat dbus-daemon[836]: [system] Reloaded configuration
déc. 12 17:49:04 seshat dbus-daemon[836]: Unknown group "power" in message bus configuration file
déc. 12 17:49:04 seshat dbus-daemon[836]: [system] Reloaded configuration
déc. 12 17:49:04 seshat dbus-daemon[836]: Unknown group "power" in message bus configuration file
déc. 12 17:49:04 seshat dbus-daemon[836]: [system] Reloaded configuration
déc. 12 17:49:04 seshat dbus-daemon[836]: Unknown group "power" in message bus configuration file
déc. 12 17:49:04 seshat dbus-daemon[836]: [system] Reloaded configuration
déc. 12 17:49:04 seshat dbus-daemon[836]: Unknown group "power" in message bus configuration file
déc. 12 17:49:04 seshat dbus-daemon[836]: [system] Reloaded configuration
déc. 12 17:49:04 seshat dbus-daemon[836]: Unknown group "power" in message bus configuration file
déc. 12 17:49:04 seshat dbus-daemon[836]: [system] Reloaded configuration
déc. 12 17:49:04 seshat dbus-daemon[836]: Unknown group "power" in message bus configuration file
déc. 12 17:49:04 seshat polkitd[865]: Reloading rules
déc. 12 17:49:04 seshat polkitd[865]: Collecting garbage unconditionally...
déc. 12 17:49:04 seshat polkitd[865]: Loading rules from directory /etc/polkit-1/rules.d
déc. 12 17:49:04 seshat polkitd[865]: Loading rules from directory /usr/share/polkit-1/rules.d
déc. 12 17:49:04 seshat polkitd[865]: Finished loading, compiling and executing 6 rules
déc. 12 17:49:04 seshat polkitd[865]: Reloading rules
déc. 12 17:49:04 seshat polkitd[865]: Collecting garbage unconditionally...
déc. 12 17:49:04 seshat polkitd[865]: Loading rules from directory /etc/polkit-1/rules.d
déc. 12 17:49:04 seshat polkitd[865]: Loading rules from directory /usr/share/polkit-1/rules.d
déc. 12 17:49:04 seshat dbus-daemon[836]: [system] Reloaded configuration
déc. 12 17:49:04 seshat dbus-daemon[836]: Unknown group "power" in message bus configuration file
déc. 12 17:49:04 seshat polkitd[865]: Finished loading, compiling and executing 6 rules
déc. 12 17:49:04 seshat dbus-daemon[836]: [system] Reloaded configuration
déc. 12 17:49:04 seshat dbus-daemon[836]: Unknown group "power" in message bus configuration file
déc. 12 17:49:04 seshat dbus-daemon[836]: [system] Reloaded configuration
déc. 12 17:49:06 seshat systemd[1]: Reloading dbus.service - D-Bus System Message Bus...
déc. 12 17:49:06 seshat dbus-daemon[836]: Unknown group "power" in message bus configuration file
déc. 12 17:49:06 seshat dbus-daemon[836]: [system] Reloaded configuration
déc. 12 17:49:06 seshat dbus-send[3070]: method return time=1734025746.189717 sender=org.freedesktop.DBus -> destination=:1.19 serial=3 reply_serial=2
déc. 12 17:49:06 seshat systemd[1]: Reloaded dbus.service - D-Bus System Message Bus.
déc. 12 17:49:06 seshat PackageKit[2586]: daemon quit
déc. 12 17:49:06 seshat systemd[1]: packagekit.service: Deactivated successfully.
déc. 12 17:49:06 seshat udisksd[886]: Error probing device: Error sending ATA command IDENTIFY PACKET DEVICE to '/dev/sr0': Unexpected sense data returned:
                                       0000: f0 00 05 00  58 00 01 0a  00 00 00 00  21 04 00 00    ....X.......!...
                                       0010: 00 00 00 00  00 00 00 00  00 00 00 00  00 00 00 00    ................
                                        (g-io-error-quark, 0)
déc. 12 17:49:06 seshat systemd[1]: Reloading requested from client PID 3138 ('systemctl') (unit EoleCiTestsDaemon.service)...
déc. 12 17:49:06 seshat systemd[1]: Reloading...
déc. 12 17:49:06 seshat systemd[1]: Configuration file /run/systemd/system/netplan-ovs-cleanup.service is marked world-inaccessible. This has no effect as configuration data is accessible via APIs without restrictions. Proceeding anyway.
déc. 12 17:49:06 seshat systemd[1]: Configuration file /run/systemd/system/systemd-networkd-wait-online.service.d/10-netplan.conf is marked world-inaccessible. This has no effect as configuration data is accessible via APIs without restrictions. Proceeding anyway.
déc. 12 17:49:06 seshat systemd[1]: Reloading finished in 336 ms.
déc. 12 17:49:06 seshat systemd[1]: Starting motd-news.service - Message of the Day...
déc. 12 17:49:07 seshat systemd[1]: Stopping udisks2.service - Disk Manager...
déc. 12 17:49:07 seshat udisksd[886]: udisks daemon version 2.10.1 exiting
déc. 12 17:49:07 seshat systemd[1]: udisks2.service: Deactivated successfully.
déc. 12 17:49:07 seshat systemd[1]: Stopped udisks2.service - Disk Manager.
déc. 12 17:49:07 seshat systemd[1]: Starting udisks2.service - Disk Manager...
déc. 12 17:49:07 seshat udisksd[3200]: udisks daemon version 2.10.1 starting
déc. 12 17:49:07 seshat udisksd[3200]: Error probing device: Error sending ATA command IDENTIFY PACKET DEVICE to '/dev/sr0': Unexpected sense data returned:
                                        0000: f0 00 05 00  58 00 01 0a  00 00 00 00  21 04 00 00    ....X.......!...
                                        0010: 00 00 00 00  00 00 00 00  00 00 00 00  00 00 00 00    ................
                                         (g-io-error-quark, 0)
déc. 12 17:49:07 seshat systemd[1]: Started udisks2.service - Disk Manager.
déc. 12 17:49:07 seshat udisksd[3200]: Acquired the name org.freedesktop.UDisks2 on the system message bus
déc. 12 17:49:07 seshat systemd[1]: Reloading requested from client PID 3226 ('systemctl') (unit EoleCiTestsDaemon.service)...
déc. 12 17:49:07 seshat systemd[1]: Reloading...
déc. 12 17:49:07 seshat systemd[1]: Configuration file /run/systemd/system/netplan-ovs-cleanup.service is marked world-inaccessible. This has no effect as configuration data is accessible via APIs without restrictions. Proceeding anyway.
déc. 12 17:49:07 seshat systemd[1]: Configuration file /run/systemd/system/systemd-networkd-wait-online.service.d/10-netplan.conf is marked world-inaccessible. This has no effect as configuration data is accessible via APIs without restrictions. Proceeding anyway.
déc. 12 17:49:07 seshat systemd[1]: Reloading finished in 327 ms.
déc. 12 17:49:07 seshat systemd[1]: Reloading requested from client PID 3284 ('systemctl') (unit EoleCiTestsDaemon.service)...
déc. 12 17:49:07 seshat systemd[1]: Reloading...
déc. 12 17:49:08 seshat systemd[1]: Configuration file /run/systemd/system/netplan-ovs-cleanup.service is marked world-inaccessible. This has no effect as configuration data is accessible via APIs without restrictions. Proceeding anyway.
déc. 12 17:49:08 seshat systemd[1]: Configuration file /run/systemd/system/systemd-networkd-wait-online.service.d/10-netplan.conf is marked world-inaccessible. This has no effect as configuration data is accessible via APIs without restrictions. Proceeding anyway.
déc. 12 17:49:08 seshat systemd[1]: Reloading finished in 331 ms.
déc. 12 17:49:08 seshat systemd[1]: exim4-base.timer: Deactivated successfully.
déc. 12 17:49:08 seshat systemd[1]: Stopped exim4-base.timer - Daily exim4-base housekeeping.
déc. 12 17:49:08 seshat systemd[1]: Stopping exim4-base.timer - Daily exim4-base housekeeping...
déc. 12 17:49:08 seshat systemd[1]: Started exim4-base.timer - Daily exim4-base housekeeping.
déc. 12 17:49:08 seshat systemd[1]: Reloading requested from client PID 3345 ('systemctl') (unit EoleCiTestsDaemon.service)...
déc. 12 17:49:08 seshat systemd[1]: Reloading...
déc. 12 17:49:08 seshat systemd[1]: Configuration file /run/systemd/system/netplan-ovs-cleanup.service is marked world-inaccessible. This has no effect as configuration data is accessible via APIs without restrictions. Proceeding anyway.
déc. 12 17:49:08 seshat systemd[1]: Configuration file /run/systemd/system/systemd-networkd-wait-online.service.d/10-netplan.conf is marked world-inaccessible. This has no effect as configuration data is accessible via APIs without restrictions. Proceeding anyway.
déc. 12 17:49:08 seshat systemd[1]: Reloading finished in 337 ms.
déc. 12 17:49:09 seshat systemd[1]: Stopping exim4.service - exim Mail Transport Agent...
déc. 12 17:49:09 seshat systemd[1]: exim4.service: Deactivated successfully.
déc. 12 17:49:09 seshat systemd[1]: Stopped exim4.service - exim Mail Transport Agent.
déc. 12 17:49:09 seshat systemd[1]: Starting exim4.service - exim Mail Transport Agent...
déc. 12 17:49:09 seshat systemd[1]: Started exim4.service - exim Mail Transport Agent.
déc. 12 17:49:09 seshat systemd[1]: Reloading requested from client PID 3413 ('systemctl') (unit EoleCiTestsDaemon.service)...
déc. 12 17:49:09 seshat systemd[1]: Reloading...
déc. 12 17:49:09 seshat systemd[1]: Configuration file /run/systemd/system/netplan-ovs-cleanup.service is marked world-inaccessible. This has no effect as configuration data is accessible via APIs without restrictions. Proceeding anyway.
déc. 12 17:49:09 seshat systemd[1]: Configuration file /run/systemd/system/systemd-networkd-wait-online.service.d/10-netplan.conf is marked world-inaccessible. This has no effect as configuration data is accessible via APIs without restrictions. Proceeding anyway.
déc. 12 17:49:09 seshat systemd[1]: Reloading finished in 364 ms.
déc. 12 17:49:10 seshat systemd[1]: Reloading requested from client PID 3469 ('systemctl') (unit EoleCiTestsDaemon.service)...
déc. 12 17:49:10 seshat systemd[1]: Reloading...
déc. 12 17:49:10 seshat systemd[1]: Configuration file /run/systemd/system/netplan-ovs-cleanup.service is marked world-inaccessible. This has no effect as configuration data is accessible via APIs without restrictions. Proceeding anyway.
déc. 12 17:49:10 seshat systemd[1]: Configuration file /run/systemd/system/systemd-networkd-wait-online.service.d/10-netplan.conf is marked world-inaccessible. This has no effect as configuration data is accessible via APIs without restrictions. Proceeding anyway.
déc. 12 17:49:10 seshat systemd[1]: Reloading finished in 340 ms.
déc. 12 17:49:10 seshat systemd[1]: Stopping apport.service - automatic crash report generation...
déc. 12 17:49:10 seshat systemd[1]: apport.service: Deactivated successfully.
déc. 12 17:49:10 seshat systemd[1]: Stopped apport.service - automatic crash report generation.
déc. 12 17:49:10 seshat systemd[1]: Starting apport.service - automatic crash report generation...
déc. 12 17:49:10 seshat systemd[1]: Finished apport.service - automatic crash report generation.
déc. 12 17:49:11 seshat systemd[1]: Reloading requested from client PID 3570 ('systemctl') (unit EoleCiTestsDaemon.service)...
déc. 12 17:49:11 seshat systemd[1]: Reloading...
déc. 12 17:49:11 seshat systemd[1]: Configuration file /run/systemd/system/netplan-ovs-cleanup.service is marked world-inaccessible. This has no effect as configuration data is accessible via APIs without restrictions. Proceeding anyway.
déc. 12 17:49:11 seshat systemd[1]: Configuration file /run/systemd/system/systemd-networkd-wait-online.service.d/10-netplan.conf is marked world-inaccessible. This has no effect as configuration data is accessible via APIs without restrictions. Proceeding anyway.
déc. 12 17:49:11 seshat systemd[1]: Reloading finished in 348 ms.
déc. 12 17:49:11 seshat systemd[1]: Starting plocate-updatedb.service - Update the plocate database...
déc. 12 17:49:11 seshat systemd[1]: apport-autoreport.path - Process error reports when automatic reporting is enabled (file watch) was skipped because of an unmet condition check (ConditionPathExists=/var/lib/apport/autoreport).
déc. 12 17:49:11 seshat systemd[1]: apport-autoreport.timer - Process error reports when automatic reporting is enabled (timer based) was skipped because of an unmet condition check (ConditionPathExists=/var/lib/apport/autoreport).
déc. 12 17:49:11 seshat systemd[1]: apport-forward.socket - Unix socket for apport crash forwarding was skipped because of an unmet condition check (ConditionVirtualization=container).
déc. 12 17:49:11 seshat dbus-daemon[836]: Unknown group "power" in message bus configuration file
déc. 12 17:49:11 seshat dbus-daemon[836]: [system] Reloaded configuration
déc. 12 17:49:14 seshat systemd[1]: plocate-updatedb.service: Deactivated successfully.
déc. 12 17:49:14 seshat systemd[1]: Finished plocate-updatedb.service - Update the plocate database.
déc. 12 17:49:14 seshat systemd[1]: plocate-updatedb.service: Consumed 1.443s CPU time.
déc. 12 17:49:14 seshat dbus-daemon[836]: [system] Activating via systemd: service name='org.freedesktop.PackageKit' unit='packagekit.service' requested by ':1.23' (uid=0 pid=3660 comm="/usr/bin/gdbus call --system --dest org.freedeskto" label="unconfined")
déc. 12 17:49:14 seshat systemd[1]: Starting packagekit.service - PackageKit Daemon...
déc. 12 17:49:14 seshat PackageKit[3664]: daemon start
déc. 12 17:49:15 seshat dbus-daemon[836]: [system] Successfully activated service 'org.freedesktop.PackageKit'
déc. 12 17:49:15 seshat systemd[1]: Started packagekit.service - PackageKit Daemon.
déc. 12 17:49:26 seshat creoled[1242]: 127.0.0.1 - - [12/Dec/2024:17:49:26] "GET /reload_config HTTP/1.1" 200 31 "" "python-requests/2.31.0"
déc. 12 17:49:26 seshat systemd[1]: Stopping eoleflask.service - Eole flask server...
déc. 12 17:49:27 seshat systemd[1]: eoleflask.service: Deactivated successfully.
déc. 12 17:49:27 seshat systemd[1]: Stopped eoleflask.service - Eole flask server.
déc. 12 17:49:27 seshat systemd[1]: eoleflask.service: Consumed 1.488s CPU time, 92.3M memory peak, 0B memory swap peak.
déc. 12 17:49:27 seshat systemd[1]: Starting eoleflask.service - Eole flask server...
déc. 12 17:49:28 seshat systemd[1]: Started eoleflask.service - Eole flask server.
déc. 12 17:49:28 seshat zephir[1807]: MAJ => FIN : 14 paquets mis à jour en devel
déc. 12 17:49:28 seshat zephir[1807]: MAJ => MSG : Reconfiguration du serveur à planifier
déc. 12 17:49:28 seshat creoled[1242]: 127.0.0.1 - - [12/Dec/2024:17:49:28] "GET /get/creole/interface_0/nom_zone_eth0 HTTP/1.1" 200 35 "" "python-requests/2.31.0"
déc. 12 17:49:29 seshat creoled[1242]: 127.0.0.1 - - [12/Dec/2024:17:49:29] "GET /get/creole/interface_0/nom_zone_eth0 HTTP/1.1" 200 35 "" "python-requests/2.31.0"
déc. 12 17:49:29 seshat creoled[1242]: 127.0.0.1 - - [12/Dec/2024:17:49:29] "GET /get/creole?variable=eole_release HTTP/1.1" 200 35 "" "python-requests/2.31.0"
déc. 12 17:49:29 seshat zephir[3724]: MAJ => INIT : Début en devel
déc. 12 17:49:29 seshat creoled[1242]: 127.0.0.1 - - [12/Dec/2024:17:49:29] "GET /get/creole?variable=activer_proxy_client_mitm HTTP/1.1" 200 274 "" "python-requests/2.31.0"
déc. 12 17:49:30 seshat creoled[1242]: 127.0.0.1 - - [12/Dec/2024:17:49:30] "GET /get/creole?variable=activer_proxy_client HTTP/1.1" 200 32 "" "python-requests/2.31.0"
déc. 12 17:49:30 seshat systemd[1]: var-lib-containers-storage-overlay.mount: Deactivated successfully.
déc. 12 17:49:30 seshat creoled[1242]: 127.0.0.1 - - [12/Dec/2024:17:49:30] "GET /get/creole?variable=eole_module HTTP/1.1" 200 35 "" "python-requests/2.31.0"
déc. 12 17:49:30 seshat creoled[1242]: 127.0.0.1 - - [12/Dec/2024:17:49:30] "GET /get/creole?variable=numero_etab HTTP/1.1" 200 31 "" "python-requests/2.31.0"
déc. 12 17:49:31 seshat zephir[3724]: MAJ => MSG : Mise à jour en devel forcée par l'utilisateur
déc. 12 17:49:31 seshat creoled[1242]: 127.0.0.1 - - [12/Dec/2024:17:49:31] "GET /get/creole?variable=mode_conteneur_actif HTTP/1.1" 200 32 "" "python-requests/2.31.0"
déc. 12 17:49:31 seshat creoled[1242]: 127.0.0.1 - - [12/Dec/2024:17:49:31] "GET /get/creole?variable=mode_conteneur_actif HTTP/1.1" 200 32 "" "python-requests/2.31.0"
déc. 12 17:49:31 seshat creoled[1242]: 127.0.0.1 - - [12/Dec/2024:17:49:31] "GET /get/containers/containers HTTP/1.1" 200 1443 "" "python-requests/2.31.0"
déc. 12 17:49:31 seshat creoled[1242]: 127.0.0.1 - - [12/Dec/2024:17:49:31] "GET /get/containers?withoption=real_container&withvalue=root HTTP/1.1" 200 105984 "" "python-requests/2.31.0"
déc. 12 17:49:33 seshat creoled[1242]: 127.0.0.1 - - [12/Dec/2024:17:49:33] "GET /get/creole HTTP/1.1" 200 12526 "" "python-requests/2.31.0"
déc. 12 17:49:33 seshat creoled[1242]: 127.0.0.1 - - [12/Dec/2024:17:49:33] "GET /get/creole?variable=ubuntu_update_mirrors HTTP/1.1" 200 64 "" "python-requests/2.31.0"
déc. 12 17:49:43 seshat creoled[1242]: 127.0.0.1 - - [12/Dec/2024:17:49:43] "GET /get/creole?variable=envole_version HTTP/1.1" 200 201 "" "python-requests/2.31.0"
déc. 12 17:49:43 seshat creoled[1242]: 127.0.0.1 - - [12/Dec/2024:17:49:43] "GET /get/creole?variable=additional_repository_name HTTP/1.1" 200 29 "" "python-requests/2.31.0"
déc. 12 17:49:43 seshat creoled[1242]: 127.0.0.1 - - [12/Dec/2024:17:49:43] "GET /get/creole?variable=additional_repository_source HTTP/1.1" 200 29 "" "python-requests/2.31.0"
déc. 12 17:49:43 seshat creoled[1242]: 127.0.0.1 - - [12/Dec/2024:17:49:43] "GET /get/creole?variable=additional_repository_key_type HTTP/1.1" 200 29 "" "python-requests/2.31.0"
déc. 12 17:49:43 seshat creoled[1242]: 127.0.0.1 - - [12/Dec/2024:17:49:43] "GET /get/creole?variable=additional_repository_key_url HTTP/1.1" 200 29 "" "python-requests/2.31.0"
déc. 12 17:49:43 seshat creoled[1242]: 127.0.0.1 - - [12/Dec/2024:17:49:43] "GET /get/creole?variable=additional_repository_key_signserver HTTP/1.1" 200 29 "" "python-requests/2.31.0"
déc. 12 17:49:43 seshat creoled[1242]: 127.0.0.1 - - [12/Dec/2024:17:49:43] "GET /get/creole?variable=additional_repository_key_fingerprint HTTP/1.1" 200 29 "" "python-requests/2.31.0"
déc. 12 17:49:45 seshat systemd[1]: Starting apt-news.service - Update APT News...
déc. 12 17:49:45 seshat systemd[1]: Starting esm-cache.service - Update the local ESM caches...
déc. 12 17:49:45 seshat systemd[1]: apt-news.service: Deactivated successfully.
déc. 12 17:49:45 seshat systemd[1]: Finished apt-news.service - Update APT News.
déc. 12 17:49:46 seshat kernel: audit: type=1400 audit(1734025786.381:131): apparmor="DENIED" operation="open" class="file" profile="ubuntu_pro_esm_cache//apt_methods_gpgv" name="/dev/tty" pid=4110 comm="apt-key" requested_mask="wr" denied_mask="wr" fsuid=42 ouid=0
déc. 12 17:49:46 seshat kernel: audit: type=1400 audit(1734025786.458:132): apparmor="DENIED" operation="open" class="file" profile="ubuntu_pro_esm_cache//apt_methods_gpgv" name="/dev/tty" pid=4196 comm="apt-key" requested_mask="wr" denied_mask="wr" fsuid=42 ouid=0
déc. 12 17:49:46 seshat systemd[1]: esm-cache.service: Deactivated successfully.
déc. 12 17:49:46 seshat systemd[1]: Finished esm-cache.service - Update the local ESM caches.
déc. 12 17:49:54 seshat zephir[3724]: MAJ => FIN : Aucun paquet à installer en devel
déc. 12 17:49:54 seshat EOLECITESTS[4533]: ciMonitor python3 ==> RESULT=0
déc. 12 17:49:54 seshat EOLECITESTS[4537]: GenConteneur
déc. 12 17:49:54 seshat EOLECITESTS[4538]: Pas de fichier startup '/mnt/eole-ci-tests/module/UpdateDaily-seshat.sh'
déc. 12 17:49:54 seshat EOLECITESTS[4539]: Test CVE Noyau
déc. 12 17:49:54 seshat EOLECITESTS[4542]: autoremove pour les anciens noyaux
déc. 12 17:49:55 seshat EOLECITESTS[4547]: * Execute updatedb
déc. 12 17:49:56 seshat EOLECITESTS[4550]: Tag l'Image Daily
déc. 12 17:49:56 seshat EOLECITESTS[4554]: Check Update Service
déc. 12 17:49:56 seshat systemd[1]: Reloading requested from client PID 4578 ('systemctl') (unit EoleCiTestsDaemon.service)...
déc. 12 17:49:56 seshat systemd[1]: Reloading...
déc. 12 17:49:56 seshat systemd[1]: Configuration file /run/systemd/system/netplan-ovs-cleanup.service is marked world-inaccessible. This has no effect as configuration data is accessible via APIs without restrictions. Proceeding anyway.
déc. 12 17:49:56 seshat systemd[1]: Configuration file /run/systemd/system/systemd-networkd-wait-online.service.d/10-netplan.conf is marked world-inaccessible. This has no effect as configuration data is accessible via APIs without restrictions. Proceeding anyway.
déc. 12 17:49:56 seshat systemd[1]: Reloading finished in 342 ms.
déc. 12 17:49:56 seshat systemd[1]: Reloading requested from client PID 4626 ('systemctl') (unit EoleCiTestsDaemon.service)...
déc. 12 17:49:56 seshat systemd[1]: Reloading...
déc. 12 17:49:56 seshat systemd[1]: Configuration file /run/systemd/system/netplan-ovs-cleanup.service is marked world-inaccessible. This has no effect as configuration data is accessible via APIs without restrictions. Proceeding anyway.
déc. 12 17:49:56 seshat systemd[1]: Configuration file /run/systemd/system/systemd-networkd-wait-online.service.d/10-netplan.conf is marked world-inaccessible. This has no effect as configuration data is accessible via APIs without restrictions. Proceeding anyway.
déc. 12 17:49:57 seshat systemd[1]: Reloading finished in 333 ms.
déc. 12 17:49:57 seshat systemd[1]: Reloading requested from client PID 4675 ('systemctl') (unit EoleCiTestsDaemon.service)...
déc. 12 17:49:57 seshat systemd[1]: Reloading...
déc. 12 17:49:57 seshat systemd[1]: Configuration file /run/systemd/system/netplan-ovs-cleanup.service is marked world-inaccessible. This has no effect as configuration data is accessible via APIs without restrictions. Proceeding anyway.
déc. 12 17:49:57 seshat systemd[1]: Configuration file /run/systemd/system/systemd-networkd-wait-online.service.d/10-netplan.conf is marked world-inaccessible. This has no effect as configuration data is accessible via APIs without restrictions. Proceeding anyway.
déc. 12 17:49:57 seshat systemd[1]: Reloading finished in 328 ms.
déc. 12 17:49:57 seshat systemd[1]: Reloading requested from client PID 4746 ('systemctl') (unit EoleCiTestsDaemon.service)...
déc. 12 17:49:57 seshat systemd[1]: Reloading...
déc. 12 17:49:57 seshat systemd[1]: Configuration file /run/systemd/system/netplan-ovs-cleanup.service is marked world-inaccessible. This has no effect as configuration data is accessible via APIs without restrictions. Proceeding anyway.
déc. 12 17:49:57 seshat systemd[1]: Configuration file /run/systemd/system/systemd-networkd-wait-online.service.d/10-netplan.conf is marked world-inaccessible. This has no effect as configuration data is accessible via APIs without restrictions. Proceeding anyway.
déc. 12 17:49:57 seshat systemd[1]: Reloading finished in 334 ms.
déc. 12 17:49:58 seshat systemd[1]: Reloading requested from client PID 4794 ('systemctl') (unit EoleCiTestsDaemon.service)...
déc. 12 17:49:58 seshat systemd[1]: Reloading...
déc. 12 17:49:58 seshat systemd[1]: Configuration file /run/systemd/system/netplan-ovs-cleanup.service is marked world-inaccessible. This has no effect as configuration data is accessible via APIs without restrictions. Proceeding anyway.
déc. 12 17:49:58 seshat systemd[1]: Configuration file /run/systemd/system/systemd-networkd-wait-online.service.d/10-netplan.conf is marked world-inaccessible. This has no effect as configuration data is accessible via APIs without restrictions. Proceeding anyway.
déc. 12 17:49:58 seshat systemd[1]: Reloading finished in 334 ms.
déc. 12 17:49:58 seshat systemd[1]: Reloading requested from client PID 4843 ('systemctl') (unit EoleCiTestsDaemon.service)...
déc. 12 17:49:58 seshat systemd[1]: Reloading...
déc. 12 17:49:58 seshat systemd[1]: Configuration file /run/systemd/system/netplan-ovs-cleanup.service is marked world-inaccessible. This has no effect as configuration data is accessible via APIs without restrictions. Proceeding anyway.
déc. 12 17:49:58 seshat systemd[1]: Configuration file /run/systemd/system/systemd-networkd-wait-online.service.d/10-netplan.conf is marked world-inaccessible. This has no effect as configuration data is accessible via APIs without restrictions. Proceeding anyway.
déc. 12 17:49:58 seshat systemd[1]: Reloading finished in 328 ms.
déc. 12 17:49:58 seshat EOLECITESTS[4895]: Trim disk
déc. 12 17:49:58 seshat EOLECITESTS[4897]: ciUpdateDaily DEV : OK
déc. 12 17:50:01 seshat CRON[4902]: pam_unix(cron:session): session opened for user root(uid=0) by root(uid=0)
déc. 12 17:50:01 seshat CRON[4903]: (root) CMD (   /usr/share/zephir/scripts/cron-zephir.sh &>/dev/null)
déc. 12 17:50:01 seshat creoled[1242]: 127.0.0.1 - - [12/Dec/2024:17:50:01] "GET /get/creole?variable=module_instancie HTTP/1.1" 200 32 "" "python-requests/2.31.0"
déc. 12 17:50:01 seshat CRON[4902]: pam_unix(cron:session): session closed for user root
déc. 12 17:50:01 seshat systemd[1]: Starting sysstat-collect.service - system activity accounting tool...
déc. 12 17:50:01 seshat systemd[1]: sysstat-collect.service: Deactivated successfully.
déc. 12 17:50:01 seshat systemd[1]: Finished sysstat-collect.service - system activity accounting tool.
déc. 12 17:50:09 seshat 50-motd-news[4919]:  * Strictly confined Kubernetes makes edge and IoT secure. Learn how MicroK8s
déc. 12 17:50:09 seshat 50-motd-news[4919]:    just raised the bar for easy, resilient and secure K8s cluster deployment.
déc. 12 17:50:09 seshat 50-motd-news[4919]:    https://ubuntu.com/engage/secure-kubernetes-at-the-edge
déc. 12 17:50:09 seshat systemd[1]: motd-news.service: Deactivated successfully.
déc. 12 17:50:09 seshat systemd[1]: Finished motd-news.service - Message of the Day.
déc. 12 17:50:16 seshat systemd-logind[883]: Power key pressed short.
déc. 12 17:50:16 seshat systemd-logind[883]: Powering off...
déc. 12 17:50:16 seshat systemd-logind[883]: System is powering down.
déc. 12 17:50:16 seshat systemd[1]: unattended-upgrades.service: Deactivated successfully.
déc. 12 17:50:16 seshat systemd[1]: Removed slice system-modprobe.slice - Slice /system/modprobe.
déc. 12 17:50:16 seshat systemd[1]: Stopped target boot-complete.target - Boot Completion Check.
déc. 12 17:50:16 seshat systemd[1]: Stopped target graphical.target - Graphical Interface.
déc. 12 17:50:16 seshat systemd[1]: Stopped target timers.target - Timer Units.
déc. 12 17:50:16 seshat systemd[1]: apt-show-versions.timer: Deactivated successfully.
déc. 12 17:50:16 seshat systemd[1]: Stopped apt-show-versions.timer - Daily apt-show-versions index rebuild.
déc. 12 17:50:16 seshat systemd[1]: certbot.timer: Deactivated successfully.
déc. 12 17:50:16 seshat systemd[1]: Stopped certbot.timer - Run certbot twice daily.
déc. 12 17:50:16 seshat systemd[1]: dpkg-db-backup.timer: Deactivated successfully.
déc. 12 17:50:16 seshat systemd[1]: Stopped dpkg-db-backup.timer - Daily dpkg database backup timer.
déc. 12 17:50:16 seshat systemd[1]: e2scrub_all.timer: Deactivated successfully.
déc. 12 17:50:16 seshat systemd[1]: Stopped e2scrub_all.timer - Periodic ext4 Online Metadata Check for All Filesystems.
déc. 12 17:50:16 seshat systemd[1]: fwupd-refresh.timer: Deactivated successfully.
déc. 12 17:50:16 seshat systemd[1]: Stopped fwupd-refresh.timer - Refresh fwupd metadata regularly.
déc. 12 17:50:16 seshat systemd[1]: logrotate.timer: Deactivated successfully.
déc. 12 17:50:16 seshat systemd[1]: Stopped logrotate.timer - Daily rotation of log files.
déc. 12 17:50:16 seshat systemd[1]: exim4-base.timer: Deactivated successfully.
déc. 12 17:50:16 seshat systemd[1]: Stopped exim4-base.timer - Daily exim4-base housekeeping.
déc. 12 17:50:17 seshat systemd[1]: man-db.timer: Deactivated successfully.
déc. 12 17:50:17 seshat systemd[1]: Stopped man-db.timer - Daily man-db regeneration.
déc. 12 17:50:17 seshat systemd[1]: motd-news.timer: Deactivated successfully.
déc. 12 17:50:17 seshat systemd[1]: Stopped motd-news.timer - Message of the Day.
déc. 12 17:50:17 seshat systemd[1]: phpsessionclean.timer: Deactivated successfully.
déc. 12 17:50:17 seshat systemd[1]: Stopped phpsessionclean.timer - Clean PHP session files every 30 mins.
déc. 12 17:50:17 seshat systemd[1]: plocate-updatedb.timer: Deactivated successfully.
déc. 12 17:50:17 seshat systemd[1]: Stopped plocate-updatedb.timer - Update the plocate database daily.
déc. 12 17:50:17 seshat systemd[1]: podman-auto-update.timer: Deactivated successfully.
déc. 12 17:50:17 seshat systemd[1]: Stopped podman-auto-update.timer - Podman auto-update timer.
déc. 12 17:50:17 seshat systemd[1]: sysstat-collect.timer: Deactivated successfully.
déc. 12 17:50:17 seshat systemd[1]: Stopped sysstat-collect.timer - Run system activity accounting tool every 10 minutes.
déc. 12 17:50:17 seshat systemd[1]: sysstat-summary.timer: Deactivated successfully.
déc. 12 17:50:17 seshat systemd[1]: Stopped sysstat-summary.timer - Generate summary of yesterday's process accounting.
déc. 12 17:50:17 seshat systemd[1]: systemd-tmpfiles-clean.timer: Deactivated successfully.
déc. 12 17:50:17 seshat systemd[1]: Stopped systemd-tmpfiles-clean.timer - Daily Cleanup of Temporary Directories.
déc. 12 17:50:17 seshat systemd[1]: update-notifier-download.timer: Deactivated successfully.
déc. 12 17:50:17 seshat systemd[1]: Stopped update-notifier-download.timer - Download data for packages that failed at package install time.
déc. 12 17:50:17 seshat systemd[1]: update-notifier-motd.timer: Deactivated successfully.
déc. 12 17:50:17 seshat systemd[1]: Stopped update-notifier-motd.timer - Check to see whether there is a new version of Ubuntu available.
déc. 12 17:50:17 seshat systemd[1]: lvm2-lvmpolld.socket: Deactivated successfully.
déc. 12 17:50:17 seshat systemd[1]: Closed lvm2-lvmpolld.socket - LVM2 poll daemon socket.
déc. 12 17:50:17 seshat systemd[1]: systemd-rfkill.socket: Deactivated successfully.
déc. 12 17:50:17 seshat systemd[1]: Closed systemd-rfkill.socket - Load/Save RF Kill Switch Status /dev/rfkill Watch.
déc. 12 17:50:17 seshat systemd[1]: Stopping EoleCiTestsDaemon.service - EOLE Continuous Integration Tests Daemon...
déc. 12 17:50:17 seshat systemd[1]: Stopping blk-availability.service - Availability of block devices...
déc. 12 17:50:17 seshat systemd[1]: Stopping change-password-rpc.service - RPC Server for eole-sso task delegation...
déc. 12 17:50:17 seshat systemd[1]: Stopping finalrd.service - Create final runtime dir for shutdown pivot root...
déc. 12 17:50:17 seshat systemd[1]: Stopping fstrim.service - Discard unused blocks on filesystems from /etc/fstab...
déc. 12 17:50:17 seshat systemd[1]: Stopping packagekit.service - PackageKit Daemon...
déc. 12 17:50:17 seshat systemd[1]: Stopping podman-restart.service - Podman Start All Containers With Restart Policy Set To Always...
déc. 12 17:50:17 seshat systemd[1]: snapd.system-shutdown.service - Ubuntu core (all-snaps) system shutdown helper setup service was skipped because of an unmet condition check (ConditionPathExists=!/usr/bin/finalrd).
déc. 12 17:50:17 seshat systemd[1]: Stopping systemd-random-seed.service - Load/Save OS Random Seed...
déc. 12 17:50:17 seshat systemd[1]: Stopping udisks2.service - Disk Manager...
déc. 12 17:50:17 seshat systemd[1]: EoleCiTestsDaemon.service: Deactivated successfully.
déc. 12 17:50:17 seshat systemd[1]: Stopped EoleCiTestsDaemon.service - EOLE Continuous Integration Tests Daemon.
déc. 12 17:50:17 seshat systemd[1]: EoleCiTestsDaemon.service: Consumed 45.621s CPU time, 577.2M memory peak, 0B memory swap peak.
déc. 12 17:50:17 seshat systemd[1]: packagekit.service: Deactivated successfully.
déc. 12 17:50:17 seshat systemd[1]: Stopped packagekit.service - PackageKit Daemon.
déc. 12 17:50:17 seshat udisksd[3200]: udisks daemon version 2.10.1 exiting
déc. 12 17:50:17 seshat systemd[1]: Stopped target multi-user.target - Multi-User System.
déc. 12 17:50:17 seshat systemd[1]: Stopped target getty.target - Login Prompts.
déc. 12 17:50:17 seshat systemd[1]: Stopped target nut.target - Network UPS Tools - target for power device drivers, data server and monitoring client (if enabled) on this system.
déc. 12 17:50:17 seshat systemd[1]: Stopped target nut-driver.target - Network UPS Tools - target for power device drivers on this system.
déc. 12 17:50:17 seshat ModemManager[1114]: <msg> caught signal, shutting down...
déc. 12 17:50:17 seshat blkdeactivate[4936]: Deactivating block devices:
déc. 12 17:50:17 seshat systemd[1]: Stopping ModemManager.service - Modem Manager...
déc. 12 17:50:17 seshat systemd[1]: Stopping apache2.service - The Apache HTTP Server...
déc. 12 17:50:17 seshat systemd[1]: Stopping apport.service - automatic crash report generation...
déc. 12 17:50:17 seshat systemd[1]: Stopping atd.service - Deferred execution scheduler...
déc. 12 17:50:17 seshat systemd[1]: Stopping creoled.service - EOLE Creole server...
déc. 12 17:50:17 seshat ModemManager[1114]: <msg> ModemManager is shut down
déc. 12 17:50:17 seshat blkdeactivate[4936]:   [SKIP]: unmount of seshat--vg-var (dm-1) mounted on /var
déc. 12 17:50:17 seshat creoled[1242]:  ENGINE Caught signal SIGTERM.
déc. 12 17:50:17 seshat creoled[1242]:  ENGINE Bus STOPPING
déc. 12 17:50:17 seshat systemd[1]: Stopping cron.service - Regular background program processing daemon...
déc. 12 17:50:17 seshat systemd[1]: Stopping eoleflask.service - Eole flask server...
déc. 12 17:50:17 seshat systemd[1]: Stopping exim4.service - exim Mail Transport Agent...
déc. 12 17:50:17 seshat systemd[1]: Stopping getty@tty1.service - Getty on tty1...
déc. 12 17:50:17 seshat systemd[1]: Stopping gpm.service - Console Mouse manager...
déc. 12 17:50:17 seshat kernel: EXT4-fs (dm-2): unmounting filesystem e75e5a5a-8d98-430d-adfb-db40e6dfdf9c.
déc. 12 17:50:17 seshat systemd[1]: Stopping inetd.service - Internet superserver...
déc. 12 17:50:17 seshat systemd[1]: Stopping mysql.service - MySQL Community Server...
déc. 12 17:50:17 seshat blkdeactivate[4936]:   [UMOUNT]: unmounting seshat--vg-home (dm-2) mounted on /home... done
déc. 12 17:50:17 seshat blkdeactivate[4936]:   [SKIP]: unmount of seshat--vg-root (dm-0) mounted on /
déc. 12 17:50:17 seshat systemd[1]: Stopping networkd-dispatcher.service - Dispatcher daemon for systemd-networkd...
déc. 12 17:50:17 seshat systemd[1]: Stopping nginx.service - A high performance web server and a reverse proxy server...
déc. 12 17:50:17 seshat systemd[1]: plymouth-quit.service: Deactivated successfully.
déc. 12 17:50:17 seshat systemd[1]: Stopped plymouth-quit.service - Terminate Plymouth Boot Screen.
déc. 12 17:50:17 seshat systemd[1]: Stopping rng-tools-debian.service - LSB: rng-tools (Debian variant)...
déc. 12 17:50:17 seshat systemd[1]: Stopping rsyslog.service - System Logging Service...
déc. 12 17:50:17 seshat rsyslogd[964]: [origin software="rsyslogd" swVersion="8.2312.0" x-pid="964" x-info="https://www.rsyslog.com"] exiting on signal 15.
déc. 12 17:50:17 seshat systemd[1]: snapd.seeded.service: Deactivated successfully.
déc. 12 17:50:17 seshat systemd[1]: Stopped snapd.seeded.service - Wait until snapd is fully seeded.
déc. 12 17:50:17 seshat systemd[1]: Stopping spamd.service - Perl-based spam filter using text analysis...
déc. 12 17:50:17 seshat systemd[1]: sysstat.service: Deactivated successfully.
déc. 12 17:50:17 seshat systemd[1]: Stopped sysstat.service - Resets System Activity Logs.
déc. 12 17:50:17 seshat systemd[1]: Stopping systemd-logind.service - User Login Management...
déc. 12 17:50:17 seshat systemd[1]: Stopping vnstat.service - vnStat network traffic monitor...
déc. 12 17:50:17 seshat vnstatd[1253]: Info: SIGTERM received, exiting.
déc. 12 17:50:17 seshat systemd[1]: home.mount: Deactivated successfully.
déc. 12 17:50:17 seshat spamd[1459]: spamd: server killed by SIGTERM, shutting down
déc. 12 17:50:17 seshat systemd[1]: Unmounted home.mount - /home.
déc. 12 17:50:17 seshat systemd[1]: gpm.service: Deactivated successfully.
déc. 12 17:50:17 seshat systemd[1]: Stopped gpm.service - Console Mouse manager.
déc. 12 17:50:17 seshat spamd[1459]: spamd: cannot send SIGINT to child process [1734]: No such process
déc. 12 17:50:17 seshat systemd[1]: networkd-dispatcher.service: Deactivated successfully.
déc. 12 17:50:17 seshat systemd[1]: Stopped networkd-dispatcher.service - Dispatcher daemon for systemd-networkd.
déc. 12 17:50:17 seshat systemd[1]: rsyslog.service: Deactivated successfully.
déc. 12 17:50:17 seshat systemd[1]: Stopped rsyslog.service - System Logging Service.
déc. 12 17:50:17 seshat systemd[1]: ModemManager.service: Deactivated successfully.
déc. 12 17:50:17 seshat systemd[1]: Stopped ModemManager.service - Modem Manager.
déc. 12 17:50:17 seshat systemd[1]: inetd.service: Deactivated successfully.
déc. 12 17:50:17 seshat systemd[1]: Stopped inetd.service - Internet superserver.
déc. 12 17:50:17 seshat systemd[1]: cron.service: Deactivated successfully.
déc. 12 17:50:17 seshat systemd[1]: Stopped cron.service - Regular background program processing daemon.
déc. 12 17:50:17 seshat apachectl[4979]: AH00558: apache2: Could not reliably determine the server's fully qualified domain name, using 127.0.1.1. Set the 'ServerName' directive globally to suppress this message
déc. 12 17:50:17 seshat systemd[1]: atd.service: Deactivated successfully.
déc. 12 17:50:17 seshat systemd[1]: Stopped atd.service - Deferred execution scheduler.
déc. 12 17:50:17 seshat systemd[1]: getty@tty1.service: Deactivated successfully.
déc. 12 17:50:17 seshat systemd[1]: Stopped getty@tty1.service - Getty on tty1.
déc. 12 17:50:17 seshat systemd[1]: vnstat.service: Deactivated successfully.
déc. 12 17:50:17 seshat systemd[1]: Stopped vnstat.service - vnStat network traffic monitor.
déc. 12 17:50:17 seshat systemd[1]: udisks2.service: Deactivated successfully.
déc. 12 17:50:17 seshat systemd[1]: Stopped udisks2.service - Disk Manager.
déc. 12 17:50:17 seshat systemd[1]: exim4.service: Deactivated successfully.
déc. 12 17:50:17 seshat systemd[1]: Stopped exim4.service - exim Mail Transport Agent.
déc. 12 17:50:17 seshat systemd[1]: systemd-random-seed.service: Deactivated successfully.
déc. 12 17:50:17 seshat systemd[1]: Stopped systemd-random-seed.service - Load/Save OS Random Seed.
déc. 12 17:50:17 seshat systemd[1]: change-password-rpc.service: Deactivated successfully.
déc. 12 17:50:17 seshat systemd[1]: Stopped change-password-rpc.service - RPC Server for eole-sso task delegation.
déc. 12 17:50:17 seshat systemd[1]: nginx.service: Deactivated successfully.
déc. 12 17:50:17 seshat systemd[1]: Stopped nginx.service - A high performance web server and a reverse proxy server.
déc. 12 17:50:17 seshat systemd[1]: systemd-logind.service: Deactivated successfully.
déc. 12 17:50:17 seshat systemd[1]: Stopped systemd-logind.service - User Login Management.
déc. 12 17:50:17 seshat systemd[1]: Removed slice system-getty.slice - Slice /system/getty.
déc. 12 17:50:17 seshat systemd[1]: Stopped target getty-pre.target - Preparation for Logins.
déc. 12 17:50:17 seshat systemd[1]: plymouth-poweroff.service - Show Plymouth Power Off Screen was skipped because of an unmet condition check (ConditionKernelCommandLine=splash).
déc. 12 17:50:17 seshat systemd[1]: plymouth-quit-wait.service: Deactivated successfully.
déc. 12 17:50:17 seshat systemd[1]: Stopped plymouth-quit-wait.service - Hold until boot process finishes up.
déc. 12 17:50:17 seshat systemd[1]: plymouth-switch-root-initramfs.service - Tell Plymouth To Jump To initramfs was skipped because no trigger condition checks were met.
déc. 12 17:50:17 seshat systemd[1]: Stopping polkit.service - Authorization Manager...
déc. 12 17:50:17 seshat systemd[1]: rc-local.service: Deactivated successfully.
déc. 12 17:50:17 seshat systemd[1]: Stopped rc-local.service - /etc/rc.local Compatibility.
déc. 12 17:50:17 seshat systemd[1]: systemd-fsck@dev-disk-by\x2did-dm\x2duuid\x2dLVM\x2dLCMnSReBweQHG0QIs6qK5PtK4cQzHdBDSG8fyQ62n3mpyowdS7XtV1sgdXmL31eF.service: Deactivated successfully.
déc. 12 17:50:17 seshat systemd[1]: Stopped systemd-fsck@dev-disk-by\x2did-dm\x2duuid\x2dLVM\x2dLCMnSReBweQHG0QIs6qK5PtK4cQzHdBDSG8fyQ62n3mpyowdS7XtV1sgdXmL31eF.service - File System Check on /dev/disk/by-id/dm-uuid-LVM-LCMnSReBweQHG0QIs6qK5PtK4cQzHdBDSG8fyQ62n3mpyowdS7XtV1sgdXmL31eF.
déc. 12 17:50:17 seshat systemd[1]: Stopping systemd-user-sessions.service - Permit User Sessions...
déc. 12 17:50:17 seshat systemd[1]: polkit.service: Deactivated successfully.
déc. 12 17:50:17 seshat systemd[1]: Stopped polkit.service - Authorization Manager.
déc. 12 17:50:17 seshat systemd[1]: apache2.service: Killing process 1563 (apache2) with signal SIGKILL.
déc. 12 17:50:17 seshat systemd[1]: apache2.service: Killing process 1567 (apache2) with signal SIGKILL.
déc. 12 17:50:17 seshat systemd[1]: systemd-user-sessions.service: Deactivated successfully.
déc. 12 17:50:17 seshat systemd[1]: Stopped systemd-user-sessions.service - Permit User Sessions.
déc. 12 17:50:17 seshat systemd[1]: rng-tools-debian.service: Deactivated successfully.
déc. 12 17:50:17 seshat systemd[1]: Stopped rng-tools-debian.service - LSB: rng-tools (Debian variant).
déc. 12 17:50:17 seshat systemd[1]: apache2.service: Deactivated successfully.
déc. 12 17:50:17 seshat systemd[1]: Stopped apache2.service - The Apache HTTP Server.
déc. 12 17:50:17 seshat systemd[1]: Stopped target nss-lookup.target - Host and Network Name Lookups.
déc. 12 17:50:17 seshat systemd[1]: blk-availability.service: Deactivated successfully.
déc. 12 17:50:17 seshat systemd[1]: Stopped blk-availability.service - Availability of block devices.
déc. 12 17:50:17 seshat sh[4941]: time="2024-12-12T17:50:17Z" level=info msg="/usr/bin/podman filtering at log level info"
déc. 12 17:50:17 seshat sh[4941]: Error: you must provide at least one name or id
déc. 12 17:50:17 seshat systemd[1]: podman-restart.service: Control process exited, code=exited, status=125/n/a
déc. 12 17:50:17 seshat systemd[1]: podman-restart.service: Failed with result 'exit-code'.
déc. 12 17:50:17 seshat systemd[1]: Stopped podman-restart.service - Podman Start All Containers With Restart Policy Set To Always.
déc. 12 17:50:17 seshat creoled[1242]:  ENGINE HTTP Server cherrypy._cpwsgi_server.CPWSGIServer(('127.0.0.1', 8000)) shut down
déc. 12 17:50:17 seshat creoled[1242]:  ENGINE Stop InotifyMonitor thread
déc. 12 17:50:17 seshat creoled[1242]:  ENGINE Bus STOPPED
déc. 12 17:50:17 seshat creoled[1242]:  ENGINE Bus EXITING
déc. 12 17:50:17 seshat creoled[1242]:  ENGINE PID file removed: '/run/creoled.pid'.
déc. 12 17:50:17 seshat creoled[1242]:  ENGINE Bus EXITED
déc. 12 17:50:17 seshat creoled[1242]:  ENGINE Waiting for child threads to terminate...
déc. 12 17:50:17 seshat systemd[1]: spamd.service: Deactivated successfully.
déc. 12 17:50:17 seshat systemd[1]: Stopped spamd.service - Perl-based spam filter using text analysis.
déc. 12 17:50:17 seshat systemd[1]: spamd.service: Consumed 2.023s CPU time, 145.8M memory peak, 0B memory swap peak.
déc. 12 17:50:17 seshat fstrim[4938]: /boot/efi: 56,9 MiB (59663872 bytes) trimmed on /dev/sda1
déc. 12 17:50:17 seshat fstrim[4938]: /boot: 0 B (0 bytes) trimmed on /dev/sda3
déc. 12 17:50:17 seshat fstrim[4938]: /var: 1,6 GiB (1745674240 bytes) trimmed on /dev/mapper/seshat--vg-var
déc. 12 17:50:17 seshat fstrim[4938]: /: 100 MiB (104869888 bytes) trimmed on /dev/mapper/seshat--vg-root
déc. 12 17:50:17 seshat systemd[1]: fstrim.service: Deactivated successfully.
déc. 12 17:50:17 seshat systemd[1]: Stopped fstrim.service - Discard unused blocks on filesystems from /etc/fstab.
déc. 12 17:50:17 seshat systemd[1]: fstrim.timer: Deactivated successfully.
déc. 12 17:50:17 seshat systemd[1]: Stopped fstrim.timer - Discard unused filesystem blocks once a week.
déc. 12 17:50:17 seshat systemd-tmpfiles[5129]: /run/finalrd-libs.conf:47: Duplicate line for path "/run/initramfs/lib64", ignoring.
déc. 12 17:50:17 seshat systemd[1]: apport.service: Deactivated successfully.
déc. 12 17:50:17 seshat systemd[1]: Stopped apport.service - automatic crash report generation.
déc. 12 17:50:17 seshat systemd[1]: Stopped target remote-fs.target - Remote File Systems.
déc. 12 17:50:17 seshat systemd[1]: Stopped target remote-fs-pre.target - Preparation for Remote File Systems.
déc. 12 17:50:17 seshat finalrd[5131]: run-parts: executing /usr/share/finalrd/mdadm.finalrd setup
déc. 12 17:50:17 seshat systemd[1]: creoled.service: Deactivated successfully.
déc. 12 17:50:17 seshat systemd[1]: Stopped creoled.service - EOLE Creole server.
déc. 12 17:50:17 seshat systemd[1]: creoled.service: Consumed 2.972s CPU time, 89.0M memory peak, 0B memory swap peak.
déc. 12 17:50:17 seshat finalrd[5131]: run-parts: executing /usr/share/finalrd/open-iscsi.finalrd setup
déc. 12 17:50:17 seshat systemd[1]: finalrd.service: Deactivated successfully.
déc. 12 17:50:17 seshat systemd[1]: Stopped finalrd.service - Create final runtime dir for shutdown pivot root.
déc. 12 17:50:18 seshat systemd[1]: mysql.service: Deactivated successfully.
déc. 12 17:50:18 seshat systemd[1]: Stopped mysql.service - MySQL Community Server.
déc. 12 17:50:18 seshat systemd[1]: mysql.service: Consumed 2.131s CPU time, 438.9M memory peak, 0B memory swap peak.
déc. 12 17:50:18 seshat systemd[1]: Stopped target network-online.target - Network is Online.
déc. 12 17:50:18 seshat systemd[1]: Stopped target time-sync.target - System Time Synchronized.
déc. 12 17:50:18 seshat systemd[1]: Stopped target time-set.target - System Time Set.
déc. 12 17:50:18 seshat systemd[1]: eoleflask.service: Deactivated successfully.
déc. 12 17:50:18 seshat systemd[1]: Stopped eoleflask.service - Eole flask server.
déc. 12 17:50:18 seshat systemd[1]: eoleflask.service: Consumed 1.194s CPU time, 74.5M memory peak, 0B memory swap peak.
déc. 12 17:50:18 seshat systemd[1]: Stopped target basic.target - Basic System.
déc. 12 17:50:18 seshat systemd[1]: Stopped target network.target - Network.
déc. 12 17:50:18 seshat systemd[1]: Stopped target paths.target - Path Units.
déc. 12 17:50:18 seshat systemd[1]: acpid.path: Deactivated successfully.
déc. 12 17:50:18 seshat systemd[1]: Stopped acpid.path - ACPI Events Check.
déc. 12 17:50:18 seshat systemd[1]: nut-driver-enumerator.path: Deactivated successfully.
déc. 12 17:50:18 seshat systemd[1]: Stopped nut-driver-enumerator.path.
déc. 12 17:50:18 seshat systemd[1]: Stopped target slices.target - Slice Units.
déc. 12 17:50:18 seshat systemd[1]: Removed slice user.slice - User and Session Slice.
déc. 12 17:50:18 seshat systemd[1]: Stopped target sockets.target - Socket Units.
déc. 12 17:50:18 seshat systemd[1]: acpid.socket: Deactivated successfully.
déc. 12 17:50:18 seshat systemd[1]: Closed acpid.socket - ACPID Listen Socket.
déc. 12 17:50:18 seshat systemd[1]: iscsid.socket: Deactivated successfully.
déc. 12 17:50:18 seshat systemd[1]: Closed iscsid.socket - Open-iSCSI iscsid Socket.
déc. 12 17:50:18 seshat systemd[1]: lxd-installer.socket: Deactivated successfully.
déc. 12 17:50:18 seshat systemd[1]: Closed lxd-installer.socket - Helper to install lxd snap on demand.
déc. 12 17:50:18 seshat systemd[1]: podman.socket: Deactivated successfully.
déc. 12 17:50:18 seshat systemd[1]: Closed podman.socket - Podman API Socket.
déc. 12 17:50:18 seshat systemd[1]: snapd.socket: Deactivated successfully.
déc. 12 17:50:18 seshat systemd[1]: Closed snapd.socket - Socket activation for snappy daemon.
déc. 12 17:50:18 seshat systemd[1]: ssh.socket: Deactivated successfully.
déc. 12 17:50:18 seshat systemd[1]: Closed ssh.socket - OpenBSD Secure Shell server socket.
déc. 12 17:50:18 seshat systemd[1]: syslog.socket: Deactivated successfully.
déc. 12 17:50:18 seshat systemd[1]: Closed syslog.socket - Syslog Socket.
déc. 12 17:50:18 seshat systemd[1]: uuidd.socket: Deactivated successfully.
déc. 12 17:50:18 seshat systemd[1]: Closed uuidd.socket - UUID daemon activation socket.
déc. 12 17:50:18 seshat systemd[1]: Stopped target sysinit.target - System Initialization.
déc. 12 17:50:18 seshat systemd[1]: Stopped target cryptsetup.target - Local Encrypted Volumes.
déc. 12 17:50:18 seshat systemd[1]: systemd-ask-password-console.path: Deactivated successfully.
déc. 12 17:50:18 seshat systemd[1]: Stopped systemd-ask-password-console.path - Dispatch Password Requests to Console Directory Watch.
déc. 12 17:50:18 seshat systemd[1]: systemd-ask-password-wall.path: Deactivated successfully.
déc. 12 17:50:18 seshat systemd[1]: Stopped systemd-ask-password-wall.path - Forward Password Requests to Wall Directory Watch.
déc. 12 17:50:18 seshat systemd[1]: Stopped target integritysetup.target - Local Integrity Protected Volumes.
déc. 12 17:50:18 seshat systemd[1]: Stopped target veritysetup.target - Local Verity Protected Volumes.
déc. 12 17:50:18 seshat systemd[1]: snapd.apparmor.service: Deactivated successfully.
déc. 12 17:50:18 seshat systemd[1]: Stopped snapd.apparmor.service - Load AppArmor profiles managed internally by snapd.
déc. 12 17:50:18 seshat systemd[1]: Stopping apparmor.service - Load AppArmor profiles...
déc. 12 17:50:18 seshat systemd[1]: Stopping systemd-binfmt.service - Set Up Additional Binary Formats...
déc. 12 17:50:18 seshat systemd[1]: Stopping systemd-networkd.service - Network Configuration...
déc. 12 17:50:18 seshat systemd[1]: Stopping systemd-resolved.service - Network Name Resolution...
déc. 12 17:50:18 seshat systemd-networkd[1162]: enp2s0: DHCP lease lost
déc. 12 17:50:18 seshat systemd[1]: Stopping systemd-timesyncd.service - Network Time Synchronization...
déc. 12 17:50:18 seshat systemd[1]: Stopping systemd-update-utmp.service - Record System Boot/Shutdown in UTMP...
déc. 12 17:50:18 seshat systemd-networkd[1162]: enp2s0: DHCPv6 lease lost
déc. 12 17:50:18 seshat systemd[1]: apparmor.service: Deactivated successfully.
déc. 12 17:50:18 seshat systemd[1]: Stopped apparmor.service - Load AppArmor profiles.
déc. 12 17:50:18 seshat systemd[1]: systemd-binfmt.service: Deactivated successfully.
déc. 12 17:50:18 seshat systemd[1]: Stopped systemd-binfmt.service - Set Up Additional Binary Formats.
déc. 12 17:50:18 seshat systemd[1]: systemd-networkd.service: Deactivated successfully.
déc. 12 17:50:18 seshat systemd[1]: Stopped systemd-networkd.service - Network Configuration.
déc. 12 17:50:18 seshat systemd[1]: systemd-timesyncd.service: Deactivated successfully.
déc. 12 17:50:18 seshat systemd[1]: Stopped systemd-timesyncd.service - Network Time Synchronization.
déc. 12 17:50:18 seshat systemd[1]: systemd-resolved.service: Deactivated successfully.
déc. 12 17:50:18 seshat systemd[1]: Stopped systemd-resolved.service - Network Name Resolution.
déc. 12 17:50:18 seshat systemd[1]: proc-sys-fs-binfmt_misc.automount: Deactivated successfully.
déc. 12 17:50:18 seshat systemd[1]: Unset automount proc-sys-fs-binfmt_misc.automount - Arbitrary Executable File Formats File System Automount Point.
déc. 12 17:50:18 seshat systemd[1]: Stopped target network-pre.target - Preparation for Network.
déc. 12 17:50:18 seshat systemd[1]: systemd-networkd.socket: Deactivated successfully.
déc. 12 17:50:18 seshat systemd[1]: Closed systemd-networkd.socket - Network Service Netlink Socket.
déc. 12 17:50:18 seshat systemd[1]: systemd-sysctl.service: Deactivated successfully.
déc. 12 17:50:18 seshat systemd[1]: Stopped systemd-sysctl.service - Apply Kernel Variables.
déc. 12 17:50:18 seshat systemd[1]: systemd-modules-load.service: Deactivated successfully.
déc. 12 17:50:18 seshat systemd[1]: Stopped systemd-modules-load.service - Load Kernel Modules.
déc. 12 17:50:18 seshat systemd[1]: proc-sys-fs-binfmt_misc.mount: Deactivated successfully.
déc. 12 17:50:18 seshat systemd[1]: systemd-update-utmp.service: Deactivated successfully.
déc. 12 17:50:18 seshat systemd[1]: Stopped systemd-update-utmp.service - Record System Boot/Shutdown in UTMP.
déc. 12 17:50:18 seshat systemd[1]: systemd-tmpfiles-setup.service: Deactivated successfully.
déc. 12 17:50:18 seshat systemd[1]: Stopped systemd-tmpfiles-setup.service - Create Volatile Files and Directories.
déc. 12 17:50:18 seshat systemd[1]: Stopped target local-fs.target - Local File Systems.
déc. 12 17:50:18 seshat systemd[1]: Stopped target snapd.mounts.target - Mounted snaps.
déc. 12 17:50:18 seshat systemd[1]: Stopped target snapd.mounts-pre.target - Mounting snaps.
déc. 12 17:50:18 seshat systemd[1]: Unmounting boot-efi.mount - /boot/efi...
déc. 12 17:50:18 seshat systemd[1]: Unmounting mnt-cdrom.mount - /mnt/cdrom...
déc. 12 17:50:18 seshat systemd[1]: Unmounting mnt-eole\x2dci\x2dtests.mount - /mnt/eole-ci-tests...
déc. 12 17:50:18 seshat systemd[1]: Unmounting tmp.mount - /tmp...
déc. 12 17:50:18 seshat systemd[1]: Stopping systemd-journal-flush.service - Flush Journal to Persistent Storage...
déc. 12 17:50:18 seshat systemd[1]: boot-efi.mount: Deactivated successfully.
déc. 12 17:50:18 seshat systemd[1]: Unmounted boot-efi.mount - /boot/efi.
déc. 12 17:50:18 seshat systemd[1]: mnt-cdrom.mount: Deactivated successfully.
déc. 12 17:50:18 seshat systemd[1]: Unmounted mnt-cdrom.mount - /mnt/cdrom.
déc. 12 17:50:18 seshat systemd[1]: mnt-eole\x2dci\x2dtests.mount: Deactivated successfully.
déc. 12 17:50:18 seshat systemd[1]: Unmounted mnt-eole\x2dci\x2dtests.mount - /mnt/eole-ci-tests.
déc. 12 17:50:18 seshat systemd[1]: tmp.mount: Deactivated successfully.
déc. 12 17:50:18 seshat systemd[1]: Unmounted tmp.mount - /tmp.
-- Boot 2390422cedf94859bfb8dcb44b9da545 --
déc. 13 17:55:40 seshat kernel: Linux version 6.8.0-50-generic (buildd@lcy02-amd64-020) (x86_64-linux-gnu-gcc-13 (Ubuntu 13.3.0-6ubuntu2~24.04) 13.3.0, GNU ld (GNU Binutils for Ubuntu) 2.42) #51-Ubuntu SMP PREEMPT_DYNAMIC Sat Nov  9 17:58:29 UTC 2024 (Ubuntu 6.8.0-50.51-generic 6.8.12)
déc. 13 17:55:40 seshat kernel: Command line: BOOT_IMAGE=/vmlinuz-6.8.0-50-generic root=/dev/mapper/seshat--vg-root ro rootdelay=90
déc. 13 17:55:40 seshat kernel: KERNEL supported cpus:
déc. 13 17:55:40 seshat kernel:   Intel GenuineIntel
déc. 13 17:55:40 seshat kernel:   AMD AuthenticAMD
déc. 13 17:55:40 seshat kernel:   Hygon HygonGenuine
déc. 13 17:55:40 seshat kernel:   Centaur CentaurHauls
déc. 13 17:55:40 seshat kernel:   zhaoxin   Shanghai  
déc. 13 17:55:40 seshat kernel: BIOS-provided physical RAM map:
déc. 13 17:55:40 seshat kernel: BIOS-e820: [mem 0x0000000000000000-0x000000000009ffff] usable
déc. 13 17:55:40 seshat kernel: BIOS-e820: [mem 0x0000000000100000-0x000000007ed29fff] usable
déc. 13 17:55:40 seshat kernel: BIOS-e820: [mem 0x000000007ed2a000-0x000000007edeafff] reserved
déc. 13 17:55:40 seshat kernel: BIOS-e820: [mem 0x000000007edeb000-0x000000007f8eefff] usable
déc. 13 17:55:40 seshat kernel: BIOS-e820: [mem 0x000000007f8ef000-0x000000007fb6efff] reserved
déc. 13 17:55:40 seshat kernel: BIOS-e820: [mem 0x000000007fb6f000-0x000000007fb7efff] ACPI data
déc. 13 17:55:40 seshat kernel: BIOS-e820: [mem 0x000000007fb7f000-0x000000007fbfefff] ACPI NVS
déc. 13 17:55:40 seshat kernel: BIOS-e820: [mem 0x000000007fbff000-0x000000007ffdffff] usable
déc. 13 17:55:40 seshat kernel: BIOS-e820: [mem 0x000000007ffe0000-0x000000007fffffff] reserved
déc. 13 17:55:40 seshat kernel: BIOS-e820: [mem 0x00000000b0000000-0x00000000bfffffff] reserved
déc. 13 17:55:40 seshat kernel: BIOS-e820: [mem 0x00000000ffe00000-0x00000000ffffffff] reserved
déc. 13 17:55:40 seshat kernel: BIOS-e820: [mem 0x0000000100000000-0x000000013fffffff] usable
déc. 13 17:55:40 seshat kernel: NX (Execute Disable) protection: active
déc. 13 17:55:40 seshat kernel: APIC: Static calls initialized
déc. 13 17:55:40 seshat kernel: e820: update [mem 0x7e345018-0x7e34e657] usable ==> usable
déc. 13 17:55:40 seshat kernel: e820: update [mem 0x7e345018-0x7e34e657] usable ==> usable
déc. 13 17:55:40 seshat kernel: e820: update [mem 0x7e308018-0x7e344457] usable ==> usable
déc. 13 17:55:40 seshat kernel: e820: update [mem 0x7e308018-0x7e344457] usable ==> usable
déc. 13 17:55:40 seshat kernel: extended physical RAM map:
déc. 13 17:55:40 seshat kernel: reserve setup_data: [mem 0x0000000000000000-0x000000000009ffff] usable
déc. 13 17:55:40 seshat kernel: reserve setup_data: [mem 0x0000000000100000-0x000000007e308017] usable
déc. 13 17:55:40 seshat kernel: reserve setup_data: [mem 0x000000007e308018-0x000000007e344457] usable
déc. 13 17:55:40 seshat kernel: reserve setup_data: [mem 0x000000007e344458-0x000000007e345017] usable
déc. 13 17:55:40 seshat kernel: reserve setup_data: [mem 0x000000007e345018-0x000000007e34e657] usable
déc. 13 17:55:40 seshat kernel: reserve setup_data: [mem 0x000000007e34e658-0x000000007ed29fff] usable
déc. 13 17:55:40 seshat kernel: reserve setup_data: [mem 0x000000007ed2a000-0x000000007edeafff] reserved
déc. 13 17:55:40 seshat kernel: reserve setup_data: [mem 0x000000007edeb000-0x000000007f8eefff] usable
déc. 13 17:55:40 seshat kernel: reserve setup_data: [mem 0x000000007f8ef000-0x000000007fb6efff] reserved
déc. 13 17:55:40 seshat kernel: reserve setup_data: [mem 0x000000007fb6f000-0x000000007fb7efff] ACPI data
déc. 13 17:55:40 seshat kernel: reserve setup_data: [mem 0x000000007fb7f000-0x000000007fbfefff] ACPI NVS
déc. 13 17:55:40 seshat kernel: reserve setup_data: [mem 0x000000007fbff000-0x000000007ffdffff] usable
déc. 13 17:55:40 seshat kernel: reserve setup_data: [mem 0x000000007ffe0000-0x000000007fffffff] reserved
déc. 13 17:55:40 seshat kernel: reserve setup_data: [mem 0x00000000b0000000-0x00000000bfffffff] reserved
déc. 13 17:55:40 seshat kernel: reserve setup_data: [mem 0x00000000ffe00000-0x00000000ffffffff] reserved
déc. 13 17:55:40 seshat kernel: reserve setup_data: [mem 0x0000000100000000-0x000000013fffffff] usable
déc. 13 17:55:40 seshat kernel: efi: EFI v2.7 by EDK II
déc. 13 17:55:40 seshat kernel: efi: SMBIOS=0x7f91a000 ACPI=0x7fb7e000 ACPI 2.0=0x7fb7e014 MEMATTR=0x7e34f018 MOKvar=0x7f917000 INITRD=0x7e38ec18 
déc. 13 17:55:40 seshat kernel: efi: Remove mem150: MMIO range=[0xffe00000-0xffffffff] (2MB) from e820 map
déc. 13 17:55:40 seshat kernel: e820: remove [mem 0xffe00000-0xffffffff] reserved
déc. 13 17:55:40 seshat kernel: secureboot: Secure boot disabled
déc. 13 17:55:40 seshat kernel: SMBIOS 2.8 present.
déc. 13 17:55:40 seshat kernel: DMI: QEMU Standard PC (Q35 + ICH9, 2009), BIOS 0.0.0 02/06/2015
déc. 13 17:55:40 seshat kernel: Hypervisor detected: KVM
déc. 13 17:55:40 seshat kernel: kvm-clock: Using msrs 4b564d01 and 4b564d00
déc. 13 17:55:40 seshat kernel: kvm-clock: using sched offset of 11461250889 cycles
déc. 13 17:55:40 seshat kernel: clocksource: kvm-clock: mask: 0xffffffffffffffff max_cycles: 0x1cd42e4dffb, max_idle_ns: 881590591483 ns
déc. 13 17:55:40 seshat kernel: tsc: Detected 2194.776 MHz processor
déc. 13 17:55:40 seshat kernel: e820: update [mem 0x00000000-0x00000fff] usable ==> reserved
déc. 13 17:55:40 seshat kernel: e820: remove [mem 0x000a0000-0x000fffff] usable
déc. 13 17:55:40 seshat kernel: last_pfn = 0x140000 max_arch_pfn = 0x400000000
déc. 13 17:55:40 seshat kernel: MTRR map: 4 entries (2 fixed + 2 variable; max 18), built from 8 variable MTRRs
déc. 13 17:55:40 seshat kernel: x86/PAT: Configuration [0-7]: WB  WC  UC- UC  WB  WP  UC- WT  
déc. 13 17:55:40 seshat kernel: last_pfn = 0x7ffe0 max_arch_pfn = 0x400000000
déc. 13 17:55:40 seshat kernel: Using GB pages for direct mapping
déc. 13 17:55:40 seshat kernel: secureboot: Secure boot disabled
déc. 13 17:55:40 seshat kernel: RAMDISK: [mem 0x74add000-0x79111fff]
déc. 13 17:55:40 seshat kernel: ACPI: Early table checksum verification disabled
déc. 13 17:55:40 seshat kernel: ACPI: RSDP 0x000000007FB7E014 000024 (v02 BOCHS )
déc. 13 17:55:40 seshat kernel: ACPI: XSDT 0x000000007FB7D0E8 00004C (v01 BOCHS  BXPCFACP 00000001      01000013)
déc. 13 17:55:40 seshat kernel: ACPI: FACP 0x000000007FB7A000 0000F4 (v03 BOCHS  BXPCFACP 00000001 BXPC 00000001)
déc. 13 17:55:40 seshat kernel: ACPI: DSDT 0x000000007FB7B000 001F7C (v01 BOCHS  BXPCDSDT 00000001 BXPC 00000001)
déc. 13 17:55:40 seshat kernel: ACPI: FACS 0x000000007FBDD000 000040
déc. 13 17:55:40 seshat kernel: ACPI: APIC 0x000000007FB79000 000090 (v01 BOCHS  BXPCAPIC 00000001 BXPC 00000001)
déc. 13 17:55:40 seshat kernel: ACPI: HPET 0x000000007FB78000 000038 (v01 BOCHS  BXPCHPET 00000001 BXPC 00000001)
déc. 13 17:55:40 seshat kernel: ACPI: MCFG 0x000000007FB77000 00003C (v01 BOCHS  BXPCMCFG 00000001 BXPC 00000001)
déc. 13 17:55:40 seshat kernel: ACPI: BGRT 0x000000007FB76000 000038 (v01 INTEL  EDK2     00000002      01000013)
déc. 13 17:55:40 seshat kernel: ACPI: Reserving FACP table memory at [mem 0x7fb7a000-0x7fb7a0f3]
déc. 13 17:55:40 seshat kernel: ACPI: Reserving DSDT table memory at [mem 0x7fb7b000-0x7fb7cf7b]
déc. 13 17:55:40 seshat kernel: ACPI: Reserving FACS table memory at [mem 0x7fbdd000-0x7fbdd03f]
déc. 13 17:55:40 seshat kernel: ACPI: Reserving APIC table memory at [mem 0x7fb79000-0x7fb7908f]
déc. 13 17:55:40 seshat kernel: ACPI: Reserving HPET table memory at [mem 0x7fb78000-0x7fb78037]
déc. 13 17:55:40 seshat kernel: ACPI: Reserving MCFG table memory at [mem 0x7fb77000-0x7fb7703b]
déc. 13 17:55:40 seshat kernel: ACPI: Reserving BGRT table memory at [mem 0x7fb76000-0x7fb76037]
déc. 13 17:55:40 seshat kernel: No NUMA configuration found
déc. 13 17:55:40 seshat kernel: Faking a node at [mem 0x0000000000000000-0x000000013fffffff]
déc. 13 17:55:40 seshat kernel: NODE_DATA(0) allocated [mem 0x13ffd3000-0x13fffdfff]
déc. 13 17:55:40 seshat kernel: Zone ranges:
déc. 13 17:55:40 seshat kernel:   DMA      [mem 0x0000000000001000-0x0000000000ffffff]
déc. 13 17:55:40 seshat kernel:   DMA32    [mem 0x0000000001000000-0x00000000ffffffff]
déc. 13 17:55:40 seshat kernel:   Normal   [mem 0x0000000100000000-0x000000013fffffff]
déc. 13 17:55:40 seshat kernel:   Device   empty
déc. 13 17:55:40 seshat kernel: Movable zone start for each node
déc. 13 17:55:40 seshat kernel: Early memory node ranges
déc. 13 17:55:40 seshat kernel:   node   0: [mem 0x0000000000001000-0x000000000009ffff]
déc. 13 17:55:40 seshat kernel:   node   0: [mem 0x0000000000100000-0x000000007ed29fff]
déc. 13 17:55:40 seshat kernel:   node   0: [mem 0x000000007edeb000-0x000000007f8eefff]
déc. 13 17:55:40 seshat kernel:   node   0: [mem 0x000000007fbff000-0x000000007ffdffff]
déc. 13 17:55:40 seshat kernel:   node   0: [mem 0x0000000100000000-0x000000013fffffff]
déc. 13 17:55:40 seshat kernel: Initmem setup node 0 [mem 0x0000000000001000-0x000000013fffffff]
déc. 13 17:55:40 seshat kernel: On node 0, zone DMA: 1 pages in unavailable ranges
déc. 13 17:55:40 seshat kernel: On node 0, zone DMA: 96 pages in unavailable ranges
déc. 13 17:55:40 seshat kernel: On node 0, zone DMA32: 193 pages in unavailable ranges
déc. 13 17:55:40 seshat kernel: On node 0, zone DMA32: 784 pages in unavailable ranges
déc. 13 17:55:40 seshat kernel: On node 0, zone Normal: 32 pages in unavailable ranges
déc. 13 17:55:40 seshat kernel: ACPI: PM-Timer IO Port: 0x608
déc. 13 17:55:40 seshat kernel: ACPI: LAPIC_NMI (acpi_id[0xff] dfl dfl lint[0x1])
déc. 13 17:55:40 seshat kernel: IOAPIC[0]: apic_id 0, version 17, address 0xfec00000, GSI 0-23
déc. 13 17:55:40 seshat kernel: ACPI: INT_SRC_OVR (bus 0 bus_irq 0 global_irq 2 dfl dfl)
déc. 13 17:55:40 seshat kernel: ACPI: INT_SRC_OVR (bus 0 bus_irq 5 global_irq 5 high level)
déc. 13 17:55:40 seshat kernel: ACPI: INT_SRC_OVR (bus 0 bus_irq 9 global_irq 9 high level)
déc. 13 17:55:40 seshat kernel: ACPI: INT_SRC_OVR (bus 0 bus_irq 10 global_irq 10 high level)
déc. 13 17:55:40 seshat kernel: ACPI: INT_SRC_OVR (bus 0 bus_irq 11 global_irq 11 high level)
déc. 13 17:55:40 seshat kernel: ACPI: Using ACPI (MADT) for SMP configuration information
déc. 13 17:55:40 seshat kernel: ACPI: HPET id: 0x8086a201 base: 0xfed00000
déc. 13 17:55:40 seshat kernel: e820: update [mem 0x7e394000-0x7e39cfff] usable ==> reserved
déc. 13 17:55:40 seshat kernel: TSC deadline timer available
déc. 13 17:55:40 seshat kernel: smpboot: Allowing 4 CPUs, 0 hotplug CPUs
déc. 13 17:55:40 seshat kernel: kvm-guest: APIC: eoi() replaced with kvm_guest_apic_eoi_write()
déc. 13 17:55:40 seshat kernel: kvm-guest: KVM setup pv remote TLB flush
déc. 13 17:55:40 seshat kernel: PM: hibernation: Registered nosave memory: [mem 0x00000000-0x00000fff]
déc. 13 17:55:40 seshat kernel: PM: hibernation: Registered nosave memory: [mem 0x000a0000-0x000fffff]
déc. 13 17:55:40 seshat kernel: PM: hibernation: Registered nosave memory: [mem 0x7e308000-0x7e308fff]
déc. 13 17:55:40 seshat kernel: PM: hibernation: Registered nosave memory: [mem 0x7e344000-0x7e344fff]
déc. 13 17:55:40 seshat kernel: PM: hibernation: Registered nosave memory: [mem 0x7e345000-0x7e345fff]
déc. 13 17:55:40 seshat kernel: PM: hibernation: Registered nosave memory: [mem 0x7e34e000-0x7e34efff]
déc. 13 17:55:40 seshat kernel: PM: hibernation: Registered nosave memory: [mem 0x7e394000-0x7e39cfff]
déc. 13 17:55:40 seshat kernel: PM: hibernation: Registered nosave memory: [mem 0x7ed2a000-0x7edeafff]
déc. 13 17:55:40 seshat kernel: PM: hibernation: Registered nosave memory: [mem 0x7f8ef000-0x7fb6efff]
déc. 13 17:55:40 seshat kernel: PM: hibernation: Registered nosave memory: [mem 0x7fb6f000-0x7fb7efff]
déc. 13 17:55:40 seshat kernel: PM: hibernation: Registered nosave memory: [mem 0x7fb7f000-0x7fbfefff]
déc. 13 17:55:40 seshat kernel: PM: hibernation: Registered nosave memory: [mem 0x7ffe0000-0x7fffffff]
déc. 13 17:55:40 seshat kernel: PM: hibernation: Registered nosave memory: [mem 0x80000000-0xafffffff]
déc. 13 17:55:40 seshat kernel: PM: hibernation: Registered nosave memory: [mem 0xb0000000-0xbfffffff]
déc. 13 17:55:40 seshat kernel: PM: hibernation: Registered nosave memory: [mem 0xc0000000-0xffffffff]
déc. 13 17:55:40 seshat kernel: [mem 0xc0000000-0xffffffff] available for PCI devices
déc. 13 17:55:40 seshat kernel: Booting paravirtualized kernel on KVM
déc. 13 17:55:40 seshat kernel: clocksource: refined-jiffies: mask: 0xffffffff max_cycles: 0xffffffff, max_idle_ns: 1910969940391419 ns
déc. 13 17:55:40 seshat kernel: setup_percpu: NR_CPUS:8192 nr_cpumask_bits:4 nr_cpu_ids:4 nr_node_ids:1
déc. 13 17:55:40 seshat kernel: percpu: Embedded 86 pages/cpu s229376 r8192 d114688 u524288
déc. 13 17:55:40 seshat kernel: pcpu-alloc: s229376 r8192 d114688 u524288 alloc=1*2097152
déc. 13 17:55:40 seshat kernel: pcpu-alloc: [0] 0 1 2 3 
déc. 13 17:55:40 seshat kernel: kvm-guest: PV spinlocks enabled
déc. 13 17:55:40 seshat kernel: PV qspinlock hash table entries: 256 (order: 0, 4096 bytes, linear)
déc. 13 17:55:40 seshat kernel: Kernel command line: BOOT_IMAGE=/vmlinuz-6.8.0-50-generic root=/dev/mapper/seshat--vg-root ro rootdelay=90
déc. 13 17:55:40 seshat kernel: Unknown kernel command line parameters "BOOT_IMAGE=/vmlinuz-6.8.0-50-generic", will be passed to user space.
déc. 13 17:55:40 seshat kernel: random: crng init done
déc. 13 17:55:40 seshat kernel: Dentry cache hash table entries: 524288 (order: 10, 4194304 bytes, linear)
déc. 13 17:55:40 seshat kernel: Inode-cache hash table entries: 262144 (order: 9, 2097152 bytes, linear)
déc. 13 17:55:40 seshat kernel: Fallback order for Node 0: 0 
déc. 13 17:55:40 seshat kernel: Built 1 zonelists, mobility grouping on.  Total pages: 770877
déc. 13 17:55:40 seshat kernel: Policy zone: Normal
déc. 13 17:55:40 seshat kernel: mem auto-init: stack:all(zero), heap alloc:on, heap free:off
déc. 13 17:55:40 seshat kernel: software IO TLB: area num 4.
déc. 13 17:55:40 seshat kernel: Memory: 2856772K/3141304K available (22528K kernel code, 4442K rwdata, 14332K rodata, 4976K init, 4732K bss, 284272K reserved, 0K cma-reserved)
déc. 13 17:55:40 seshat kernel: SLUB: HWalign=64, Order=0-3, MinObjects=0, CPUs=4, Nodes=1
déc. 13 17:55:40 seshat kernel: Kernel/User page tables isolation: enabled
déc. 13 17:55:40 seshat kernel: ftrace: allocating 57955 entries in 227 pages
déc. 13 17:55:40 seshat kernel: ftrace: allocated 227 pages with 5 groups
déc. 13 17:55:40 seshat kernel: Dynamic Preempt: voluntary
déc. 13 17:55:40 seshat kernel: rcu: Preemptible hierarchical RCU implementation.
déc. 13 17:55:40 seshat kernel: rcu:         RCU restricting CPUs from NR_CPUS=8192 to nr_cpu_ids=4.
déc. 13 17:55:40 seshat kernel:         Trampoline variant of Tasks RCU enabled.
déc. 13 17:55:40 seshat kernel:         Rude variant of Tasks RCU enabled.
déc. 13 17:55:40 seshat kernel:         Tracing variant of Tasks RCU enabled.
déc. 13 17:55:40 seshat kernel: rcu: RCU calculated value of scheduler-enlistment delay is 100 jiffies.
déc. 13 17:55:40 seshat kernel: rcu: Adjusting geometry for rcu_fanout_leaf=16, nr_cpu_ids=4
déc. 13 17:55:40 seshat kernel: NR_IRQS: 524544, nr_irqs: 456, preallocated irqs: 16
déc. 13 17:55:40 seshat kernel: rcu: srcu_init: Setting srcu_struct sizes based on contention.
déc. 13 17:55:40 seshat kernel: Console: colour dummy device 80x25
déc. 13 17:55:40 seshat kernel: printk: legacy console [tty0] enabled
déc. 13 17:55:40 seshat kernel: ACPI: Core revision 20230628
déc. 13 17:55:40 seshat kernel: clocksource: hpet: mask: 0xffffffff max_cycles: 0xffffffff, max_idle_ns: 19112604467 ns
déc. 13 17:55:40 seshat kernel: APIC: Switch to symmetric I/O mode setup
déc. 13 17:55:40 seshat kernel: x2apic enabled
déc. 13 17:55:40 seshat kernel: APIC: Switched APIC routing to: physical x2apic
déc. 13 17:55:40 seshat kernel: kvm-guest: APIC: send_IPI_mask() replaced with kvm_send_ipi_mask()
déc. 13 17:55:40 seshat kernel: kvm-guest: APIC: send_IPI_mask_allbutself() replaced with kvm_send_ipi_mask_allbutself()
déc. 13 17:55:40 seshat kernel: kvm-guest: setup PV IPIs
déc. 13 17:55:40 seshat kernel: ..TIMER: vector=0x30 apic1=0 pin1=2 apic2=-1 pin2=-1
déc. 13 17:55:40 seshat kernel: clocksource: tsc-early: mask: 0xffffffffffffffff max_cycles: 0x1fa2ebd9b85, max_idle_ns: 440795259329 ns
déc. 13 17:55:40 seshat kernel: Calibrating delay loop (skipped) preset value.. 4389.55 BogoMIPS (lpj=2194776)
déc. 13 17:55:40 seshat kernel: x86/cpu: User Mode Instruction Prevention (UMIP) activated
déc. 13 17:55:40 seshat kernel: Last level iTLB entries: 4KB 0, 2MB 0, 4MB 0
déc. 13 17:55:40 seshat kernel: Last level dTLB entries: 4KB 0, 2MB 0, 4MB 0, 1GB 0
déc. 13 17:55:40 seshat kernel: Spectre V1 : Mitigation: usercopy/swapgs barriers and __user pointer sanitization
déc. 13 17:55:40 seshat kernel: Spectre V2 : Spectre BHI mitigation: SW BHB clearing on vm exit
déc. 13 17:55:40 seshat kernel: Spectre V2 : Spectre BHI mitigation: SW BHB clearing on syscall
déc. 13 17:55:40 seshat kernel: Spectre V2 : Mitigation: IBRS
déc. 13 17:55:40 seshat kernel: Spectre V2 : Spectre v2 / SpectreRSB mitigation: Filling RSB on context switch
déc. 13 17:55:40 seshat kernel: Spectre V2 : Spectre v2 / SpectreRSB : Filling RSB on VMEXIT
déc. 13 17:55:40 seshat kernel: RETBleed: Mitigation: IBRS
déc. 13 17:55:40 seshat kernel: Spectre V2 : mitigation: Enabling conditional Indirect Branch Prediction Barrier
déc. 13 17:55:40 seshat kernel: Speculative Store Bypass: Mitigation: Speculative Store Bypass disabled via prctl
déc. 13 17:55:40 seshat kernel: MDS: Mitigation: Clear CPU buffers
déc. 13 17:55:40 seshat kernel: TAA: Mitigation: Clear CPU buffers
déc. 13 17:55:40 seshat kernel: MMIO Stale Data: Vulnerable: Clear CPU buffers attempted, no microcode
déc. 13 17:55:40 seshat kernel: GDS: Unknown: Dependent on hypervisor status
déc. 13 17:55:40 seshat kernel: x86/fpu: Supporting XSAVE feature 0x001: 'x87 floating point registers'
déc. 13 17:55:40 seshat kernel: x86/fpu: Supporting XSAVE feature 0x002: 'SSE registers'
déc. 13 17:55:40 seshat kernel: x86/fpu: Supporting XSAVE feature 0x004: 'AVX registers'
déc. 13 17:55:40 seshat kernel: x86/fpu: Supporting XSAVE feature 0x008: 'MPX bounds registers'
déc. 13 17:55:40 seshat kernel: x86/fpu: Supporting XSAVE feature 0x010: 'MPX CSR'
déc. 13 17:55:40 seshat kernel: x86/fpu: Supporting XSAVE feature 0x020: 'AVX-512 opmask'
déc. 13 17:55:40 seshat kernel: x86/fpu: Supporting XSAVE feature 0x040: 'AVX-512 Hi256'
déc. 13 17:55:40 seshat kernel: x86/fpu: Supporting XSAVE feature 0x080: 'AVX-512 ZMM_Hi256'
déc. 13 17:55:40 seshat kernel: x86/fpu: Supporting XSAVE feature 0x200: 'Protection Keys User registers'
déc. 13 17:55:40 seshat kernel: x86/fpu: xstate_offset[2]:  576, xstate_sizes[2]:  256
déc. 13 17:55:40 seshat kernel: x86/fpu: xstate_offset[3]:  832, xstate_sizes[3]:   64
déc. 13 17:55:40 seshat kernel: x86/fpu: xstate_offset[4]:  896, xstate_sizes[4]:   64
déc. 13 17:55:40 seshat kernel: x86/fpu: xstate_offset[5]:  960, xstate_sizes[5]:   64
déc. 13 17:55:40 seshat kernel: x86/fpu: xstate_offset[6]: 1024, xstate_sizes[6]:  512
déc. 13 17:55:40 seshat kernel: x86/fpu: xstate_offset[7]: 1536, xstate_sizes[7]: 1024
déc. 13 17:55:40 seshat kernel: x86/fpu: xstate_offset[9]: 2560, xstate_sizes[9]:    8
déc. 13 17:55:40 seshat kernel: x86/fpu: Enabled xstate features 0x2ff, context size is 2568 bytes, using 'compacted' format.
déc. 13 17:55:40 seshat kernel: Freeing SMP alternatives memory: 48K
déc. 13 17:55:40 seshat kernel: pid_max: default: 32768 minimum: 301
déc. 13 17:55:40 seshat kernel: LSM: initializing lsm=lockdown,capability,landlock,yama,apparmor,integrity
déc. 13 17:55:40 seshat kernel: landlock: Up and running.
déc. 13 17:55:40 seshat kernel: Yama: becoming mindful.
déc. 13 17:55:40 seshat kernel: AppArmor: AppArmor initialized
déc. 13 17:55:40 seshat kernel: Mount-cache hash table entries: 8192 (order: 4, 65536 bytes, linear)
déc. 13 17:55:40 seshat kernel: Mountpoint-cache hash table entries: 8192 (order: 4, 65536 bytes, linear)
déc. 13 17:55:40 seshat kernel: smpboot: CPU0: Intel(R) Xeon(R) Gold 5220 CPU @ 2.20GHz (family: 0x6, model: 0x55, stepping: 0x7)
déc. 13 17:55:40 seshat kernel: RCU Tasks: Setting shift to 2 and lim to 1 rcu_task_cb_adjust=1.
déc. 13 17:55:40 seshat kernel: RCU Tasks Rude: Setting shift to 2 and lim to 1 rcu_task_cb_adjust=1.
déc. 13 17:55:40 seshat kernel: RCU Tasks Trace: Setting shift to 2 and lim to 1 rcu_task_cb_adjust=1.
déc. 13 17:55:40 seshat kernel: Performance Events: Skylake events, Intel PMU driver.
déc. 13 17:55:40 seshat kernel: ... version:                2
déc. 13 17:55:40 seshat kernel: ... bit width:              48
déc. 13 17:55:40 seshat kernel: ... generic registers:      4
déc. 13 17:55:40 seshat kernel: ... value mask:             0000ffffffffffff
déc. 13 17:55:40 seshat kernel: ... max period:             000000007fffffff
déc. 13 17:55:40 seshat kernel: ... fixed-purpose events:   3
déc. 13 17:55:40 seshat kernel: ... event mask:             000000070000000f
déc. 13 17:55:40 seshat kernel: signal: max sigframe size: 3632
déc. 13 17:55:40 seshat kernel: rcu: Hierarchical SRCU implementation.
déc. 13 17:55:40 seshat kernel: rcu:         Max phase no-delay instances is 400.
déc. 13 17:55:40 seshat kernel: smp: Bringing up secondary CPUs ...
déc. 13 17:55:40 seshat kernel: smpboot: x86: Booting SMP configuration:
déc. 13 17:55:40 seshat kernel: .... node  #0, CPUs:      #1 #2 #3
déc. 13 17:55:40 seshat kernel: smpboot: CPU 1 Converting physical 0 to logical die 1
déc. 13 17:55:40 seshat kernel: smpboot: CPU 2 Converting physical 0 to logical die 2
déc. 13 17:55:40 seshat kernel: smpboot: CPU 3 Converting physical 0 to logical die 3
déc. 13 17:55:40 seshat kernel: smp: Brought up 1 node, 4 CPUs
déc. 13 17:55:40 seshat kernel: smpboot: Max logical packages: 4
déc. 13 17:55:40 seshat kernel: smpboot: Total of 4 processors activated (17558.20 BogoMIPS)
déc. 13 17:55:40 seshat kernel: devtmpfs: initialized
déc. 13 17:55:40 seshat kernel: x86/mm: Memory block size: 128MB
déc. 13 17:55:40 seshat kernel: ACPI: PM: Registering ACPI NVS region [mem 0x7fb7f000-0x7fbfefff] (524288 bytes)
déc. 13 17:55:40 seshat kernel: clocksource: jiffies: mask: 0xffffffff max_cycles: 0xffffffff, max_idle_ns: 1911260446275000 ns
déc. 13 17:55:40 seshat kernel: futex hash table entries: 1024 (order: 4, 65536 bytes, linear)
déc. 13 17:55:40 seshat kernel: pinctrl core: initialized pinctrl subsystem
déc. 13 17:55:40 seshat kernel: PM: RTC time: 17:55:38, date: 2024-12-13
déc. 13 17:55:40 seshat kernel: NET: Registered PF_NETLINK/PF_ROUTE protocol family
déc. 13 17:55:40 seshat kernel: DMA: preallocated 512 KiB GFP_KERNEL pool for atomic allocations
déc. 13 17:55:40 seshat kernel: DMA: preallocated 512 KiB GFP_KERNEL|GFP_DMA pool for atomic allocations
déc. 13 17:55:40 seshat kernel: DMA: preallocated 512 KiB GFP_KERNEL|GFP_DMA32 pool for atomic allocations
déc. 13 17:55:40 seshat kernel: audit: initializing netlink subsys (disabled)
déc. 13 17:55:40 seshat kernel: audit: type=2000 audit(1734112538.921:1): state=initialized audit_enabled=0 res=1
déc. 13 17:55:40 seshat kernel: thermal_sys: Registered thermal governor 'fair_share'
déc. 13 17:55:40 seshat kernel: thermal_sys: Registered thermal governor 'bang_bang'
déc. 13 17:55:40 seshat kernel: thermal_sys: Registered thermal governor 'step_wise'
déc. 13 17:55:40 seshat kernel: thermal_sys: Registered thermal governor 'user_space'
déc. 13 17:55:40 seshat kernel: thermal_sys: Registered thermal governor 'power_allocator'
déc. 13 17:55:40 seshat kernel: EISA bus registered
déc. 13 17:55:40 seshat kernel: cpuidle: using governor ladder
déc. 13 17:55:40 seshat kernel: cpuidle: using governor menu
déc. 13 17:55:40 seshat kernel: acpiphp: ACPI Hot Plug PCI Controller Driver version: 0.5
déc. 13 17:55:40 seshat kernel: PCI: ECAM [mem 0xb0000000-0xbfffffff] (base 0xb0000000) for domain 0000 [bus 00-ff]
déc. 13 17:55:40 seshat kernel: PCI: ECAM [mem 0xb0000000-0xbfffffff] reserved as E820 entry
déc. 13 17:55:40 seshat kernel: PCI: Using configuration type 1 for base access
déc. 13 17:55:40 seshat kernel: kprobes: kprobe jump-optimization is enabled. All kprobes are optimized if possible.
déc. 13 17:55:40 seshat kernel: HugeTLB: registered 1.00 GiB page size, pre-allocated 0 pages
déc. 13 17:55:40 seshat kernel: HugeTLB: 16380 KiB vmemmap can be freed for a 1.00 GiB page
déc. 13 17:55:40 seshat kernel: HugeTLB: registered 2.00 MiB page size, pre-allocated 0 pages
déc. 13 17:55:40 seshat kernel: HugeTLB: 28 KiB vmemmap can be freed for a 2.00 MiB page
déc. 13 17:55:40 seshat kernel: fbcon: Taking over console
déc. 13 17:55:40 seshat kernel: ACPI: Added _OSI(Module Device)
déc. 13 17:55:40 seshat kernel: ACPI: Added _OSI(Processor Device)
déc. 13 17:55:40 seshat kernel: ACPI: Added _OSI(3.0 _SCP Extensions)
déc. 13 17:55:40 seshat kernel: ACPI: Added _OSI(Processor Aggregator Device)
déc. 13 17:55:40 seshat kernel: ACPI: 1 ACPI AML tables successfully acquired and loaded
déc. 13 17:55:40 seshat kernel: ACPI: _OSC evaluation for CPUs failed, trying _PDC
déc. 13 17:55:40 seshat kernel: ACPI: Interpreter enabled
déc. 13 17:55:40 seshat kernel: ACPI: PM: (supports S0 S5)
déc. 13 17:55:40 seshat kernel: ACPI: Using IOAPIC for interrupt routing
déc. 13 17:55:40 seshat kernel: PCI: Using host bridge windows from ACPI; if necessary, use "pci=nocrs" and report a bug
déc. 13 17:55:40 seshat kernel: PCI: Using E820 reservations for host bridge windows
déc. 13 17:55:40 seshat kernel: ACPI: Enabled 1 GPEs in block 00 to 3F
déc. 13 17:55:40 seshat kernel: ACPI: PCI Root Bridge [PCI0] (domain 0000 [bus 00-ff])
déc. 13 17:55:40 seshat kernel: acpi PNP0A08:00: _OSC: OS supports [ExtendedConfig ASPM ClockPM Segments MSI EDR HPX-Type3]
déc. 13 17:55:40 seshat kernel: acpi PNP0A08:00: _OSC: platform does not support [LTR DPC]
déc. 13 17:55:40 seshat kernel: acpi PNP0A08:00: _OSC: OS now controls [PCIeHotplug SHPCHotplug PME AER PCIeCapability]
déc. 13 17:55:40 seshat kernel: PCI host bridge to bus 0000:00
déc. 13 17:55:40 seshat kernel: pci_bus 0000:00: root bus resource [io  0x0000-0x0cf7 window]
déc. 13 17:55:40 seshat kernel: pci_bus 0000:00: root bus resource [io  0x0d00-0xffff window]
déc. 13 17:55:40 seshat kernel: pci_bus 0000:00: root bus resource [mem 0x000a0000-0x000bffff window]
déc. 13 17:55:40 seshat kernel: pci_bus 0000:00: root bus resource [mem 0xc0000000-0xfebfffff window]
déc. 13 17:55:40 seshat kernel: pci_bus 0000:00: root bus resource [mem 0x800000000-0xfffffffff window]
déc. 13 17:55:40 seshat kernel: pci_bus 0000:00: root bus resource [bus 00-ff]
déc. 13 17:55:40 seshat kernel: pci 0000:00:00.0: [8086:29c0] type 00 class 0x060000 conventional PCI endpoint
déc. 13 17:55:40 seshat kernel: pci 0000:00:01.0: [1234:1111] type 00 class 0x030000 conventional PCI endpoint
déc. 13 17:55:40 seshat kernel: pci 0000:00:01.0: BAR 0 [mem 0xc0000000-0xc0ffffff pref]
déc. 13 17:55:40 seshat kernel: pci 0000:00:01.0: BAR 2 [mem 0xc1e48000-0xc1e48fff]
déc. 13 17:55:40 seshat kernel: pci 0000:00:01.0: ROM [mem 0xffff0000-0xffffffff pref]
déc. 13 17:55:40 seshat kernel: pci 0000:00:01.0: Video device with shadowed ROM at [mem 0x000c0000-0x000dffff]
déc. 13 17:55:40 seshat kernel: pci 0000:00:02.0: [1b36:000c] type 01 class 0x060400 PCIe Root Port
déc. 13 17:55:40 seshat kernel: pci 0000:00:02.0: BAR 0 [mem 0xc1e47000-0xc1e47fff]
déc. 13 17:55:40 seshat kernel: pci 0000:00:02.0: PCI bridge to [bus 01]
déc. 13 17:55:40 seshat kernel: pci 0000:00:02.0:   bridge window [io  0xc000-0xcfff]
déc. 13 17:55:40 seshat kernel: pci 0000:00:02.0:   bridge window [mem 0xc1c00000-0xc1dfffff]
déc. 13 17:55:40 seshat kernel: pci 0000:00:02.0:   bridge window [mem 0x800000000-0x8000fffff 64bit pref]
déc. 13 17:55:40 seshat kernel: pci 0000:00:02.1: [1b36:000c] type 01 class 0x060400 PCIe Root Port
déc. 13 17:55:40 seshat kernel: pci 0000:00:02.1: BAR 0 [mem 0xc1e46000-0xc1e46fff]
déc. 13 17:55:40 seshat kernel: pci 0000:00:02.1: PCI bridge to [bus 02]
déc. 13 17:55:40 seshat kernel: pci 0000:00:02.1:   bridge window [io  0xb000-0xbfff]
déc. 13 17:55:40 seshat kernel: pci 0000:00:02.1:   bridge window [mem 0xc1a00000-0xc1bfffff]
déc. 13 17:55:40 seshat kernel: pci 0000:00:02.1:   bridge window [mem 0x800100000-0x8001fffff 64bit pref]
déc. 13 17:55:40 seshat kernel: pci 0000:00:02.2: [1b36:000c] type 01 class 0x060400 PCIe Root Port
déc. 13 17:55:40 seshat kernel: pci 0000:00:02.2: BAR 0 [mem 0xc1e45000-0xc1e45fff]
déc. 13 17:55:40 seshat kernel: pci 0000:00:02.2: PCI bridge to [bus 03]
déc. 13 17:55:40 seshat kernel: pci 0000:00:02.2:   bridge window [io  0xa000-0xafff]
déc. 13 17:55:40 seshat kernel: pci 0000:00:02.2:   bridge window [mem 0xc1800000-0xc19fffff]
déc. 13 17:55:40 seshat kernel: pci 0000:00:02.2:   bridge window [mem 0x800200000-0x8002fffff 64bit pref]
déc. 13 17:55:40 seshat kernel: pci 0000:00:02.3: [1b36:000c] type 01 class 0x060400 PCIe Root Port
déc. 13 17:55:40 seshat kernel: pci 0000:00:02.3: BAR 0 [mem 0xc1e44000-0xc1e44fff]
déc. 13 17:55:40 seshat kernel: pci 0000:00:02.3: PCI bridge to [bus 04]
déc. 13 17:55:40 seshat kernel: pci 0000:00:02.3:   bridge window [io  0x9000-0x9fff]
déc. 13 17:55:40 seshat kernel: pci 0000:00:02.3:   bridge window [mem 0xc1600000-0xc17fffff]
déc. 13 17:55:40 seshat kernel: pci 0000:00:02.4: [1b36:000c] type 01 class 0x060400 PCIe Root Port
déc. 13 17:55:40 seshat kernel: pci 0000:00:02.4: BAR 0 [mem 0xc1e43000-0xc1e43fff]
déc. 13 17:55:40 seshat kernel: pci 0000:00:02.4: PCI bridge to [bus 05]
déc. 13 17:55:40 seshat kernel: pci 0000:00:02.4:   bridge window [io  0x8000-0x8fff]
déc. 13 17:55:40 seshat kernel: pci 0000:00:02.4:   bridge window [mem 0xc1400000-0xc15fffff]
déc. 13 17:55:40 seshat kernel: pci 0000:00:02.4:   bridge window [mem 0x800300000-0x8003fffff 64bit pref]
déc. 13 17:55:40 seshat kernel: pci 0000:00:02.5: [1b36:000c] type 01 class 0x060400 PCIe Root Port
déc. 13 17:55:40 seshat kernel: pci 0000:00:02.5: BAR 0 [mem 0xc1e42000-0xc1e42fff]
déc. 13 17:55:40 seshat kernel: pci 0000:00:02.5: PCI bridge to [bus 06]
déc. 13 17:55:40 seshat kernel: pci 0000:00:02.5:   bridge window [io  0x7000-0x7fff]
déc. 13 17:55:40 seshat kernel: pci 0000:00:02.5:   bridge window [mem 0xc1200000-0xc13fffff]
déc. 13 17:55:40 seshat kernel: pci 0000:00:02.5:   bridge window [mem 0x800400000-0x8004fffff 64bit pref]
déc. 13 17:55:40 seshat kernel: pci 0000:00:02.6: [1b36:000c] type 01 class 0x060400 PCIe Root Port
déc. 13 17:55:40 seshat kernel: pci 0000:00:02.6: BAR 0 [mem 0xc1e41000-0xc1e41fff]
déc. 13 17:55:40 seshat kernel: pci 0000:00:02.6: PCI bridge to [bus 07]
déc. 13 17:55:40 seshat kernel: pci 0000:00:02.6:   bridge window [io  0x6000-0x6fff]
déc. 13 17:55:40 seshat kernel: pci 0000:00:02.6:   bridge window [mem 0xc1000000-0xc11fffff]
déc. 13 17:55:40 seshat kernel: pci 0000:00:1f.0: [8086:2918] type 00 class 0x060100 conventional PCI endpoint
déc. 13 17:55:40 seshat kernel: pci 0000:00:1f.0: quirk: [io  0x0600-0x067f] claimed by ICH6 ACPI/GPIO/TCO
déc. 13 17:55:40 seshat kernel: pci 0000:00:1f.2: [8086:2922] type 00 class 0x010601 conventional PCI endpoint
déc. 13 17:55:40 seshat kernel: pci 0000:00:1f.2: BAR 4 [io  0xc240-0xc25f]
déc. 13 17:55:40 seshat kernel: pci 0000:00:1f.2: BAR 5 [mem 0xc1e40000-0xc1e40fff]
déc. 13 17:55:40 seshat kernel: pci 0000:00:1f.3: [8086:2930] type 00 class 0x0c0500 conventional PCI endpoint
déc. 13 17:55:40 seshat kernel: pci 0000:00:1f.3: BAR 4 [io  0xc200-0xc23f]
déc. 13 17:55:40 seshat kernel: pci 0000:01:00.0: [1af4:1049] type 00 class 0x000200 PCIe Endpoint
déc. 13 17:55:40 seshat kernel: pci 0000:01:00.0: BAR 1 [mem 0xc1c00000-0xc1c00fff]
déc. 13 17:55:40 seshat kernel: pci 0000:01:00.0: BAR 4 [mem 0x800000000-0x800003fff 64bit pref]
déc. 13 17:55:40 seshat kernel: pci 0000:00:02.0: PCI bridge to [bus 01]
déc. 13 17:55:40 seshat kernel: pci 0000:02:00.0: [1af4:1041] type 00 class 0x020000 PCIe Endpoint
déc. 13 17:55:40 seshat kernel: pci 0000:02:00.0: BAR 1 [mem 0xc1a00000-0xc1a00fff]
déc. 13 17:55:40 seshat kernel: pci 0000:02:00.0: BAR 4 [mem 0x800100000-0x800103fff 64bit pref]
déc. 13 17:55:40 seshat kernel: pci 0000:02:00.0: ROM [mem 0xfffc0000-0xffffffff pref]
déc. 13 17:55:40 seshat kernel: pci 0000:00:02.1: PCI bridge to [bus 02]
déc. 13 17:55:40 seshat kernel: pci 0000:03:00.0: [1af4:1048] type 00 class 0x010000 PCIe Endpoint
déc. 13 17:55:40 seshat kernel: pci 0000:03:00.0: BAR 1 [mem 0xc1800000-0xc1800fff]
déc. 13 17:55:40 seshat kernel: pci 0000:03:00.0: BAR 4 [mem 0x800200000-0x800203fff 64bit pref]
déc. 13 17:55:40 seshat kernel: pci 0000:00:02.2: PCI bridge to [bus 03]
déc. 13 17:55:40 seshat kernel: pci 0000:04:00.0: [1b36:000d] type 00 class 0x0c0330 PCIe Endpoint
déc. 13 17:55:40 seshat kernel: pci 0000:04:00.0: BAR 0 [mem 0xc1600000-0xc1603fff 64bit]
déc. 13 17:55:40 seshat kernel: pci 0000:00:02.3: PCI bridge to [bus 04]
déc. 13 17:55:40 seshat kernel: pci 0000:05:00.0: [1af4:1043] type 00 class 0x078000 PCIe Endpoint
déc. 13 17:55:40 seshat kernel: pci 0000:05:00.0: BAR 1 [mem 0xc1400000-0xc1400fff]
déc. 13 17:55:40 seshat kernel: pci 0000:05:00.0: BAR 4 [mem 0x800300000-0x800303fff 64bit pref]
déc. 13 17:55:40 seshat kernel: pci 0000:00:02.4: PCI bridge to [bus 05]
déc. 13 17:55:40 seshat kernel: pci 0000:06:00.0: [1af4:1045] type 00 class 0x00ff00 PCIe Endpoint
déc. 13 17:55:40 seshat kernel: pci 0000:06:00.0: BAR 4 [mem 0x800400000-0x800403fff 64bit pref]
déc. 13 17:55:40 seshat kernel: pci 0000:00:02.5: PCI bridge to [bus 06]
déc. 13 17:55:40 seshat kernel: pci 0000:00:02.6: PCI bridge to [bus 07]
déc. 13 17:55:40 seshat kernel: ACPI: PCI: Interrupt link LNKA configured for IRQ 10
déc. 13 17:55:40 seshat kernel: ACPI: PCI: Interrupt link LNKB configured for IRQ 10
déc. 13 17:55:40 seshat kernel: ACPI: PCI: Interrupt link LNKC configured for IRQ 11
déc. 13 17:55:40 seshat kernel: ACPI: PCI: Interrupt link LNKD configured for IRQ 11
déc. 13 17:55:40 seshat kernel: ACPI: PCI: Interrupt link LNKE configured for IRQ 10
déc. 13 17:55:40 seshat kernel: ACPI: PCI: Interrupt link LNKF configured for IRQ 10
déc. 13 17:55:40 seshat kernel: ACPI: PCI: Interrupt link LNKG configured for IRQ 11
déc. 13 17:55:40 seshat kernel: ACPI: PCI: Interrupt link LNKH configured for IRQ 11
déc. 13 17:55:40 seshat kernel: ACPI: PCI: Interrupt link GSIA configured for IRQ 16
déc. 13 17:55:40 seshat kernel: ACPI: PCI: Interrupt link GSIB configured for IRQ 17
déc. 13 17:55:40 seshat kernel: ACPI: PCI: Interrupt link GSIC configured for IRQ 18
déc. 13 17:55:40 seshat kernel: ACPI: PCI: Interrupt link GSID configured for IRQ 19
déc. 13 17:55:40 seshat kernel: ACPI: PCI: Interrupt link GSIE configured for IRQ 20
déc. 13 17:55:40 seshat kernel: ACPI: PCI: Interrupt link GSIF configured for IRQ 21
déc. 13 17:55:40 seshat kernel: ACPI: PCI: Interrupt link GSIG configured for IRQ 22
déc. 13 17:55:40 seshat kernel: ACPI: PCI: Interrupt link GSIH configured for IRQ 23
déc. 13 17:55:40 seshat kernel: iommu: Default domain type: Translated
déc. 13 17:55:40 seshat kernel: iommu: DMA domain TLB invalidation policy: lazy mode
déc. 13 17:55:40 seshat kernel: SCSI subsystem initialized
déc. 13 17:55:40 seshat kernel: libata version 3.00 loaded.
déc. 13 17:55:40 seshat kernel: ACPI: bus type USB registered
déc. 13 17:55:40 seshat kernel: usbcore: registered new interface driver usbfs
déc. 13 17:55:40 seshat kernel: usbcore: registered new interface driver hub
déc. 13 17:55:40 seshat kernel: usbcore: registered new device driver usb
déc. 13 17:55:40 seshat kernel: pps_core: LinuxPPS API ver. 1 registered
déc. 13 17:55:40 seshat kernel: pps_core: Software ver. 5.3.6 - Copyright 2005-2007 Rodolfo Giometti <giometti@linux.it>
déc. 13 17:55:40 seshat kernel: PTP clock support registered
déc. 13 17:55:40 seshat kernel: EDAC MC: Ver: 3.0.0
déc. 13 17:55:40 seshat kernel: efivars: Registered efivars operations
déc. 13 17:55:40 seshat kernel: NetLabel: Initializing
déc. 13 17:55:40 seshat kernel: NetLabel:  domain hash size = 128
déc. 13 17:55:40 seshat kernel: NetLabel:  protocols = UNLABELED CIPSOv4 CALIPSO
déc. 13 17:55:40 seshat kernel: NetLabel:  unlabeled traffic allowed by default
déc. 13 17:55:40 seshat kernel: mctp: management component transport protocol core
déc. 13 17:55:40 seshat kernel: NET: Registered PF_MCTP protocol family
déc. 13 17:55:40 seshat kernel: PCI: Using ACPI for IRQ routing
déc. 13 17:55:40 seshat kernel: PCI: pci_cache_line_size set to 64 bytes
déc. 13 17:55:40 seshat kernel: pci 0000:00:1f.2: BAR 4 [io  0xc240-0xc25f]: can't claim; address conflict with PCI Bus 0000:01 [io  0xc000-0xcfff]
déc. 13 17:55:40 seshat kernel: pci 0000:00:1f.3: BAR 4 [io  0xc200-0xc23f]: can't claim; address conflict with PCI Bus 0000:01 [io  0xc000-0xcfff]
déc. 13 17:55:40 seshat kernel: e820: reserve RAM buffer [mem 0x7e308018-0x7fffffff]
déc. 13 17:55:40 seshat kernel: e820: reserve RAM buffer [mem 0x7e345018-0x7fffffff]
déc. 13 17:55:40 seshat kernel: e820: reserve RAM buffer [mem 0x7e394000-0x7fffffff]
déc. 13 17:55:40 seshat kernel: e820: reserve RAM buffer [mem 0x7ed2a000-0x7fffffff]
déc. 13 17:55:40 seshat kernel: e820: reserve RAM buffer [mem 0x7f8ef000-0x7fffffff]
déc. 13 17:55:40 seshat kernel: e820: reserve RAM buffer [mem 0x7ffe0000-0x7fffffff]
déc. 13 17:55:40 seshat kernel: pci 0000:00:01.0: vgaarb: setting as boot VGA device
déc. 13 17:55:40 seshat kernel: pci 0000:00:01.0: vgaarb: bridge control possible
déc. 13 17:55:40 seshat kernel: pci 0000:00:01.0: vgaarb: VGA device added: decodes=io+mem,owns=io+mem,locks=none
déc. 13 17:55:40 seshat kernel: vgaarb: loaded
déc. 13 17:55:40 seshat kernel: hpet0: at MMIO 0xfed00000, IRQs 2, 8, 0
déc. 13 17:55:40 seshat kernel: hpet0: 3 comparators, 64-bit 100.000000 MHz counter
déc. 13 17:55:40 seshat kernel: clocksource: Switched to clocksource kvm-clock
déc. 13 17:55:40 seshat kernel: VFS: Disk quotas dquot_6.6.0
déc. 13 17:55:40 seshat kernel: VFS: Dquot-cache hash table entries: 512 (order 0, 4096 bytes)
déc. 13 17:55:40 seshat kernel: AppArmor: AppArmor Filesystem Enabled
déc. 13 17:55:40 seshat kernel: pnp: PnP ACPI init
déc. 13 17:55:40 seshat kernel: pnp: PnP ACPI: found 3 devices
déc. 13 17:55:40 seshat kernel: clocksource: acpi_pm: mask: 0xffffff max_cycles: 0xffffff, max_idle_ns: 2085701024 ns
déc. 13 17:55:40 seshat kernel: NET: Registered PF_INET protocol family
déc. 13 17:55:40 seshat kernel: IP idents hash table entries: 65536 (order: 7, 524288 bytes, linear)
déc. 13 17:55:40 seshat kernel: tcp_listen_portaddr_hash hash table entries: 2048 (order: 3, 32768 bytes, linear)
déc. 13 17:55:40 seshat kernel: Table-perturb hash table entries: 65536 (order: 6, 262144 bytes, linear)
déc. 13 17:55:40 seshat kernel: TCP established hash table entries: 32768 (order: 6, 262144 bytes, linear)
déc. 13 17:55:40 seshat kernel: TCP bind hash table entries: 32768 (order: 8, 1048576 bytes, linear)
déc. 13 17:55:40 seshat kernel: TCP: Hash tables configured (established 32768 bind 32768)
déc. 13 17:55:40 seshat kernel: MPTCP token hash table entries: 4096 (order: 4, 98304 bytes, linear)
déc. 13 17:55:40 seshat kernel: UDP hash table entries: 2048 (order: 4, 65536 bytes, linear)
déc. 13 17:55:40 seshat kernel: UDP-Lite hash table entries: 2048 (order: 4, 65536 bytes, linear)
déc. 13 17:55:40 seshat kernel: NET: Registered PF_UNIX/PF_LOCAL protocol family
déc. 13 17:55:40 seshat kernel: NET: Registered PF_XDP protocol family
déc. 13 17:55:40 seshat kernel: pci 0000:02:00.0: ROM [mem 0xfffc0000-0xffffffff pref]: can't claim; no compatible bridge window
déc. 13 17:55:40 seshat kernel: pci 0000:00:02.3: bridge window [mem 0x00100000-0x000fffff 64bit pref] to [bus 04] add_size 200000 add_align 100000
déc. 13 17:55:40 seshat kernel: pci 0000:00:02.6: bridge window [mem 0x00100000-0x000fffff 64bit pref] to [bus 07] add_size 200000 add_align 100000
déc. 13 17:55:40 seshat kernel: pci 0000:00:02.3: bridge window [mem 0x800500000-0x8006fffff 64bit pref]: assigned
déc. 13 17:55:40 seshat kernel: pci 0000:00:02.6: bridge window [mem 0x800700000-0x8008fffff 64bit pref]: assigned
déc. 13 17:55:40 seshat kernel: pci 0000:00:1f.3: BAR 4 [io  0x1000-0x103f]: assigned
déc. 13 17:55:40 seshat kernel: pci 0000:00:1f.2: BAR 4 [io  0x1040-0x105f]: assigned
déc. 13 17:55:40 seshat kernel: pci 0000:00:02.0: PCI bridge to [bus 01]
déc. 13 17:55:40 seshat kernel: pci 0000:00:02.0:   bridge window [io  0xc000-0xcfff]
déc. 13 17:55:40 seshat kernel: pci 0000:00:02.0:   bridge window [mem 0xc1c00000-0xc1dfffff]
déc. 13 17:55:40 seshat kernel: pci 0000:00:02.0:   bridge window [mem 0x800000000-0x8000fffff 64bit pref]
déc. 13 17:55:40 seshat kernel: pci 0000:02:00.0: ROM [mem 0xc1a40000-0xc1a7ffff pref]: assigned
déc. 13 17:55:40 seshat kernel: pci 0000:00:02.1: PCI bridge to [bus 02]
déc. 13 17:55:40 seshat kernel: pci 0000:00:02.1:   bridge window [io  0xb000-0xbfff]
déc. 13 17:55:40 seshat kernel: pci 0000:00:02.1:   bridge window [mem 0xc1a00000-0xc1bfffff]
déc. 13 17:55:40 seshat kernel: pci 0000:00:02.1:   bridge window [mem 0x800100000-0x8001fffff 64bit pref]
déc. 13 17:55:40 seshat kernel: pci 0000:00:02.2: PCI bridge to [bus 03]
déc. 13 17:55:40 seshat kernel: pci 0000:00:02.2:   bridge window [io  0xa000-0xafff]
déc. 13 17:55:40 seshat kernel: pci 0000:00:02.2:   bridge window [mem 0xc1800000-0xc19fffff]
déc. 13 17:55:40 seshat kernel: pci 0000:00:02.2:   bridge window [mem 0x800200000-0x8002fffff 64bit pref]
déc. 13 17:55:40 seshat kernel: pci 0000:00:02.3: PCI bridge to [bus 04]
déc. 13 17:55:40 seshat kernel: pci 0000:00:02.3:   bridge window [io  0x9000-0x9fff]
déc. 13 17:55:40 seshat kernel: pci 0000:00:02.3:   bridge window [mem 0xc1600000-0xc17fffff]
déc. 13 17:55:40 seshat kernel: pci 0000:00:02.3:   bridge window [mem 0x800500000-0x8006fffff 64bit pref]
déc. 13 17:55:40 seshat kernel: pci 0000:00:02.4: PCI bridge to [bus 05]
déc. 13 17:55:40 seshat kernel: pci 0000:00:02.4:   bridge window [io  0x8000-0x8fff]
déc. 13 17:55:40 seshat kernel: pci 0000:00:02.4:   bridge window [mem 0xc1400000-0xc15fffff]
déc. 13 17:55:40 seshat kernel: pci 0000:00:02.4:   bridge window [mem 0x800300000-0x8003fffff 64bit pref]
déc. 13 17:55:40 seshat kernel: pci 0000:00:02.5: PCI bridge to [bus 06]
déc. 13 17:55:40 seshat kernel: pci 0000:00:02.5:   bridge window [io  0x7000-0x7fff]
déc. 13 17:55:40 seshat kernel: pci 0000:00:02.5:   bridge window [mem 0xc1200000-0xc13fffff]
déc. 13 17:55:40 seshat kernel: pci 0000:00:02.5:   bridge window [mem 0x800400000-0x8004fffff 64bit pref]
déc. 13 17:55:40 seshat kernel: pci 0000:00:02.6: PCI bridge to [bus 07]
déc. 13 17:55:40 seshat kernel: pci 0000:00:02.6:   bridge window [io  0x6000-0x6fff]
déc. 13 17:55:40 seshat kernel: pci 0000:00:02.6:   bridge window [mem 0xc1000000-0xc11fffff]
déc. 13 17:55:40 seshat kernel: pci 0000:00:02.6:   bridge window [mem 0x800700000-0x8008fffff 64bit pref]
déc. 13 17:55:40 seshat kernel: pci_bus 0000:00: resource 4 [io  0x0000-0x0cf7 window]
déc. 13 17:55:40 seshat kernel: pci_bus 0000:00: resource 5 [io  0x0d00-0xffff window]
déc. 13 17:55:40 seshat kernel: pci_bus 0000:00: resource 6 [mem 0x000a0000-0x000bffff window]
déc. 13 17:55:40 seshat kernel: pci_bus 0000:00: resource 7 [mem 0xc0000000-0xfebfffff window]
déc. 13 17:55:40 seshat kernel: pci_bus 0000:00: resource 8 [mem 0x800000000-0xfffffffff window]
déc. 13 17:55:40 seshat kernel: pci_bus 0000:01: resource 0 [io  0xc000-0xcfff]
déc. 13 17:55:40 seshat kernel: pci_bus 0000:01: resource 1 [mem 0xc1c00000-0xc1dfffff]
déc. 13 17:55:40 seshat kernel: pci_bus 0000:01: resource 2 [mem 0x800000000-0x8000fffff 64bit pref]
déc. 13 17:55:40 seshat kernel: pci_bus 0000:02: resource 0 [io  0xb000-0xbfff]
déc. 13 17:55:40 seshat kernel: pci_bus 0000:02: resource 1 [mem 0xc1a00000-0xc1bfffff]
déc. 13 17:55:40 seshat kernel: pci_bus 0000:02: resource 2 [mem 0x800100000-0x8001fffff 64bit pref]
déc. 13 17:55:40 seshat kernel: pci_bus 0000:03: resource 0 [io  0xa000-0xafff]
déc. 13 17:55:40 seshat kernel: pci_bus 0000:03: resource 1 [mem 0xc1800000-0xc19fffff]
déc. 13 17:55:40 seshat kernel: pci_bus 0000:03: resource 2 [mem 0x800200000-0x8002fffff 64bit pref]
déc. 13 17:55:40 seshat kernel: pci_bus 0000:04: resource 0 [io  0x9000-0x9fff]
déc. 13 17:55:40 seshat kernel: pci_bus 0000:04: resource 1 [mem 0xc1600000-0xc17fffff]
déc. 13 17:55:40 seshat kernel: pci_bus 0000:04: resource 2 [mem 0x800500000-0x8006fffff 64bit pref]
déc. 13 17:55:40 seshat kernel: pci_bus 0000:05: resource 0 [io  0x8000-0x8fff]
déc. 13 17:55:40 seshat kernel: pci_bus 0000:05: resource 1 [mem 0xc1400000-0xc15fffff]
déc. 13 17:55:40 seshat kernel: pci_bus 0000:05: resource 2 [mem 0x800300000-0x8003fffff 64bit pref]
déc. 13 17:55:40 seshat kernel: pci_bus 0000:06: resource 0 [io  0x7000-0x7fff]
déc. 13 17:55:40 seshat kernel: pci_bus 0000:06: resource 1 [mem 0xc1200000-0xc13fffff]
déc. 13 17:55:40 seshat kernel: pci_bus 0000:06: resource 2 [mem 0x800400000-0x8004fffff 64bit pref]
déc. 13 17:55:40 seshat kernel: pci_bus 0000:07: resource 0 [io  0x6000-0x6fff]
déc. 13 17:55:40 seshat kernel: pci_bus 0000:07: resource 1 [mem 0xc1000000-0xc11fffff]
déc. 13 17:55:40 seshat kernel: pci_bus 0000:07: resource 2 [mem 0x800700000-0x8008fffff 64bit pref]
déc. 13 17:55:40 seshat kernel: ACPI: \_SB_.GSIG: Enabled at IRQ 22
déc. 13 17:55:40 seshat kernel: PCI: CLS 0 bytes, default 64
déc. 13 17:55:40 seshat kernel: Trying to unpack rootfs image as initramfs...
déc. 13 17:55:40 seshat kernel: PCI-DMA: Using software bounce buffering for IO (SWIOTLB)
déc. 13 17:55:40 seshat kernel: software IO TLB: mapped [mem 0x0000000070add000-0x0000000074add000] (64MB)
déc. 13 17:55:40 seshat kernel: clocksource: tsc: mask: 0xffffffffffffffff max_cycles: 0x1fa2ebd9b85, max_idle_ns: 440795259329 ns
déc. 13 17:55:40 seshat kernel: Initialise system trusted keyrings
déc. 13 17:55:40 seshat kernel: Key type blacklist registered
déc. 13 17:55:40 seshat kernel: workingset: timestamp_bits=36 max_order=20 bucket_order=0
déc. 13 17:55:40 seshat kernel: zbud: loaded
déc. 13 17:55:40 seshat kernel: squashfs: version 4.0 (2009/01/31) Phillip Lougher
déc. 13 17:55:40 seshat kernel: fuse: init (API version 7.39)
déc. 13 17:55:40 seshat kernel: integrity: Platform Keyring initialized
déc. 13 17:55:40 seshat kernel: integrity: Machine keyring initialized
déc. 13 17:55:40 seshat kernel: Key type asymmetric registered
déc. 13 17:55:40 seshat kernel: Asymmetric key parser 'x509' registered
déc. 13 17:55:40 seshat kernel: Block layer SCSI generic (bsg) driver version 0.4 loaded (major 243)
déc. 13 17:55:40 seshat kernel: io scheduler mq-deadline registered
déc. 13 17:55:40 seshat kernel: pcieport 0000:00:02.0: PME: Signaling with IRQ 24
déc. 13 17:55:40 seshat kernel: pcieport 0000:00:02.0: AER: enabled with IRQ 24
déc. 13 17:55:40 seshat kernel: pcieport 0000:00:02.0: pciehp: Slot #0 AttnBtn+ PwrCtrl+ MRL- AttnInd+ PwrInd+ HotPlug+ Surprise+ Interlock+ NoCompl- IbPresDis- LLActRep-
